Iterating over heap. This may take a while...
Object Histogram:

num       #instances    #bytes  Class description
--------------------------------------------------------------------------
1:              1391575 1284235472      char[]
2:              9590757 306904224       java.util.HashMap$Node
3:              354634  233531752       byte[]
4:              232701  62845192        java.util.HashMap$Node[]
5:              1616579 51730528        java.util.concurrent.ConcurrentHashMap$Node
6:              658961  42173504        java.util.concurrent.ConcurrentHashMap
7:              207871  39087048        int[]
8:              364097  34401152        java.util.concurrent.ConcurrentHashMap$Node[]
9:              1329735 31913640        java.lang.String
10:             446491  25003496        java.util.LinkedHashMap
11:             468959  22510032        java.util.HashMap
12:             78445   15689000        org.apache.http.impl.client.HttpClientBuilder
13:             405658  12981056        java.lang.ref.ReferenceQueue
14:             405482  12975424        sun.security.util.MemoryCache
15:             101370  7298640 org.apache.http.impl.conn.CPool
16:             215764  6904448 java.util.LinkedList
17:             405660  6490560 java.lang.ref.ReferenceQueue$Lock
18:             101371  6487744 java.security.SecureRandom
19:             202740  6487680 sun.security.ssl.EphemeralKeyManager$EphemeralKeyPair
20:             202740  6487680 sun.security.ssl.SSLSessionContextImpl
21:             101370  6487680 sun.security.ssl.SSLContextImpl$TLSContext
22:             161079  6443160 java.lang.ref.Finalizer
23:             156890  6275568 org.apache.http.HttpRequestInterceptor[]
24:             160305  6162592 java.lang.Object[]
25:             101372  5676832 sun.security.provider.SHA
26:             78443   5647896 com.jinba.spider.core.HttpMethod
27:             336699  5387184 org.apache.http.config.Registry
28:             89717   5024152 org.apache.http.client.config.RequestConfig
29:             78443   4392808 org.apache.http.client.config.RequestConfig$Builder
30:             78443   4392808 org.apache.http.impl.execchain.MainClientExec
31:             78443   4392808 org.apache.http.impl.client.InternalHttpClient
32:             100493  4019720 java.util.LinkedHashMap$Entry
33:             162573  3901752 java.util.ArrayList
34:             78839   3784272 java.util.TreeMap
35:             156886  3765264 org.apache.http.impl.cookie.RFC6265CookieSpecProvider
36:             156886  3765264 org.apache.http.protocol.ImmutableHttpProcessor
37:             210104  3361664 java.util.HashSet
38:             27382   3285840 java.net.SocksSocketImpl
39:             101768  3256576 java.util.concurrent.locks.ReentrantLock$NonfairSync
40:             101372  3243904 java.security.MessageDigest$Delegate
41:             101372  3243904 sun.security.provider.SecureRandom
42:             101370  3243840 org.apache.http.impl.conn.PoolingHttpClientConnectionManager$ConfigData
43:             101370  3243840 org.apache.http.impl.conn.PoolingHttpClientConnectionManager
44:             101370  3243840 org.apache.http.impl.conn.DefaultHttpClientConnectionOperator
45:             101370  3243840 sun.security.ssl.X509TrustManagerImpl
46:             101370  3243840 org.apache.http.conn.ssl.SSLConnectionSocketFactory
47:             156886  3137720 org.apache.http.HttpResponseInterceptor[]
48:             171841  2749456 java.lang.Object
49:             67659   2706360 org.jsoup.nodes.TextNode
50:             78443   2510176 org.apache.http.impl.execchain.RedirectExec
51:             156886  2510176 org.apache.http.protocol.RequestTargetHost
52:             156886  2510176 org.apache.http.protocol.RequestUserAgent
53:             78443   2510176 org.apache.http.impl.cookie.DefaultCookieSpecProvider
54:             101516  2436384 java.util.concurrent.atomic.AtomicLong
55:             101370  2432880 sun.security.ssl.EphemeralKeyManager$EphemeralKeyPair[]
56:             101370  2432880 org.apache.http.conn.ssl.DefaultHostnameVerifier
57:             101370  2432880 org.apache.http.impl.conn.PoolingHttpClientConnectionManager$InternalConnectionFactory
58:             60772   2430880 java.math.BigDecimal
59:             27382   2409616 java.net.DualStackPlainSocketImpl
60:             97162   2331888 org.jsoup.nodes.Attribute
61:             26781   2142480 com.jinba.pojo.XiaoQuEntity
62:             48249   1929960 com.jinba.scheduled.dianping.ImageClawer
63:             78443   1882632 org.apache.http.client.protocol.ResponseContentEncoding
64:             78443   1882632 org.apache.http.impl.client.HttpClientBuilder$2
65:             78443   1882632 org.apache.http.impl.execchain.ProtocolExec
66:             78443   1882632 org.apache.http.impl.cookie.NetscapeDraftSpecProvider
67:             78443   1882632 org.apache.http.impl.execchain.RetryExec
68:             77403   1857672 java.util.concurrent.LinkedBlockingQueue$Node
69:             109034  1744544 java.util.concurrent.atomic.AtomicBoolean
70:             41076   1643040 org.jsoup.nodes.Element
71:             101743  1627888 java.util.concurrent.locks.ReentrantLock
72:             101370  1621920 sun.security.ssl.EphemeralKeyManager
73:             101370  1621920 sun.security.ssl.SSLSocketFactoryImpl
74:             16371   1309680 java.net.URI
75:             78445   1255120 java.util.TreeSet
76:             78444   1255104 org.apache.http.cookie.CookieIdentityComparator
77:             78443   1255088 org.apache.http.impl.auth.BasicSchemeFactory
78:             78443   1255088 org.apache.http.protocol.RequestContent
79:             78443   1255088 org.apache.http.impl.client.BasicCredentialsProvider
80:             78443   1255088 org.apache.http.impl.auth.DigestSchemeFactory
81:             78443   1255088 org.apache.http.client.protocol.RequestClientConnControl
82:             78443   1255088 org.apache.http.impl.conn.DefaultRoutePlanner
83:             78443   1255088 org.apache.http.impl.auth.NTLMSchemeFactory
84:             78443   1255088 org.apache.http.client.protocol.RequestExpectContinue
85:             78443   1255088 org.apache.http.impl.auth.SPNegoSchemeFactory
86:             78443   1255088 org.apache.http.protocol.HttpRequestExecutor
87:             78443   1255088 org.apache.http.impl.auth.HttpAuthenticator
88:             78443   1255088 org.apache.http.impl.auth.KerberosSchemeFactory
89:             78443   1255088 org.apache.http.client.protocol.RequestAddCookies
90:             78443   1255088 org.apache.http.conn.routing.BasicRouteDirector
91:             78443   1255088 org.apache.http.impl.client.BasicCookieStore
92:             78443   1255088 org.apache.http.client.protocol.RequestAcceptEncoding
93:             78443   1255088 org.apache.http.impl.cookie.IgnoreSpecProvider
94:             78443   1255088 org.apache.http.client.protocol.RequestAuthCache
95:             78443   1255088 org.apache.http.client.protocol.RequestDefaultHeaders
96:             78443   1255088 org.apache.http.client.protocol.ResponseProcessCookies
97:             12602   1209792 sun.util.calendar.Gregorian$Date
98:             11357   1090272 java.util.jar.JarFile$JarFileEntry
99:             26676   1067040 com.jinba.scheduled.dianping.DianPingDetailClawer
100:            17024   953344  org.apache.http.impl.cookie.BasicClientCookie
101:            28153   900896  org.apache.http.HttpHost
102:            27379   876128  java.net.Socket
103:            27359   875488  java.net.InetAddress$InetAddressHolder
104:            26682   853824  java.util.concurrent.CountDownLatch$Sync
105:            33408   801792  org.apache.http.util.CharArrayBuffer
106:            19024   760960  java.util.TreeMap$Entry
107:            18890   755600  java.io.FileDescriptor
108:            6611    754656  java.lang.Class
109:            14255   684240  java.net.SocketInputStream
110:            14255   684240  java.net.SocketOutputStream
111:            42469   679504  org.jsoup.nodes.Attributes
112:            41452   663232  com.google.common.collect.Count
113:            27352   656448  java.net.Inet4Address
114:            26679   640296  com.jinba.utils.CountDownLatchUtils
115:            37282   596512  java.util.HashMap$KeySet
116:            12376   594048  com.jinba.pojo.ProxyCheckResEntity
117:            21988   527712  org.apache.http.impl.cookie.PublicSuffixDomainFilter
118:            21548   517152  org.apache.http.message.BasicHeader
119:            21131   507144  org.apache.http.message.BufferedHeader
120:            30499   487984  java.util.HashMap$Values
121:            5136    451968  java.lang.reflect.Method
122:            26682   426912  java.util.concurrent.CountDownLatch
123:            5893    424296  org.apache.http.impl.conn.LoggingManagedHttpClientConnection
124:            5893    424296  org.apache.http.impl.conn.CPoolEntry
125:            9916    396640  java.lang.ref.SoftReference
126:            15925   382200  java.util.Date
127:            21988   351808  org.apache.http.impl.cookie.BasicSecureHandler
128:            21988   351808  org.apache.http.impl.cookie.BasicCommentHandler
129:            21988   351808  org.apache.http.impl.cookie.BasicPathHandler
130:            11176   344264  java.lang.String[]
131:            10715   342880  java.lang.ref.WeakReference
132:            10554   337728  org.apache.http.auth.AuthState
133:            5969    334264  org.apache.http.impl.io.SessionInputBufferImpl
134:            7329    293160  org.apache.http.client.methods.HttpGet
135:            5973    286704  org.apache.http.impl.execchain.ConnectionHolder
136:            8939    286048  java.util.Hashtable$Entry
137:            11862   284688  org.apache.http.impl.io.HttpTransportMetricsImpl
138:            11862   284688  org.apache.http.util.ByteArrayBuffer
139:            5893    282864  org.apache.http.impl.conn.DefaultHttpResponseParser
140:            4407    282048  com.mysql.jdbc.ConnectionPropertiesImpl$BooleanConnectionProperty
141:            11462   275088  java.util.concurrent.ConcurrentLinkedQueue$Node
142:            3977    254528  java.net.URL
143:            6277    251080  org.apache.http.conn.routing.HttpRoute
144:            6261    250440  org.apache.http.pool.AbstractConnPool$1
145:            5893    235720  org.apache.http.impl.io.SessionOutputBufferImpl
146:            5893    235720  org.apache.http.impl.HttpConnectionMetricsImpl
147:            14658   234528  org.apache.http.impl.cookie.BasicMaxAgeHandler
148:            4821    231408  java.util.zip.Inflater
149:            14209   227344  org.apache.http.message.HeaderGroup
150:            13225   211600  java.util.concurrent.atomic.AtomicReference
151:            5277    211080  org.apache.http.client.methods.HttpRequestWrapper
152:            12606   201696  org.apache.http.params.BasicHttpParams
153:            7329    175896  org.apache.http.impl.cookie.RFC2109Spec
154:            7329    175896  org.apache.http.impl.cookie.DefaultCookieSpec
155:            7329    175896  org.apache.http.impl.cookie.RFC2965Spec
156:            5387    172384  org.apache.http.cookie.CookieOrigin
157:            2637    168768  sun.nio.cs.ext.DoubleByte$Encoder
158:            5969    143256  org.apache.http.impl.conn.Wire
159:            2947    141456  org.apache.catalina.loader.ResourceEntry
160:            5893    141432  org.apache.http.impl.io.DefaultHttpRequestWriter
161:            3314    132560  org.apache.http.conn.routing.RouteTracker
162:            5277    126648  org.apache.http.protocol.BasicHttpContext
163:            7331    117296  java.util.TreeMap$KeySet
164:            7331    117296  java.util.concurrent.ConcurrentHashMap$EntrySetView
165:            7330    117280  org.apache.http.impl.cookie.BasicDomainHandler
166:            7330    117280  org.apache.http.impl.cookie.BasicExpiresHandler
167:            7329    117264  org.apache.http.impl.cookie.NetscapeDraftSpec
168:            7329    117264  org.apache.http.impl.cookie.RFC2965VersionAttributeHandler
169:            7329    117264  org.apache.http.impl.cookie.RFC2965DomainAttributeHandler
170:            7329    117264  org.apache.http.impl.cookie.RFC2965CommentUrlAttributeHandler
171:            7329    117264  org.apache.http.impl.cookie.RFC2965DiscardAttributeHandler
172:            7329    117264  org.apache.http.impl.cookie.RFC2109VersionHandler
173:            7329    117264  org.apache.http.impl.cookie.RFC2965PortAttributeHandler
174:            7329    117264  org.apache.http.impl.cookie.RFC2109DomainHandler
175:            4821    115704  java.util.zip.ZStreamRef
176:            6751    108016  java.lang.Integer
177:            3271    104672  java.lang.StringCoding$StringEncoder
178:            1793    100408  java.beans.MethodDescriptor
179:            1560    99840   com.mysql.jdbc.ConnectionPropertiesImpl$StringConnectionProperty
180:            362     98256   java.util.Hashtable$Entry[]
181:            4080    97920   java.lang.StringBuilder
182:            1717    96152   com.jinba.scheduled.dianping.DianPingListClawer
183:            5981    95696   org.apache.http.impl.conn.CPoolProxy
184:            5796    93320   org.apache.http.Header[]
185:            3639    87336   java.beans.MethodRef
186:            324     85536   com.mysql.jdbc.JDBC4PreparedStatement
187:            5277    84432   org.apache.http.client.protocol.HttpClientContext
188:            463     81488   com.mysql.jdbc.JDBC4ResultSet
189:            3354    80496   java.net.InetSocketAddress$InetSocketAddressHolder
190:            3318    79632   java.net.InetAddress[]
191:            1092    78624   com.mysql.jdbc.ConnectionPropertiesImpl$IntegerConnectionProperty
192:            1603    76944   org.apache.http.message.BasicHttpResponse
193:            3191    76584   org.apache.http.impl.conn.LoggingInputStream
194:            938     75040   java.lang.reflect.Constructor
195:            3115    74760   org.apache.http.impl.conn.LoggingOutputStream
196:            1761    70440   org.apache.http.entity.BasicHttpEntity
197:            3302    67392   java.lang.Class[]
198:            2780    66720   org.apache.commons.httpclient.Header
199:            1174    65744   java.util.zip.GZIPInputStream
200:            4071    65136   java.util.concurrent.ConcurrentHashMap$ValuesView
201:            657     57816   org.apache.commons.httpclient.methods.GetMethod
202:            3346    53536   java.net.InetSocketAddress
203:            39      44928   com.mysql.jdbc.JDBC4Connection
204:            1759    42216   org.apache.http.impl.execchain.ResponseEntityProxy
205:            657     42048   org.apache.commons.httpclient.HttpConnection
206:            1313    42016   org.apache.commons.httpclient.HostConfiguration
207:            430     41280   org.springframework.beans.GenericTypeAwarePropertyDescriptor
208:            851     40848   org.apache.tomcat.util.modeler.AttributeInfo
209:            838     40224   org.apache.commons.lang3.time.StopWatch
210:            1232    39424   java.lang.ThreadLocal$ThreadLocalMap$Entry
211:            228     38920   char[][]
212:            103     38728   java.lang.Thread
213:            1603    38472   org.apache.http.impl.execchain.HttpResponseProxy
214:            1603    38472   org.apache.http.message.BasicStatusLine
215:            89      37240   short[]
216:            642     35952   sun.nio.cs.US_ASCII$Encoder
217:            1495    35880   org.apache.http.conn.EofSensorInputStream
218:            2225    35600   java.lang.Character
219:            481     34632   java.beans.PropertyDescriptor
220:            324     33696   com.alibaba.druid.proxy.jdbc.PreparedStatementProxyImpl
221:            452     32544   java.lang.reflect.Field
222:            1315    31560   org.apache.commons.httpclient.params.HostParams
223:            1971    31536   org.apache.commons.httpclient.HeaderGroup
224:            1314    31536   org.apache.commons.httpclient.auth.AuthState
225:            1312    31488   org.apache.commons.httpclient.HttpHost
226:            1312    31488   org.apache.commons.httpclient.ProxyHost
227:            655     31440   org.apache.commons.httpclient.HttpMethodDirector
228:            966     29656   boolean[]
229:            1174    28176   org.apache.http.client.entity.LazyDecompressingInputStream
230:            1174    28176   org.apache.http.client.entity.DecompressingEntity
231:            681     27240   java.math.BigInteger
232:            815     26080   sun.security.util.DerValue
233:            815     26080   sun.security.util.DerInputBuffer
234:            324     25920   com.alibaba.druid.proxy.jdbc.JdbcParameter[]
235:            399     25536   java.util.regex.Matcher
236:            795     25440   java.util.concurrent.locks.AbstractQueuedSynchronizer$Node
237:            1562    24992   com.jinba.core.BaseDetailClawer$1
238:            753     24096   com.jinba.spider.proxy.ProxyChecker
239:            568     22720   org.apache.http.impl.io.ContentLengthInputStream
240:            708     22656   javax.management.MBeanAttributeInfo
241:            456     21888   org.apache.http.impl.io.ChunkedInputStream
242:            657     21024   org.apache.commons.httpclient.SimpleHttpConnectionManager
243:            657     21024   org.apache.commons.httpclient.HttpState
244:            657     21024   com.jinba.spider.proxy.HttpHandler
245:            657     21024   org.apache.commons.httpclient.HttpClient
246:            214     20832   java.lang.ThreadLocal$ThreadLocalMap$Entry[]
247:            324     20736   com.mysql.jdbc.PreparedStatement$ParseInfo
248:            99      19800   com.sun.org.apache.xerces.internal.impl.dv.xs.XSSimpleTypeDecl
249:            815     19560   sun.security.util.DerInputStream
250:            805     19320   sun.security.x509.RDN
251:            805     19320   sun.security.x509.AVA
252:            805     19320   sun.security.x509.AVA[]
253:            172     19264   java.util.GregorianCalendar
254:            336     18816   java.lang.Package
255:            1174    18784   java.util.zip.CRC32
256:            382     18336   java.util.concurrent.locks.ReentrantReadWriteLock$NonfairSync
257:            735     17640   org.apache.http.impl.io.IdentityInputStream
258:            236     16992   org.apache.tomcat.util.net.jsse.openssl.Cipher
259:            422     16880   javax.servlet.jsp.tagext.TagAttributeInfo
260:            238     16224   long[]
261:            658     15792   org.apache.commons.httpclient.params.HttpClientParams
262:            657     15768   org.apache.commons.httpclient.params.HttpConnectionParams
263:            657     15768   org.apache.commons.httpclient.params.HttpMethodParams
264:            657     15768   org.apache.commons.httpclient.params.HttpConnectionManagerParams
265:            652     15648   sun.nio.cs.Surrogate$Parser
266:            324     15552   com.alibaba.druid.pool.PreparedStatementHolder
267:            108     15552   org.springframework.beans.factory.support.RootBeanDefinition
268:            324     15552   com.alibaba.druid.pool.DruidPooledPreparedStatement$PreparedStatementKey
269:            637     15288   java.util.LinkedList$Node
270:            671     15072   byte[][]
271:            302     14496   org.apache.tomcat.util.digester.CallMethodRule
272:            450     14400   sun.security.util.ObjectIdentifier
273:            442     14144   org.jsoup.nodes.DataNode
274:            347     13880   java.util.ArrayList$SubList
275:            347     13880   java.util.ArrayList$SubList$1
276:            96      13824   java.text.DecimalFormat
277:            125     13712   java.util.WeakHashMap$Entry[]
278:            284     13632   org.apache.tomcat.util.modeler.OperationInfo
279:            186     13392   java.util.logging.Logger
280:            540     12960   org.apache.http.HttpHost[]
281:            381     12192   com.sun.org.apache.xerces.internal.xni.QName
282:            603     12176   java.lang.reflect.Type[]
283:            213     11928   java.util.ResourceBundle$CacheKey
284:            298     11920   java.util.WeakHashMap$Entry
285:            492     11808   sun.reflect.generics.tree.SimpleClassTypeSignature
286:            363     11616   com.mysql.jdbc.JDBC4DatabaseMetaData
287:            234     11232   java.util.Hashtable
288:            348     11136   sun.misc.FDBigInteger
289:            457     10968   java.util.jar.Attributes$Name
290:            193     10808   sun.util.calendar.ZoneInfo
291:            267     10680   javax.management.MBeanOperationInfo
292:            188     10528   java.lang.invoke.MemberName
293:            655     10480   org.apache.commons.httpclient.auth.AuthChallengeProcessor
294:            435     10440   org.jsoup.nodes.BooleanAttribute
295:            213     10224   java.util.ResourceBundle$BundleReference
296:            201     9648    sun.security.x509.X500Name
297:            78      9592    java.lang.reflect.Method[]
298:            64      9536    java.beans.MethodDescriptor[]
299:            117     9360    com.mysql.jdbc.ConnectionPropertiesImpl$MemorySizeConnectionProperty
300:            492     9352    sun.reflect.generics.tree.TypeArgument[]
301:            383     9192    org.apache.http.entity.ContentType
302:            383     9192    java.util.concurrent.locks.ReentrantReadWriteLock
303:            286     9152    sun.security.x509.AlgorithmId
304:            283     9056    org.apache.commons.io.output.ByteArrayOutputStream
305:            377     9048    org.apache.http.message.BasicNameValuePair
306:            188     9024    java.util.logging.LogManager$LoggerWeakRef
307:            23      9016    com.alibaba.druid.stat.JdbcSqlStat
308:            373     8928    org.apache.http.NameValuePair[]
309:            371     8904    org.apache.http.entity.BufferedHttpEntity
310:            366     8784    sun.reflect.NativeConstructorAccessorImpl
311:            2       8224    com.alibaba.fastjson.util.IdentityHashMap$Entry[]
312:            325     7800    java.lang.Long
313:            321     7704    java.util.concurrent.CopyOnWriteArrayList
314:            95      7600    sun.security.x509.X509CertImpl
315:            186     7440    sun.nio.cs.UTF_8$Decoder
316:            131     7336    sun.nio.cs.UTF_8$Encoder
317:            112     7168    org.springframework.core.MethodParameter
318:            201     6968    sun.security.x509.RDN[]
319:            215     6880    org.apache.tomcat.util.modeler.ParameterInfo
320:            427     6832    sun.reflect.generics.tree.ClassTypeSignature
321:            213     6816    java.util.ResourceBundle$LoaderReference
322:            426     6816    java.util.Collections$UnmodifiableSet
323:            426     6816    java.util.HashMap$EntrySet
324:            212     6784    javax.management.MBeanParameterInfo
325:            212     6784    java.io.ByteArrayInputStream
326:            204     6528    java.util.Vector
327:            62      6448    org.springframework.beans.factory.support.GenericBeanDefinition
328:            400     6400    java.util.LinkedHashSet
329:            100     6400    java.text.DateFormatSymbols
330:            395     6320    sun.reflect.DelegatingConstructorAccessorImpl
331:            92      6312    javax.management.MBeanAttributeInfo[]
332:            98      6272    java.text.DecimalFormatSymbols
333:            196     6272    java.lang.invoke.LambdaForm$Name
334:            301     6224    sun.reflect.generics.tree.FieldTypeSignature[]
335:            383     6128    java.util.concurrent.locks.ReentrantReadWriteLock$Sync$ThreadLocalHoldCounter
336:            383     6128    java.util.concurrent.locks.ReentrantReadWriteLock$ReadLock
337:            383     6128    java.util.concurrent.locks.ReentrantReadWriteLock$WriteLock
338:            189     6048    sun.reflect.UnsafeObjectFieldAccessorImpl
339:            94      6016    java.text.SimpleDateFormat
340:            250     6000    java.lang.Class$AnnotationData
341:            149     5960    org.springframework.beans.factory.config.ConstructorArgumentValues$ValueHolder
342:            284     5952    org.apache.tomcat.util.modeler.ParameterInfo[]
343:            115     5872    java.beans.PropertyDescriptor[]
344:            81      5832    sun.reflect.DelegatingClassLoader
345:            241     5784    com.alibaba.druid.sql.parser.Token
346:            144     5760    org.apache.log4j.Logger
347:            120     5760    java.util.WeakHashMap
348:            94      5640    java.lang.ref.SoftReference[]
349:            174     5568    org.jsoup.parser.Tag
350:            139     5560    java.security.ProtectionDomain
351:            229     5496    java.security.Provider$ServiceKey
352:            229     5496    org.apache.log4j.CategoryKey
353:            76      5472    java.util.regex.Pattern
354:            97      5432    org.springframework.beans.PropertyValue
355:            96      5376    sun.nio.cs.ext.DoubleByte$Decoder
356:            95      5320    sun.security.util.MemoryCache$SoftCacheEntry
357:            95      5320    sun.security.x509.X509CertInfo
358:            131     5240    java.lang.invoke.MethodType
359:            218     5232    java.io.ByteArrayOutputStream
360:            324     5184    java.io.InputStream[]
361:            214     5136    java.lang.ThreadLocal$ThreadLocalMap
362:            106     5088    java.util.Properties
363:            105     5040    org.springframework.util.ConcurrentReferenceHashMap$SoftEntryReference
364:            89      4984    java.security.Provider$Service
365:            124     4960    sun.reflect.generics.repository.MethodRepository
366:            103     4944    org.apache.tomcat.util.buf.ByteChunk
367:            203     4872    com.alibaba.druid.filter.FilterChainImpl
368:            197     4728    javax.management.ImmutableDescriptor
369:            97      4656    java.util.concurrent.ThreadPoolExecutor$Worker
370:            145     4640    com.alibaba.fastjson.util.IdentityHashMap$Entry
371:            144     4608    java.util.Collections$UnmodifiableMap
372:            192     4608    com.sun.org.apache.xerces.internal.util.SymbolHash$Entry
373:            191     4584    java.util.BitSet
374:            191     4584    sun.reflect.generics.factory.CoreReflectionFactory
375:            189     4536    org.apache.juli.ClassLoaderLogManager$LogNode
376:            141     4512    java.security.CodeSource
377:            186     4464    sun.security.provider.JavaKeyStore$TrustedCertEntry
378:            139     4448    java.lang.StringCoding$StringDecoder
379:            92      4416    javax.management.MBeanInfo
380:            69      4416    java.util.jar.JarFile
381:            273     4368    java.lang.Byte
382:            134     4288    java.lang.invoke.MethodType$ConcurrentWeakInternSet$WeakEntry
383:            176     4224    sun.reflect.generics.reflectiveObjects.ParameterizedTypeImpl
384:            175     4200    org.springframework.beans.factory.config.ConstructorArgumentValues
385:            175     4200    org.springframework.beans.MutablePropertyValues
386:            128     4096    com.sun.jmx.mbeanserver.ConvertingMethod
387:            256     4096    java.lang.Short
388:            162     4008    javax.management.MBeanParameterInfo[]
389:            124     3968    java.lang.StackTraceElement
390:            124     3968    sun.reflect.generics.tree.MethodTypeSignature
391:            10      3840    org.apache.tomcat.util.threads.TaskThread
392:            96      3840    java.text.DigitList
393:            80      3840    org.apache.tomcat.util.buf.CharChunk
394:            139     3760    javax.management.ObjectName$Property[]
395:            15      3720    com.mysql.jdbc.MysqlIO
396:            155     3720    javax.management.ObjectName$Property
397:            92      3680    org.springframework.beans.factory.support.DisposableBeanAdapter
398:            65      3640    org.apache.tomcat.util.modeler.ManagedBean
399:            113     3616    org.xml.sax.helpers.LocatorImpl
400:            221     3536    java.util.LinkedHashMap$LinkedKeySet
401:            88      3520    java.io.ObjectStreamField
402:            72      3456    org.apache.tomcat.util.buf.MessageBytes
403:            85      3400    sun.security.rsa.RSAPublicKeyImpl
404:            192     3376    sun.reflect.generics.tree.FormalTypeParameter[]
405:            102     3264    org.springframework.beans.factory.annotation.InjectionMetadata
406:            81      3240    java.security.AccessControlContext
407:            35      3080    java.util.jar.JarVerifier
408:            77      3080    org.apache.tomcat.util.digester.CallParamRule
409:            64      3072    java.beans.BeanDescriptor
410:            191     3056    java.util.LinkedHashMap$LinkedValues
411:            68      3056    java.lang.invoke.LambdaForm$Name[]
412:            126     3024    org.apache.commons.logging.impl.Log4JLogger
413:            63      3024    java.lang.invoke.LambdaForm
414:            94      3008    java.util.Collections$SynchronizedMap
415:            125     3000    sun.reflect.NativeMethodAccessorImpl
416:            124     2976    sun.reflect.generics.scope.MethodScope
417:            74      2960    ch.qos.logback.core.status.InfoStatus
418:            166     2960    java.lang.reflect.TypeVariable[]
419:            28      2912    java.lang.invoke.MethodHandle[]
420:            181     2896    java.util.LinkedHashMap$LinkedEntrySet
421:            45      2880    javax.management.openmbean.OpenMBeanAttributeInfoSupport
422:            88      2816    com.alibaba.fastjson.parser.SymbolTable$Entry
423:            39      2808    com.mysql.jdbc.ConnectionPropertiesImpl$LongConnectionProperty
424:            83      2808    javax.management.MBeanOperationInfo[]
425:            70      2800    javax.management.ObjectName
426:            175     2800    org.springframework.beans.factory.support.MethodOverrides
427:            47      2752    com.sun.org.apache.xerces.internal.util.SymbolHash$Entry[]
428:            49      2744    org.jsoup.nodes.Document
429:            49      2744    java.lang.invoke.MethodTypeForm
430:            49      2744    org.apache.catalina.webresources.JarResource
431:            31      2728    org.apache.catalina.webresources.CachedResource
432:            85      2720    org.apache.log4j.ProvisionNode
433:            85      2720    sun.security.x509.BasicConstraintsExtension
434:            83      2656    sun.security.x509.SubjectKeyIdentifierExtension
435:            55      2640    sun.net.www.MimeEntry
436:            162     2592    sun.reflect.DelegatingMethodAccessorImpl
437:            108     2592    com.sun.org.apache.xerces.internal.util.XMLStringBuffer
438:            64      2560    java.beans.GenericBeanInfo
439:            135     2536    com.sun.jmx.mbeanserver.MXBeanMapping[]
440:            67      2440    java.security.ProtectionDomain[]
441:            76      2432    java.util.zip.ZipCoder
442:            76      2432    sun.security.x509.KeyUsageExtension
443:            75      2400    java.io.File
444:            99      2376    com.sun.org.apache.xerces.internal.xni.XMLString
445:            98      2352    java.lang.StringBuffer
446:            48      2304    com.sun.org.apache.xerces.internal.util.XMLAttributesImpl$Attribute
447:            32      2304    org.apache.catalina.webresources.JarResourceSet
448:            24      2304    com.sun.org.apache.xerces.internal.xni.QName[]
449:            96      2304    org.jsoup.select.Elements
450:            96      2304    java.lang.invoke.LambdaForm$NamedFunction
451:            95      2280    sun.security.util.BitArray
452:            95      2280    sun.security.x509.CertificateValidity
453:            95      2280    sun.security.util.Cache$EqualByteArray
454:            124     2256    sun.reflect.generics.tree.TypeSignature[]
455:            139     2224    java.security.Principal[]
456:            139     2224    java.security.ProtectionDomain$Key
457:            46      2208    sun.util.locale.LocaleObjectCache$CacheEntry
458:            68      2176    sun.reflect.generics.repository.ClassRepository
459:            68      2176    com.mysql.jdbc.VersionedStringProperty
460:            68      2176    java.lang.invoke.DirectMethodHandle
461:            45      2160    java.nio.HeapByteBuffer
462:            90      2160    java.util.regex.Pattern$Single
463:            67      2144    sun.reflect.generics.reflectiveObjects.WildcardTypeImpl
464:            89      2136    java.util.regex.Pattern$Slice
465:            89      2136    java.util.regex.Pattern$GroupTail
466:            88      2112    java.util.regex.Pattern$GroupHead
467:            88      2112    org.springframework.core.convert.converter.GenericConverter$ConvertiblePair
468:            44      2112    sun.misc.URLClassPath$JarLoader
469:            37      2072    java.util.regex.Pattern$GroupHead[]
470:            86      2064    sun.security.x509.CertificateExtensions
471:            1       2064    com.alibaba.fastjson.parser.SymbolTable$Entry[]
472:            64      2048    java.util.regex.Pattern$Curly
473:            51      2040    org.springframework.beans.factory.annotation.InitDestroyAnnotationBeanPostProcessor$Life
cycleMetadata
474:            84      2016    java.util.concurrent.ConcurrentLinkedQueue
475:            84      2016    java.security.Provider$UString
476:            49      1960    org.jsoup.nodes.Document$OutputSettings
477:            61      1952    java.util.regex.Pattern$Branch
478:            48      1920    ch.qos.logback.core.joran.event.StartEvent
479:            47      1880    sun.misc.FloatingDecimal$BinaryToASCIIBuffer
480:            46      1840    sun.security.ec.NamedCurve
481:            115     1840    sun.security.x509.KeyIdentifier
482:            76      1824    java.util.ArrayDeque
483:            74      1776    sun.reflect.annotation.AnnotationInvocationHandler
484:            31      1736    org.apache.tomcat.util.res.StringManager$1
485:            108     1728    org.apache.juli.logging.DirectJDKLog
486:            61      1704    java.util.regex.Pattern$Node[]
487:            15      1680    sun.nio.ch.SocketChannelImpl
488:            105     1680    sun.security.x509.SerialNumber
489:            35      1680    org.apache.commons.httpclient.Cookie
490:            69      1656    com.sun.jmx.mbeanserver.NamedObject
491:            51      1632    java.security.Permissions
492:            68      1632    sun.reflect.generics.tree.ClassSignature
493:            68      1632    sun.reflect.generics.scope.ClassScope
494:            68      1632    org.apache.catalina.util.LifecycleSupport
495:            34      1632    java.nio.HeapCharBuffer
496:            51      1632    com.sun.org.apache.xerces.internal.util.AugmentationsImpl$SmallContainer
497:            67      1608    sun.reflect.generics.tree.Wildcard
498:            50      1600    org.apache.tomcat.util.digester.SetNextRule
499:            40      1600    sun.management.DiagnosticCommandArgumentInfo
500:            49      1568    org.jsoup.nodes.DocumentType
501:            49      1568    org.apache.tomcat.util.digester.ObjectCreateRule
502:            39      1560    com.mysql.jdbc.util.ReadAheadInputStream
503:            65      1560    java.io.BufferedOutputStream
504:            97      1552    org.springframework.expression.common.LiteralExpression
505:            97      1552    java.util.concurrent.atomic.AtomicInteger
506:            64      1536    org.apache.jasper.compiler.JspUtil$ValidAttribute
507:            48      1536    com.sun.org.apache.xerces.internal.impl.xs.traversers.OneAttr
508:            32      1536    com.sun.org.apache.xerces.internal.impl.dv.xs.DecimalDV$XDecimal
509:            48      1536    ch.qos.logback.core.joran.event.EndEvent
510:            48      1536    java.io.FilePermission
511:            95      1520    sun.security.x509.CertificateAlgorithmId
512:            95      1520    sun.security.x509.CertificateX509Key
513:            95      1520    sun.security.x509.CertificateVersion
514:            95      1520    sun.security.x509.CertificateSerialNumber
515:            47      1504    com.sun.org.apache.xerces.internal.util.SymbolHash
516:            62      1488    java.util.regex.Pattern$1
517:            37      1480    java.util.PropertyResourceBundle
518:            46      1472    java.security.spec.EllipticCurve
519:            68      1456    sun.reflect.generics.tree.ClassTypeSignature[]
520:            26      1456    org.apache.tomcat.util.descriptor.tld.TagXml
521:            26      1456    org.springframework.core.annotation.AnnotationAttributes
522:            60      1440    org.springframework.beans.factory.config.RuntimeBeanReference
523:            30      1440    java.time.temporal.ValueRange
524:            20      1440    java.util.concurrent.ScheduledThreadPoolExecutor$ScheduledFutureTask
525:            88      1408    org.springframework.core.convert.support.GenericConversionService$ConvertersForPair
526:            15      1376    java.lang.Byte[]
527:            43      1376    com.mysql.jdbc.Buffer
528:            1       1376    sun.misc.FDBigInteger[]
529:            56      1344    java.security.spec.ECPoint
530:            42      1344    sun.reflect.generics.reflectiveObjects.TypeVariableImpl
531:            15      1320    com.alibaba.druid.pool.DruidConnectionHolder
532:            55      1320    java.util.regex.Pattern$Start
533:            39      1280    java.math.BigInteger[]
534:            32      1280    sun.security.x509.AuthorityKeyIdentifierExtension
535:            32      1280    org.springframework.util.ConcurrentReferenceHashMap$Segment
536:            3       1272    com.sun.org.apache.xerces.internal.util.SymbolTable$Entry[]
537:            41      1264    com.sun.org.apache.xerces.internal.impl.xs.traversers.OneAttr[]
538:            52      1248    org.springframework.beans.CachedIntrospectionResults
539:            52      1248    java.util.concurrent.locks.AbstractQueuedSynchronizer$ConditionObject
540:            39      1248    com.mysql.jdbc.NonRegisteringDriver$ConnectionPhantomReference
541:            52      1248    com.sun.org.apache.xerces.internal.util.SymbolTable$Entry
542:            76      1216    java.util.jar.Attributes
543:            15      1200    com.alibaba.druid.stat.JdbcConnectionStat$Entry
544:            30      1200    java.time.temporal.ChronoField
545:            32      1192    org.springframework.util.ConcurrentReferenceHashMap$Reference[]
546:            37      1184    org.apache.catalina.util.ManifestResource
547:            37      1184    com.alibaba.druid.sql.ast.expr.SQLBinaryOperator
548:            49      1176    java.io.FilePermissionCollection
549:            49      1176    org.xml.sax.helpers.AttributesImpl
550:            48      1152    org.jsoup.select.Collector$Accumulator
551:            48      1152    java.util.Collections$SynchronizedSet
552:            72      1152    org.jsoup.select.NodeTraversor
553:            20      1120    org.springframework.beans.factory.config.DependencyDescriptor
554:            28      1120    org.apache.tomcat.util.modeler.BaseModelMBean
555:            20      1120    org.springframework.context.annotation.CommonAnnotationBeanPostProcessor$ResourceElement

556:            46      1104    org.springframework.beans.BeanWrapperImpl$PropertyTokenHolder
557:            46      1104    ch.qos.logback.core.spi.ContextAwareBase
558:            46      1104    org.springframework.beans.BeanMetadataAttribute
559:            17      1088    java.nio.DirectByteBuffer
560:            3       1080    com.sun.org.apache.xerces.internal.impl.XMLNSDocumentScannerImpl
561:            45      1080    org.apache.coyote.ActionCode
562:            2       1064    java.lang.Integer[]
563:            3       1056    com.sun.org.apache.xerces.internal.impl.XMLDocumentScannerImpl
564:            65      1040    org.apache.tomcat.util.modeler.NotificationInfo[]
565:            1       1040    sun.text.normalizer.UnicodeSet[]
566:            1       1040    java.lang.Short[]
567:            1       1040    java.lang.Long[]
568:            32      1024    java.util.concurrent.atomic.AtomicLongFieldUpdater$CASUpdater
569:            56      1016    javax.management.MBeanNotificationInfo[]
570:            42      1008    sun.reflect.generics.tree.FormalTypeParameter
571:            58      984     java.lang.reflect.Constructor[]
572:            1       984     com.alibaba.druid.sql.parser.Token[]
573:            61      976     java.util.regex.Pattern$BranchConn
574:            40      960     java.math.BigDecimal$StringBuilderHelper
575:            40      960     org.apache.commons.logging.impl.WeakHashtable$Referenced
576:            15      960     com.alibaba.druid.proxy.jdbc.ConnectionProxyImpl
577:            30      960     java.security.Provider$EngineDescription
578:            1       960     org.apache.tomcat.util.net.jsse.openssl.Cipher[]
579:            39      936     com.mysql.jdbc.NetworkResources
580:            23      920     java.io.BufferedInputStream
581:            23      920     sun.util.locale.BaseLocale$Key
582:            19      912     sun.management.DiagnosticCommandInfo
583:            38      912     java.util.Arrays$ArrayList
584:            53      880     javax.management.MBeanConstructorInfo[]
585:            11      880     java.nio.ByteBuffer[]
586:            7       864     double[]
587:            18      864     org.springframework.scheduling.concurrent.ReschedulingRunnable
588:            36      864     com.sun.org.apache.xerces.internal.impl.xs.traversers.SmallContainer
589:            18      864     org.springframework.scheduling.support.CronSequenceGenerator
590:            35      840     java.util.jar.Manifest
591:            15      840     javax.management.openmbean.ArrayType
592:            21      840     org.springframework.beans.factory.annotation.AutowiredAnnotationBeanPostProcessor$Autowi
redFieldElement
593:            34      816     com.sun.jmx.mbeanserver.PerInterface$MethodAndSig
594:            34      816     org.springframework.http.MediaType
595:            1       816     com.alibaba.druid.pool.DruidConnectionHolder[]
596:            51      816     com.sun.org.apache.xerces.internal.util.AugmentationsImpl
597:            25      808     java.io.ObjectStreamField[]
598:            25      800     java.util.concurrent.atomic.AtomicIntegerFieldUpdater$AtomicIntegerFieldUpdaterImpl
599:            20      800     com.sun.jmx.mbeanserver.MXBeanSupport
600:            33      792     ch.qos.logback.core.pattern.LiteralConverter
601:            11      792     java.util.concurrent.ThreadPoolExecutor
602:            33      792     java.util.regex.Pattern$TreeInfo
603:            2       784     org.apache.tomcat.util.net.NioBlockingSelector$BlockPoller
604:            49      784     ch.qos.logback.core.joran.spi.ElementPath
605:            24      768     org.springframework.beans.factory.config.TypedStringValue
606:            12      768     com.alibaba.druid.pool.PreparedStatementPool$LRUCache
607:            32      768     com.sun.jmx.mbeanserver.DefaultMXBeanMappingFactory$IdentityMapping
608:            24      768     sun.security.x509.OIDMap$OIDInfo
609:            6       768     sun.nio.ch.WindowsSelectorImpl
610:            8       768     com.alibaba.druid.pool.DruidPooledPreparedStatement
611:            32      768     org.springframework.core.convert.support.GenericConversionService$ConverterAdapter
612:            24      768     sun.font.EAttribute
613:            32      768     org.springframework.util.ConcurrentReferenceHashMap$ReferenceManager
614:            31      744     org.apache.tomcat.util.res.StringManager
615:            23      736     java.util.Locale
616:            23      736     sun.util.locale.BaseLocale
617:            46      736     org.jsoup.select.Evaluator$AllElements
618:            24      728     org.apache.catalina.WebResource[]
619:            15      720     java.lang.management.PlatformComponent
620:            3       720     org.apache.catalina.core.StandardWrapper
621:            41      704     java.security.CodeSigner[]
622:            21      672     java.util.PropertyPermission
623:            28      672     org.apache.tomcat.util.digester.ArrayStack
624:            21      672     com.alibaba.druid.sql.ast.expr.SQLIdentifierExpr
625:            21      672     com.sun.jmx.mbeanserver.WeakIdentityHashMap$IdentityWeakReference
626:            41      656     java.util.Hashtable$KeySet
627:            41      656     sun.reflect.BootstrapConstructorAccessorImpl
628:            27      648     java.util.regex.Pattern$Ctype
629:            9       648     org.apache.catalina.valves.AbstractAccessLogValve$DateFormatCache$Cache
630:            20      640     org.jsoup.nodes.Comment
631:            8       640     com.sun.org.apache.xalan.internal.xsltc.trax.TransformerFactoryImpl
632:            16      640     com.sun.jmx.mbeanserver.PerInterface
633:            3       624     java.lang.invoke.LambdaForm[]
634:            39      624     com.mysql.jdbc.log.StandardLogger
635:            39      624     org.apache.commons.logging.LogFactory$1
636:            13      624     org.apache.catalina.webresources.FileResource
637:            7       624     java.lang.StackTraceElement[]
638:            26      624     java.security.spec.ECFieldF2m
639:            19      608     sun.management.DiagnosticCommandImpl$Wrapper
640:            3       600     com.sun.org.apache.xerces.internal.impl.XMLDTDScannerImpl
641:            5       600     ch.qos.logback.core.rolling.helper.RollingCalendar
642:            25      600     sun.nio.cs.CharsetMapping$Entry
643:            25      600     java.time.LocalTime
644:            2       576     org.apache.tomcat.util.net.NioEndpoint
645:            24      576     org.jsoup.nodes.Element$1
646:            19      576     java.lang.annotation.ElementType[]
647:            2       576     java.lang.Thread[]
648:            18      576     java.util.Stack
649:            12      576     ch.qos.logback.classic.Logger
650:            1       576     com.alibaba.druid.pool.DruidDataSource
651:            12      576     sun.util.locale.provider.LocaleResources$ResourceReference
652:            12      576     sun.nio.cs.StreamEncoder
653:            18      576     org.apache.http.message.BasicListHeaderIterator
654:            3       576     com.sun.org.apache.xerces.internal.parsers.XIncludeAwareParserConfiguration
655:            24      576     java.util.Collections$SingletonList
656:            10      560     sun.invoke.util.Wrapper
657:            14      560     javax.management.openmbean.SimpleType
658:            7       560     sun.net.www.protocol.jar.URLJarFile
659:            10      560     sun.nio.cs.ISO_8859_1$Encoder
660:            10      560     java.lang.Class$ReflectionData
661:            4       560     java.lang.Object[][]
662:            35      560     java.util.jar.JarVerifier$3
663:            35      560     ch.qos.logback.core.joran.spi.ElementSelector
664:            23      552     java.util.regex.Pattern$BitClass
665:            23      552     java.util.Collections$UnmodifiableRandomAccessList
666:            23      552     com.alibaba.fastjson.serializer.SerializerFeature
667:            17      544     ch.qos.logback.core.joran.event.BodyEvent
668:            17      544     ch.qos.logback.core.util.CachingDateFormatter
669:            17      544     java.util.regex.Pattern$BnM
670:            17      544     org.springframework.core.convert.TypeDescriptor
671:            24      544     java.lang.annotation.Annotation[]
672:            17      544     com.alibaba.druid.support.logging.Log4jImpl
673:            1       528     org.apache.catalina.core.StandardContext
674:            15      528     org.apache.jasper.compiler.JspUtil$ValidAttribute[]
675:            22      528     org.apache.commons.httpclient.cookie.RFC2109Spec
676:            3       528     com.sun.org.apache.xerces.internal.impl.dtd.XMLDTDValidator
677:            11      528     java.util.concurrent.LinkedBlockingQueue
678:            1       528     java.lang.Character[]
679:            3       528     com.sun.org.apache.xerces.internal.impl.dtd.XMLNSDTDValidator
680:            13      520     java.util.HashMap$KeyIterator
681:            5       520     org.apache.tomcat.util.digester.Digester
682:            13      520     java.lang.invoke.MethodHandleImpl$IntrinsicMethodHandle
683:            5       520     org.springframework.context.annotation.ScannedGenericBeanDefinition
684:            16      512     java.time.temporal.ChronoUnit
685:            21      504     sun.security.x509.AVAKeyword
686:            21      504     java.util.Locale$LocaleKey
687:            9       504     javax.management.openmbean.CompositeType
688:            19      488     sun.management.DiagnosticCommandArgumentInfo[]
689:            15      480     java.lang.Exception
690:            10      480     ch.qos.logback.core.rolling.helper.DateTokenConverter
691:            10      480     java.io.BufferedReader
692:            3       480     com.sun.org.apache.xerces.internal.impl.xs.SchemaGrammar$BuiltinSchemaGrammar
693:            12      480     com.sun.org.apache.xerces.internal.impl.dtd.XMLSimpleType
694:            10      480     sun.nio.cs.StreamDecoder
695:            20      480     java.util.concurrent.Executors$RunnableAdapter
696:            2       472     char[][][]
697:            29      464     java.lang.ThreadLocal
698:            6       456     sun.invoke.util.Wrapper[]
699:            19      456     org.apache.tomcat.util.net.jsse.openssl.Encryption
700:            19      448     java.security.cert.Certificate[]
701:            8       448     javax.management.openmbean.OpenMBeanParameterInfoSupport
702:            14      448     sun.security.x509.DistributionPoint
703:            14      448     sun.security.x509.URIName
704:            14      448     java.io.FileOutputStream
705:            14      448     org.apache.catalina.LifecycleState
706:            28      448     sun.security.x509.GeneralName
707:            11      440     sun.misc.Cleaner
708:            18      432     sun.misc.MetaIndex
709:            18      432     java.text.DateFormat$Field
710:            6       432     org.apache.jasper.compiler.Node$TemplateText
711:            18      432     org.springframework.scheduling.config.CronTask
712:            18      432     org.apache.http.message.BasicRequestLine
713:            27      432     sun.security.x509.GeneralNames
714:            18      432     java.util.zip.CheckedInputStream
715:            18      432     org.springframework.scheduling.support.SimpleTriggerContext
716:            18      432     org.springframework.scheduling.support.ScheduledMethodRunnable
717:            9       424     com.sun.org.apache.xalan.internal.utils.XMLSecurityManager$State[]
718:            17      424     com.sun.org.apache.xalan.internal.utils.FeaturePropertyBase$State[]
719:            13      416     java.awt.Color
720:            13      416     sun.security.x509.CRLDistributionPointsExtension
721:            13      416     java.lang.invoke.SimpleMethodHandle
722:            4       416     com.sun.org.apache.xerces.internal.impl.dv.xs.AbstractDateTimeDV$DateTimeData
723:            26      416     org.eclipse.jdt.internal.compiler.impl.IrritantSet
724:            17      408     java.time.Duration
725:            9       408     org.apache.http.cookie.CommonCookieAttributeHandler[]
726:            10      400     java.lang.invoke.DirectMethodHandle$Accessor
727:            10      400     com.sun.org.apache.xerces.internal.impl.xpath.regex.RangeToken
728:            5       400     ch.qos.logback.core.rolling.RollingFileAppender
729:            5       400     ch.qos.logback.core.rolling.TimeBasedRollingPolicy
730:            1       384     org.apache.juli.ClassLoaderLogManager$Cleaner
731:            1       384     java.lang.ref.Finalizer$FinalizerThread
732:            12      384     java.lang.reflect.Proxy$Key1
733:            1       384     org.apache.juli.AsyncFileHandler$LoggerThread
734:            12      384     java.lang.reflect.WeakCache$CacheValue
735:            12      384     com.sun.org.apache.xerces.internal.util.XMLResourceIdentifierImpl
736:            1       384     java.util.logging.LogManager$Cleaner
737:            16      384     sun.nio.ch.SocketOptionRegistry$RegistryKey
738:            6       384     ch.qos.logback.classic.PatternLayout
739:            24      384     java.lang.Float
740:            12      384     sun.reflect.annotation.AnnotationType
741:            1       384     com.alibaba.druid.pool.DruidDataSource$CreateConnectionThread
742:            16      384     sun.nio.ch.OptionKey
743:            3       384     com.sun.org.apache.xerces.internal.impl.XMLEntityManager
744:            24      384     sun.reflect.generics.tree.TypeVariableSignature
745:            1       384     com.alibaba.druid.pool.DruidDataSource$DestroyConnectionThread
746:            6       384     org.springframework.util.LinkedCaseInsensitiveMap
747:            16      384     org.apache.tomcat.util.http.MimeHeaderField
748:            1       384     org.apache.catalina.startup.Catalina$CatalinaShutdownHook
749:            16      384     org.apache.tomcat.util.descriptor.web.MappedNameRule
750:            1       376     com.mysql.jdbc.AbandonedConnectionCleanupThread
751:            1       376     java.lang.ref.Reference$ReferenceHandler
752:            1       376     sun.misc.GC$Daemon
753:            23      368     java.awt.font.TextAttribute
754:            23      368     com.sun.proxy.$Proxy6
755:            9       360     com.sun.org.apache.xerces.internal.impl.dtd.XMLEntityDecl
756:            9       360     org.springframework.beans.factory.support.ManagedList
757:            9       360     sun.security.ec.ECPublicKeyImpl
758:            15      360     com.mysql.jdbc.StandardSocketFactory
759:            15      360     com.mysql.jdbc.authentication.MysqlOldPasswordPlugin
760:            15      360     com.alibaba.fastjson.parser.Feature
761:            15      360     org.apache.tomcat.util.net.jsse.openssl.KeyExchange
762:            15      360     com.mysql.jdbc.authentication.MysqlNativePasswordPlugin
763:            3       360     com.sun.org.apache.xerces.internal.jaxp.SAXParserImpl$JAXPSAXParser
764:            9       360     sun.nio.ch.SocketAdaptor
765:            15      360     javax.management.StandardMBean
766:            15      360     javax.websocket.CloseReason$CloseCodes
767:            11      352     java.util.regex.Pattern$3
768:            11      352     java.nio.DirectByteBuffer$Deallocator
769:            11      352     com.alibaba.fastjson.parser.ParseContext
770:            4       352     org.springframework.beans.SimpleNonIndexedPropertyDescriptor
771:            22      352     org.apache.commons.httpclient.util.ParameterFormatter
772:            4       352     java.beans.IndexedPropertyDescriptor
773:            7       336     com.sun.jmx.mbeanserver.DefaultMXBeanMappingFactory$CompositeMapping
774:            3       336     sun.font.EAttribute[]
775:            6       336     com.sun.org.apache.xerces.internal.util.XMLAttributesIteratorImpl
776:            14      336     java.beans.PropertyChangeSupport
777:            6       336     sun.nio.ch.SinkChannelImpl
778:            7       336     sun.nio.cs.US_ASCII$Decoder
779:            2       336     org.apache.coyote.Request
780:            14      336     java.util.regex.Pattern$SingleI
781:            14      336     java.lang.RuntimePermission
782:            14      336     java.util.regex.Pattern$5
783:            9       336     com.sun.org.apache.xerces.internal.util.XMLAttributesImpl$Attribute[]
784:            14      336     java.lang.invoke.LambdaFormEditor$Transform$Kind
785:            14      336     java.util.regex.Pattern$Ques
786:            6       336     sun.nio.ch.SourceChannelImpl
787:            14      336     org.springframework.util.AntPathMatcher$AntPathStringMatcher
788:            2       336     org.apache.catalina.connector.Request
789:            6       336     ch.qos.logback.classic.encoder.PatternLayoutEncoder
790:            6       336     sun.management.MemoryPoolImpl
791:            6       336     com.alibaba.druid.pool.DruidPooledConnection
792:            6       336     java.nio.DirectLongBufferU
793:            16      328     java.lang.management.PlatformComponent[]
794:            8       320     org.eclipse.jdt.internal.compiler.lookup.BaseTypeBinding
795:            4       320     org.apache.juli.AsyncFileHandler
796:            10      320     java.security.cert.PolicyQualifierInfo
797:            10      320     java.lang.OutOfMemoryError
798:            5       320     ch.qos.logback.core.rolling.DefaultTimeBasedFileNamingAndTriggeringPolicy
799:            5       320     org.springframework.core.type.classreading.AnnotationMetadataReadingVisitor
800:            10      320     org.apache.coyote.AsyncStateMachine$AsyncState
801:            20      320     java.security.spec.ECFieldFp
802:            2       320     com.mysql.jdbc.StatementImpl
803:            10      320     org.springframework.format.support.FormattingConversionService$AnnotationPrinterConverte
r
804:            10      320     sun.security.jca.ProviderConfig
805:            10      320     org.springframework.format.support.FormattingConversionService$AnnotationParserConverter

806:            10      320     ch.qos.logback.core.rolling.helper.FileNamePattern
807:            8       320     com.sun.org.apache.xerces.internal.utils.XMLSecurityManager$Limit
808:            8       320     sun.nio.cs.ISO_8859_1$Decoder
809:            10      320     java.security.AlgorithmParameters
810:            8       320     java.util.regex.Pattern$Loop
811:            8       320     com.sun.org.apache.xalan.internal.utils.XMLSecurityManager$Limit
812:            3       312     com.alibaba.druid.stat.JdbcConnectionStat
813:            13      312     org.apache.log4j.Level
814:            13      312     java.lang.management.ManagementPermission
815:            6       312     com.sun.org.apache.xerces.internal.impl.xs.util.SimpleLocator[]
816:            6       288     sun.nio.ch.WindowsSelectorImpl$FdMap
817:            9       288     org.apache.tomcat.util.collections.SynchronizedStack
818:            12      288     com.alibaba.druid.sql.ast.expr.SQLCharExpr
819:            9       288     jdk.internal.org.objectweb.asm.Type
820:            9       288     org.springframework.asm.Type
821:            12      288     com.alibaba.druid.pool.PreparedStatementPool
822:            8       288     java.lang.Boolean[]
823:            12      288     java.lang.invoke.Invokers
824:            6       288     com.sun.org.apache.xerces.internal.impl.XMLDocumentFragmentScannerImpl$ElementStack
825:            12      288     java.io.OutputStreamWriter
826:            6       288     sun.misc.URLClassPath
827:            1       288     org.jsoup.parser.TokeniserState[]
828:            18      288     org.springframework.scheduling.support.CronTrigger
829:            12      288     org.apache.tomcat.util.net.jsse.openssl.Authentication
830:            12      288     com.sun.org.apache.xerces.internal.impl.xpath.regex.Token$CharToken
831:            9       288     org.apache.catalina.valves.AbstractAccessLogValve$DateFormatCache
832:            3       288     com.sun.org.apache.xerces.internal.impl.dtd.XMLDTDProcessor
833:            9       288     java.net.URI$Parser
834:            6       288     ch.qos.logback.classic.pattern.ExtendedThrowableProxyConverter
835:            12      288     ch.qos.logback.core.joran.spi.HostClassAndPropertyDouble
836:            4       288     ch.qos.logback.classic.spi.LoggingEvent
837:            6       288     sun.nio.ch.SelectionKeyImpl[]
838:            9       288     java.util.logging.Level
839:            6       288     ch.qos.logback.classic.pattern.DateConverter
840:            5       280     java.lang.String[][]
841:            7       280     java.lang.ClassLoader$NativeLibrary
842:            7       280     org.apache.jasper.compiler.Mark
843:            7       280     java.io.BufferedWriter
844:            17      272     java.nio.channels.spi.AbstractInterruptibleChannel$1
845:            11      264     java.net.StandardSocketOptions$StdSocketOption
846:            11      264     org.apache.http.message.ParserCursor
847:            11      264     org.apache.commons.httpclient.HttpVersion
848:            11      264     sun.nio.ch.Util$BufferCache
849:            16      256     java.util.Formatter$Flags
850:            8       256     org.apache.commons.httpclient.StatusLine
851:            2       256     org.apache.coyote.http11.Http11NioProcessor
852:            8       256     sun.security.x509.CertificatePoliciesExtension
853:            4       256     com.sun.org.apache.xerces.internal.impl.xs.XSElementDecl[]
854:            16      256     org.eclipse.jdt.internal.compiler.impl.IntConstant
855:            8       256     com.sun.org.apache.xalan.internal.utils.XMLSecurityManager
856:            8       256     sun.misc.ProxyGenerator$PrimitiveTypeInfo
857:            4       256     org.apache.juli.DateFormatCache$Cache
858:            8       248     java.lang.invoke.LambdaForm$BasicType[]
859:            3       240     com.sun.org.apache.xerces.internal.impl.xs.XSComplexTypeDecl[]
860:            6       240     org.apache.commons.httpclient.ContentLengthInputStream
861:            6       240     com.sun.org.apache.xerces.internal.impl.validation.ValidationState
862:            6       240     sun.management.MemoryPoolImpl$PoolSensor
863:            6       240     java.util.Formatter$Flags[]
864:            5       240     ch.qos.logback.core.rolling.helper.TimeBasedArchiveRemover
865:            10      240     org.apache.catalina.webresources.EmptyResource
866:            6       240     sun.management.MemoryPoolImpl$CollectionSensor
867:            3       240     org.apache.catalina.core.StandardWrapperValve
868:            10      240     java.util.concurrent.ConcurrentHashMap$KeySetView
869:            10      240     java.io.InputStreamReader
870:            2       240     sun.nio.cs.CharsetMapping$Entry[]
871:            6       240     short[][]
872:            15      240     com.mysql.jdbc.authentication.MysqlClearPasswordPlugin
873:            6       240     com.sun.org.apache.xerces.internal.impl.dtd.XMLDTDDescription
874:            10      240     java.lang.annotation.ElementType
875:            15      240     com.mysql.jdbc.authentication.Sha256PasswordPlugin
876:            6       240     java.util.Formatter$FormatSpecifier
877:            6       240     java.lang.invoke.BoundMethodHandle$SpeciesData[]
878:            5       240     ch.qos.logback.core.recovery.ResilientFileOutputStream
879:            10      240     java.security.CryptoPrimitive
880:            6       240     com.sun.org.apache.xerces.internal.impl.XMLDocumentFragmentScannerImpl$ElementStack2
881:            6       240     java.io.PrintWriter
882:            10      240     sun.security.x509.Extension
883:            6       240     ch.qos.logback.classic.pattern.LoggerConverter
884:            4       224     org.apache.tomcat.util.descriptor.web.LifecycleCallbackRule
885:            14      224     java.beans.PropertyChangeSupport$PropertyChangeListenerMap
886:            4       224     org.apache.tomcat.util.descriptor.web.CallMethodMultiRule
887:            7       224     sun.security.x509.NetscapeCertTypeExtension
888:            2       224     org.apache.catalina.connector.Connector
889:            14      224     sun.security.x509.DNSName
890:            7       224     java.util.concurrent.locks.ReentrantLock$FairSync
891:            9       216     org.springframework.beans.factory.config.BeanExpressionContext
892:            9       216     java.util.regex.Pattern$Prolog
893:            9       216     java.util.logging.Level$KnownLevel
894:            3       216     org.apache.juli.ClassLoaderLogManager$RootLogger
895:            9       216     com.alibaba.druid.util.Histogram
896:            9       216     org.eclipse.jdt.internal.compiler.lookup.TypeConstants$CloseMethodRecord
897:            9       216     org.apache.tomcat.util.net.SocketStatus
898:            3       216     org.apache.http.client.utils.URIBuilder
899:            9       216     org.apache.tomcat.util.buf.StringCache$ByteEntry
900:            9       216     sun.util.logging.PlatformLogger$Level
901:            3       216     com.alibaba.druid.stat.JdbcResultSetStat
902:            9       216     ch.qos.logback.core.rolling.helper.PeriodicityType
903:            3       216     com.alibaba.druid.stat.JdbcStatementStat
904:            9       216     com.alibaba.druid.pool.PreparedStatementPool$MethodType
905:            7       208     java.lang.invoke.LambdaForm$NamedFunction[]
906:            2       208     sun.net.www.protocol.file.FileURLConnection
907:            2       208     org.apache.tomcat.util.net.SocketProperties
908:            1       200     org.apache.coyote.ActionCode[]
909:            5       200     org.apache.tomcat.util.log.UserDataHelper
910:            5       200     org.apache.catalina.mbeans.ContainerMBean
911:            2       200     java.text.DateFormat$Field[]
912:            5       200     java.lang.invoke.BoundMethodHandle$SpeciesData
913:            1       200     org.springframework.beans.factory.support.DefaultListableBeanFactory
914:            4       192     org.apache.tomcat.util.net.NioEndpoint$Poller
915:            4       192     org.apache.tomcat.util.http.MimeHeaderField[]
916:            6       192     ch.qos.logback.classic.pattern.LineSeparatorConverter
917:            8       192     org.jsoup.select.CombiningEvaluator$And
918:            6       192     ch.qos.logback.classic.pattern.MessageConverter
919:            8       192     java.util.regex.Pattern$SliceI
920:            2       192     org.apache.tomcat.util.threads.ThreadPoolExecutor
921:            4       192     float[]
922:            6       192     sun.nio.ch.WindowsSelectorImpl$SubSelector
923:            8       192     org.apache.tomcat.util.digester.SetPropertiesRule
924:            2       192     org.apache.coyote.http11.InternalNioInputBuffer
925:            6       192     com.sun.org.apache.xerces.internal.impl.XMLEntityManager$CharacterBuffer[]
926:            2       192     org.apache.http.impl.client.DefaultHttpClient
927:            8       192     com.sun.org.apache.xalan.internal.utils.FeatureManager
928:            8       192     com.sun.org.apache.xalan.internal.utils.XMLSecurityPropertyManager
929:            2       192     sun.security.provider.Sun
930:            6       192     java.lang.invoke.LambdaForm$BasicType
931:            8       192     org.springframework.core.convert.support.GenericConversionService$ConverterFactoryAdapte
r
932:            6       192     ch.qos.logback.classic.pattern.LevelConverter
933:            6       192     com.sun.org.apache.xerces.internal.impl.dtd.XMLElementDecl
934:            2       192     org.eclipse.jdt.internal.compiler.CompilationResult
935:            2       192     sun.nio.ch.ServerSocketChannelImpl
936:            2       192     sun.net.www.protocol.jar.URLJarFile$URLJarFileEntry
937:            6       192     sun.nio.ch.PollArrayWrapper
938:            6       192     org.apache.tomcat.util.collections.SynchronizedQueue
939:            3       192     com.sun.org.apache.xerces.internal.impl.XMLEntityScanner
940:            8       192     java.math.RoundingMode
941:            2       192     org.apache.coyote.Response
942:            8       192     java.lang.invoke.MethodHandleImpl$Intrinsic
943:            8       192     sun.security.x509.PolicyInformation
944:            6       192     javax.servlet.jsp.tagext.TagVariableInfo
945:            4       192     com.mysql.jdbc.exceptions.jdbc4.MySQLSyntaxErrorException
946:            6       192     org.springframework.http.converter.StringHttpMessageConverter
947:            4       192     org.apache.catalina.util.Extension
948:            6       192     org.apache.catalina.core.StandardPipeline
949:            12      192     sun.security.x509.CertificatePolicyId
950:            2       192     sun.security.jgss.SunProvider
951:            6       192     sun.nio.ch.AllocatedNativeObject
952:            4       192     com.sun.org.apache.xerces.internal.impl.xs.SchemaGrammar$BuiltinAttrDecl
953:            6       192     com.sun.org.apache.xerces.internal.impl.xpath.regex.Token$ClosureToken
954:            4       184     com.sun.org.apache.xerces.internal.utils.XMLSecurityManager$State[]
955:            2       176     org.apache.coyote.RequestInfo
956:            11      176     com.sun.proxy.$Proxy0
957:            11      176     java.util.regex.Pattern$Dot
958:            1       176     org.apache.tomcat.util.descriptor.web.WebXml
959:            11      176     com.sun.proxy.$Proxy4
960:            2       176     org.apache.catalina.deploy.NamingResourcesImpl
961:            11      176     com.sun.org.apache.xerces.internal.impl.xs.util.XInt
962:            2       176     sun.net.www.protocol.jar.JarURLConnection
963:            11      176     java.text.NumberFormat$Field
964:            7       168     ch.qos.logback.classic.Level
965:            1       168     org.apache.catalina.core.StandardHost
966:            7       168     org.apache.tomcat.util.net.jsse.openssl.MessageDigest
967:            3       168     com.sun.org.apache.xerces.internal.impl.xs.XSDDescription
968:            7       168     com.sun.org.apache.xerces.internal.util.FeatureState
969:            1       168     java.math.BigInteger[][]
970:            3       168     com.sun.org.apache.xerces.internal.jaxp.SAXParserImpl
971:            7       168     com.sun.management.VMOption$Origin
972:            7       168     org.apache.tomcat.util.net.AbstractEndpoint$Handler$SocketState
973:            7       168     java.util.regex.Pattern$CharProperty$1
974:            3       168     java.util.zip.ZipFile$ZipFileInflaterInputStream
975:            7       168     org.apache.tomcat.util.net.jsse.openssl.EncryptionLevel
976:            7       168     sun.security.x509.NetscapeCertTypeExtension$MapEntry
977:            3       168     javax.management.openmbean.OpenMBeanOperationInfoSupport
978:            7       168     com.jinba.spider.core.Params
979:            7       168     java.net.NetPermission
980:            1       168     com.alibaba.druid.sql.ast.expr.SQLBinaryOperator[]
981:            3       168     java.util.zip.ZipFile$ZipFileInputStream
982:            5       160     sun.util.locale.provider.LocaleProviderAdapter$Type
983:            5       160     java.lang.invoke.BoundMethodHandle$Species_L
984:            5       160     org.apache.tomcat.util.digester.RulesBase
985:            4       160     java.util.IdentityHashMap
986:            10      160     org.apache.tomcat.util.threads.TaskThread$WrappingRunnable
987:            5       160     java.util.Random
988:            3       160     com.alibaba.fastjson.parser.ParseContext[]
989:            2       160     java.util.zip.ZipEntry
990:            5       160     javax.management.MBeanConstructorInfo
991:            10      160     java.util.regex.Pattern$Begin
992:            5       160     java.net.Inet6Address
993:            5       160     javax.management.StandardEmitterMBean
994:            2       160     com.alibaba.druid.proxy.jdbc.StatementProxyImpl
995:            4       160     org.apache.tomcat.util.descriptor.web.CallParamMultiRule
996:            5       160     ch.qos.logback.core.rolling.helper.Compressor
997:            2       160     org.apache.coyote.http11.InternalNioOutputBuffer
998:            5       160     java.net.Inet6Address$Inet6AddressHolder
999:            5       160     java.util.concurrent.ConcurrentHashMap$ForwardingNode
1000:           5       160     javax.management.MBeanNotificationInfo
1001:           2       160     org.apache.coyote.http11.filters.ChunkedInputFilter
1002:           5       160     sun.security.x509.ExtendedKeyUsageExtension
1003:           5       160     org.apache.naming.NamingContext
1004:           2       160     org.apache.catalina.connector.OutputBuffer
1005:           2       160     org.springframework.util.ConcurrentReferenceHashMap$Segment[]
1006:           10      160     org.springframework.core.convert.support.ObjectToStringConverter
1007:           2       160     com.alibaba.fastjson.parser.JSONScanner
1008:           1       152     org.apache.catalina.session.StandardManager
1009:           2       152     int[][]
1010:           1       152     org.apache.catalina.loader.WebappClassLoader
1011:           2       144     java.math.BigDecimal[]
1012:           1       144     java.lang.reflect.Field[]
1013:           6       144     org.apache.commons.httpclient.WireLogInputStream
1014:           2       144     com.alibaba.fastjson.util.ASMClassLoader
1015:           6       144     org.jsoup.select.QueryParser
1016:           3       144     sun.text.normalizer.CharTrie
1017:           2       144     com.alibaba.druid.stat.JdbcDataSourceStat
1018:           3       144     java.util.Map[]
1019:           6       144     sun.nio.ch.PipeImpl
1020:           6       144     org.apache.catalina.core.ContainerBase$StartStopThreadFactory
1021:           6       144     org.jsoup.parser.TokenQueue
1022:           6       144     sun.security.ssl.ProtocolVersion
1023:           6       144     org.jsoup.select.Evaluator[]
1024:           9       144     java.util.concurrent.atomic.AtomicLongArray
1025:           6       144     org.apache.commons.httpclient.AutoCloseInputStream
1026:           6       144     sun.nio.ch.WindowsSelectorImpl$StartLock
1027:           6       144     sun.security.util.DisabledAlgorithmConstraints$KeySizeConstraint$Operator
1028:           6       144     com.sun.org.apache.xerces.internal.util.Status
1029:           6       144     java.lang.Thread$State
1030:           6       144     org.jsoup.parser.Token$TokenType
1031:           6       144     sun.nio.ch.WindowsSelectorImpl$FinishLock
1032:           9       144     com.sun.proxy.$Proxy5
1033:           9       144     org.springframework.web.context.request.RequestScope
1034:           2       144     org.apache.tomcat.util.http.Parameters
1035:           6       144     sun.misc.PerfCounter
1036:           6       144     java.util.Formatter$FixedString
1037:           6       144     com.sun.org.apache.xerces.internal.impl.dtd.XMLAttributeDecl
1038:           3       144     org.apache.http.pool.AbstractConnPool$2
1039:           3       144     com.sun.org.apache.xerces.internal.util.XMLAttributesImpl
1040:           1       144     org.springframework.web.servlet.mvc.method.annotation.RequestMappingHandlerAdapter
1041:           2       144     org.apache.tomcat.util.descriptor.web.ServletDef
1042:           6       144     ch.qos.logback.core.pattern.FormatInfo
1043:           6       144     com.sun.org.apache.xerces.internal.impl.dtd.DTDGrammarBucket
1044:           1       144     com.mysql.jdbc.Field
1045:           9       144     sun.security.ec.ECParameters
1046:           2       144     org.apache.catalina.connector.InputBuffer
1047:           3       144     java.lang.ThreadGroup
1048:           6       144     org.apache.coyote.http11.AbstractNioInputBuffer$HeaderParsePosition
1049:           1       136     org.apache.catalina.valves.AccessLogValve
1050:           1       136     com.sun.org.apache.xerces.internal.impl.dv.xs.TypeValidator[]
1051:           1       136     java.time.temporal.ChronoField[]
1052:           1       128     org.springframework.web.context.support.XmlWebApplicationContext
1053:           4       128     org.apache.coyote.http11.OutputFilter[]
1054:           2       128     com.alibaba.fastjson.parser.DefaultJSONParser
1055:           4       128     java.util.RegularEnumSet
1056:           4       128     com.google.common.collect.HashMultiset
1057:           2       128     com.alibaba.druid.stat.JdbcDataSourceStat$1
1058:           1       128     org.apache.catalina.core.StandardEngine
1059:           2       128     sun.nio.cs.ext.DoubleByte$Encoder_DBCSONLY
1060:           1       128     org.apache.coyote.http11.Http11NioProtocol
1061:           8       128     org.apache.http.config.RegistryBuilder
1062:           2       128     com.alibaba.druid.sql.dialect.mysql.parser.MySqlLexer
1063:           4       128     org.springframework.web.method.annotation.RequestParamMethodArgumentResolver
1064:           2       128     com.sun.org.apache.xerces.internal.impl.xpath.regex.RegularExpression
1065:           2       128     org.apache.catalina.connector.Response
1066:           2       128     org.apache.catalina.util.ParameterMap
1067:           2       128     java.io.ExpiringCache$1
1068:           4       128     com.sun.jmx.mbeanserver.DefaultMXBeanMappingFactory$ArrayMapping
1069:           4       128     java.io.FileInputStream
1070:           4       128     org.apache.coyote.http11.InputFilter[]
1071:           4       128     sun.util.locale.provider.LocaleServiceProviderPool
1072:           4       128     org.springframework.http.converter.xml.Jaxb2RootElementHttpMessageConverter
1073:           3       120     com.sun.org.apache.xerces.internal.utils.XMLLimitAnalyzer
1074:           5       120     com.sun.org.apache.xerces.internal.utils.XMLSecurityPropertyManager$State
1075:           3       120     com.sun.org.apache.xerces.internal.impl.XMLEntityManager$CharacterBufferPool
1076:           3       120     javax.net.ssl.SSLParameters
1077:           5       120     com.sun.org.apache.xalan.internal.utils.XMLSecurityManager$State
1078:           3       120     com.sun.org.apache.xerces.internal.impl.XMLErrorReporter
1079:           3       120     com.sun.org.apache.xerces.internal.util.SymbolTable
1080:           5       120     org.apache.catalina.valves.AbstractAccessLogValve$FormatType
1081:           5       120     ch.qos.logback.core.rolling.helper.RenameUtil
1082:           3       120     java.lang.invoke.BoundMethodHandle$Species_LL
1083:           5       120     javax.servlet.DispatcherType
1084:           5       120     com.jinba.core.BaseClawer$ActionRes
1085:           3       120     java.util.concurrent.LinkedBlockingDeque
1086:           3       120     com.sun.xml.internal.stream.XMLEntityStorage
1087:           5       120     org.apache.http.message.BasicHeaderElement
1088:           5       120     com.sun.org.apache.xalan.internal.utils.FeaturePropertyBase$State
1089:           5       120     org.apache.tomcat.util.descriptor.tld.TldRuleSet$GenericBooleanRule
1090:           5       120     org.apache.http.auth.AuthProtocolState
1091:           5       120     ch.qos.logback.core.subst.Token$Type
1092:           3       120     com.sun.org.apache.xerces.internal.utils.XMLSecurityManager
1093:           5       120     sun.nio.fs.WindowsPathType
1094:           3       120     com.alibaba.druid.sql.ast.expr.SQLBinaryOpExpr
1095:           5       120     org.apache.http.HeaderElement[]
1096:           5       120     com.sun.org.apache.xerces.internal.util.PropertyState
1097:           5       120     sun.misc.FloatingDecimal$PreparedASCIIToBinaryBuffer
1098:           5       120     javax.management.NotificationBroadcasterSupport
1099:           5       120     com.sun.org.apache.xerces.internal.impl.xs.traversers.LargeContainer
1100:           3       120     org.jsoup.parser.Token$EndTag
1101:           5       120     ch.qos.logback.core.pattern.parser.TokenStream$TokenizerState
1102:           5       120     org.apache.naming.NamingEntry
1103:           5       120     sun.security.jca.ServiceId
1104:           5       120     org.eclipse.jdt.internal.compiler.parser.Scanner$Goal
1105:           3       120     com.sun.org.apache.xerces.internal.impl.XMLVersionDetector
1106:           5       120     com.sun.org.apache.xerces.internal.utils.XMLSecurityManager$State
1107:           5       120     ch.qos.logback.core.util.AggregationType
1108:           5       120     java.util.Collections$SetFromMap
1109:           5       120     org.springframework.core.io.FileSystemResource
1110:           2       112     java.security.CryptoPrimitive[]
1111:           2       112     org.apache.catalina.core.NamingContextListener
1112:           2       112     java.net.SocketPermission
1113:           2       112     org.apache.tomcat.util.net.NioSelectorPool
1114:           4       112     com.sun.org.apache.xerces.internal.utils.XMLSecurityPropertyManager$State[]
1115:           2       112     java.lang.invoke.MethodType[]
1116:           1       112     java.time.LocalTime[]
1117:           1       112     org.apache.catalina.core.StandardServer
1118:           2       112     org.apache.catalina.connector.CoyoteReader
1119:           1       112     org.jsoup.parser.HtmlTreeBuilderState[]
1120:           7       112     org.springframework.util.LinkedMultiValueMap
1121:           2       112     org.apache.tomcat.util.descriptor.web.WebRuleSet
1122:           2       112     org.eclipse.jdt.internal.compiler.lookup.LocalVariableBinding[]
1123:           7       112     org.apache.catalina.valves.AbstractAccessLogValve$StringElement
1124:           1       112     com.alibaba.fastjson.serializer.SerializerFeature[]
1125:           1       112     java.util.concurrent.RunnableScheduledFuture[]
1126:           1       112     org.apache.jasper.JspCompilationContext
1127:           2       112     org.apache.tomcat.util.threads.TaskQueue
1128:           5       112     java.beans.PropertyChangeListener[]
1129:           2       112     org.apache.coyote.RequestGroupInfo
1130:           2       112     org.apache.catalina.mapper.MappingData
1131:           2       112     org.apache.tomcat.util.descriptor.tld.TaglibXml
1132:           2       112     sun.nio.cs.ext.DoubleByte$Decoder_DBCSONLY
1133:           6       104     org.eclipse.jdt.internal.compiler.lookup.ReferenceBinding[]
1134:           1       104     org.apache.catalina.realm.LockOutRealm
1135:           1       104     com.alibaba.druid.proxy.jdbc.ResultSetProxyImpl
1136:           1       104     org.apache.jasper.servlet.JasperLoader
1137:           2       104     ch.qos.logback.core.rolling.helper.PeriodicityType[]
1138:           1       104     org.apache.tomcat.websocket.server.WsServerContainer
1139:           3       96      sun.reflect.UnsafeIntegerFieldAccessorImpl
1140:           1       96      org.apache.tomcat.util.net.jsse.openssl.Encryption[]
1141:           1       96      ch.qos.logback.classic.LoggerContext
1142:           6       96      sun.nio.ch.Util$2
1143:           3       96      org.springframework.web.servlet.mvc.method.annotation.RequestResponseBodyMethodProcessor

1144:           3       96      org.apache.http.message.BasicHeaderElementIterator
1145:           4       96      org.springframework.context.annotation.ScopedProxyMode
1146:           3       96      org.apache.tomcat.util.buf.UDecoder$DecodeException
1147:           2       96      org.apache.catalina.mbeans.NamingResourcesMBean
1148:           6       96      com.sun.org.apache.xerces.internal.impl.XMLDocumentScannerImpl$PrologDriver
1149:           2       96      com.sun.jmx.mbeanserver.MBeanIntrospector$PerInterfaceMap
1150:           4       96      java.util.regex.Pattern$Dollar
1151:           4       96      com.sun.org.apache.xerces.internal.impl.xpath.regex.Token$ParenToken
1152:           3       96      sun.util.locale.provider.LocaleResources
1153:           4       96      com.sun.org.apache.xerces.internal.impl.RevalidationHandler[]
1154:           4       96      org.apache.tomcat.util.descriptor.web.TaglibLocationRule
1155:           6       96      ch.qos.logback.core.spi.AppenderAttachableImpl
1156:           2       96      com.alibaba.druid.sql.dialect.mysql.visitor.MySqlParameterizedOutputVisitor
1157:           4       96      org.springframework.context.support.MessageSourceAccessor
1158:           4       96      com.alibaba.druid.proxy.jdbc.StatementExecuteType
1159:           4       96      org.apache.tomcat.util.log.UserDataHelper$Config
1160:           6       96      com.sun.org.apache.xerces.internal.impl.XMLDocumentScannerImpl$TrailingMiscDriver
1161:           1       96      sun.security.jca.ProviderList$1
1162:           1       96      sun.security.ec.SunEC
1163:           1       96      com.sun.crypto.provider.SunJCE
1164:           2       96      org.apache.catalina.connector.CoyoteWriter
1165:           4       96      com.jinba.pojo.AreaType
1166:           4       96      java.util.concurrent.Executors$DefaultThreadFactory
1167:           3       96      java.text.SimpleDateFormat[]
1168:           4       96      com.sun.org.apache.xerces.internal.impl.xpath.regex.Token$UnionToken
1169:           4       96      org.springframework.http.converter.xml.SourceHttpMessageConverter
1170:           6       96      ch.qos.logback.classic.pattern.EnsureExceptionHandling
1171:           3       96      java.util.concurrent.atomic.AtomicReferenceFieldUpdater$AtomicReferenceFieldUpdaterImpl
1172:           1       96      sun.security.rsa.SunRsaSign
1173:           2       96      java.util.Hashtable$Enumerator
1174:           1       96      sun.security.smartcardio.SunPCSC
1175:           3       96      org.springframework.util.PropertyPlaceholderHelper
1176:           3       96      org.springframework.web.servlet.mvc.method.annotation.HttpEntityMethodProcessor
1177:           3       96      com.sun.org.apache.xalan.internal.utils.XMLSecurityManager$NameMap
1178:           2       96      com.sun.jmx.mbeanserver.MBeanIntrospector$MBeanInfoMap
1179:           4       96      org.apache.tomcat.util.net.jsse.openssl.Protocol
1180:           1       96      com.sun.security.sasl.Provider
1181:           2       96      sun.management.GarbageCollectorImpl
1182:           4       96      org.eclipse.jdt.internal.compiler.ast.NullAnnotationMatching
1183:           4       96      org.apache.catalina.mapper.Mapper$MappedWrapper
1184:           4       96      ch.qos.logback.core.subst.Token
1185:           3       96      java.util.ArrayList$Itr
1186:           1       96      sun.misc.Launcher$AppClassLoader
1187:           3       96      sun.net.spi.DefaultProxySelector$NonProxyInfo
1188:           1       96      com.sun.net.ssl.internal.ssl.Provider
1189:           4       96      org.springframework.web.method.annotation.ModelAttributeMethodProcessor
1190:           2       96      org.apache.catalina.util.StandardSessionIdGenerator
1191:           3       96      com.sun.org.apache.xerces.internal.impl.XMLNSDocumentScannerImpl$NSContentDriver
1192:           4       96      org.apache.http.protocol.ChainBuilder
1193:           4       96      org.apache.tomcat.util.net.AbstractEndpoint$Acceptor$AcceptorState
1194:           4       96      java.util.regex.Pattern$7
1195:           6       96      org.jsoup.select.Evaluator$Tag
1196:           3       96      org.apache.juli.ClassLoaderLogManager$ClassLoaderLogInfo
1197:           4       96      org.apache.catalina.startup.ClassLoaderFactory$RepositoryType
1198:           4       96      com.sun.jmx.mbeanserver.StandardMBeanSupport
1199:           1       96      long[][]
1200:           3       96      sun.net.spi.DefaultProxySelector$3
1201:           3       96      com.sun.org.apache.xerces.internal.utils.XMLSecurityManager$NameMap
1202:           6       96      ch.qos.logback.classic.pattern.TargetLengthBasedClassNameAbbreviator
1203:           4       96      ch.qos.logback.core.pattern.parser.Token
1204:           1       96      org.apache.jasper.servlet.JspServletWrapper
1205:           6       96      org.apache.commons.httpclient.HttpMethodBase$1
1206:           6       96      ch.qos.logback.core.spi.FilterAttachableImpl
1207:           4       96      org.springframework.http.converter.ByteArrayHttpMessageConverter
1208:           3       96      java.nio.channels.SelectionKey[]
1209:           3       96      ch.qos.logback.core.joran.action.AppenderRefAction
1210:           3       96      java.security.BasicPermissionCollection
1211:           4       96      com.jinba.pojo.AnalysisType
1212:           1       96      org.springframework.web.servlet.view.InternalResourceViewResolver
1213:           1       96      org.apache.jasper.EmbeddedServletOptions
1214:           4       96      org.apache.juli.DateFormatCache
1215:           1       96      sun.font.AttributeValues
1216:           6       96      com.alibaba.fastjson.JSONObject
1217:           4       96      org.springframework.util.ConcurrentReferenceHashMap$TaskOption
1218:           1       96      sun.security.mscapi.SunMSCAPI
1219:           4       96      java.sql.SQLPermission
1220:           2       96      java.util.Properties$LineReader
1221:           1       96      com.sun.org.apache.xerces.internal.impl.xpath.regex.RegularExpression[]
1222:           4       96      org.apache.tomcat.util.http.MimeHeaders
1223:           3       96      com.sun.org.apache.xerces.internal.jaxp.SAXParserFactoryImpl
1224:           4       96      org.apache.catalina.WebResourceRoot$ResourceSetType
1225:           3       96      com.sun.org.apache.xerces.internal.util.NamespaceSupport
1226:           3       96      org.apache.coyote.ErrorState
1227:           4       96      org.springframework.web.util.UrlPathHelper
1228:           3       96      com.sun.jmx.mbeanserver.DefaultMXBeanMappingFactory$EnumMapping
1229:           6       96      java.nio.channels.spi.AbstractSelector$1
1230:           1       96      org.jcp.xml.dsig.internal.dom.XMLDSigRI
1231:           4       96      sun.security.jca.GetInstance$Instance
1232:           4       96      java.text.Normalizer$Form
1233:           4       96      java.math.MathContext
1234:           2       96      javax.management.openmbean.TabularType
1235:           3       96      java.io.PrintStream
1236:           4       96      org.springframework.http.converter.ResourceHttpMessageConverter
1237:           6       96      com.sun.org.apache.xerces.internal.impl.XMLDocumentScannerImpl$XMLDeclDriver
1238:           1       88      org.apache.catalina.realm.UserDatabaseRealm
1239:           1       88      com.alibaba.druid.filter.logging.Slf4jLogFilter
1240:           1       88      sun.security.util.ObjectIdentifier[]
1241:           1       88      org.jsoup.parser.HtmlTreeBuilder
1242:           1       88      sun.nio.cs.CharsetMapping
1243:           1       88      sun.misc.Launcher$ExtClassLoader
1244:           1       88      org.springframework.aop.aspectj.annotation.AnnotationAwareAspectJAutoProxyCreator
1245:           1       88      java.lang.Byte[][]
1246:           1       88      java.net.URLClassLoader
1247:           1       88      org.springframework.web.servlet.mvc.method.annotation.RequestMappingHandlerMapping
1248:           1       88      org.apache.jasper.compiler.Node$Root
1249:           2       80      org.apache.tomcat.util.log.SystemLogHandler
1250:           1       80      org.eclipse.jdt.internal.compiler.lookup.ProblemMethodBinding
1251:           1       80      org.springframework.beans.factory.config.PropertyPlaceholderConfigurer
1252:           1       80      org.jsoup.parser.Tokeniser
1253:           2       80      com.sun.jmx.mbeanserver.DefaultMXBeanMappingFactory$TabularMapping
1254:           2       80      sun.management.MemoryManagerImpl
1255:           2       80      org.apache.coyote.AbstractProtocol$RecycledProcessors
1256:           1       80      org.eclipse.jdt.internal.compiler.lookup.ProblemReferenceBinding
1257:           2       80      org.springframework.util.ConcurrentReferenceHashMap
1258:           2       80      org.jsoup.parser.Token$StartTag
1259:           2       80      java.io.ExpiringCache
1260:           5       80      java.util.logging.ErrorManager
1261:           1       80      javax.websocket.CloseReason$CloseCodes[]
1262:           2       80      com.alibaba.druid.pool.DruidPooledStatement
1263:           1       80      java.time.temporal.ChronoUnit[]
1264:           2       80      org.apache.tomcat.util.buf.UEncoder
1265:           2       80      java.util.HashMap$EntryIterator
1266:           2       80      java.lang.invoke.MethodHandleImpl$AsVarargsCollector
1267:           1       80      org.apache.catalina.authenticator.NonLoginAuthenticator
1268:           2       80      java.util.Formatter$FormatString[]
1269:           1       80      java.util.concurrent.ScheduledThreadPoolExecutor
1270:           2       80      com.alibaba.druid.sql.dialect.mysql.parser.MySqlStatementParser
1271:           2       80      org.apache.coyote.http11.filters.IdentityInputFilter
1272:           2       80      javax.servlet.DispatcherType[]
1273:           5       80      org.apache.juli.OneLineFormatter
1274:           1       80      com.alibaba.fastjson.parser.Feature[]
1275:           1       80      org.apache.tomcat.util.net.jsse.openssl.KeyExchange[]
1276:           1       80      org.apache.catalina.webresources.StandardRoot
1277:           2       80      sun.security.provider.JavaKeyStore$DualFormatJKS
1278:           5       80      sun.net.www.protocol.jar.Handler
1279:           2       80      org.apache.catalina.realm.MessageDigestCredentialHandler
1280:           1       80      org.springframework.scheduling.concurrent.ThreadPoolTaskScheduler
1281:           1       80      ch.qos.logback.classic.turbo.ReconfigureOnChangeFilter
1282:           1       80      com.alibaba.druid.sql.dialect.mysql.ast.statement.MySqlSelectQueryBlock
1283:           2       80      org.apache.catalina.mbeans.ConnectorMBean
1284:           2       80      java.util.Locale$Category
1285:           1       80      org.apache.jasper.compiler.JspRuntimeContext
1286:           3       72      ch.qos.logback.core.subst.Tokenizer$TokenizerState
1287:           1       72      org.apache.jasper.runtime.PageContextImpl
1288:           3       72      com.sun.org.apache.xerces.internal.impl.xs.XSGroupDecl[]
1289:           3       72      org.jsoup.nodes.Entities$EscapeMode
1290:           3       72      org.apache.http.impl.conn.PoolingHttpClientConnectionManager$1
1291:           3       72      sun.misc.FloatingDecimal$ExceptionalBinaryToASCIIBuffer
1292:           3       72      java.lang.annotation.RetentionPolicy
1293:           3       72      org.apache.catalina.util.InstanceSupport
1294:           3       72      org.apache.tomcat.util.net.NioChannel
1295:           3       72      com.sun.org.apache.xerces.internal.impl.msg.XMLMessageFormatter
1296:           3       72      java.util.Collections$1
1297:           3       72      javax.servlet.SessionTrackingMode
1298:           3       72      java.time.ZoneOffset
1299:           3       72      org.apache.tomcat.JarScanType
1300:           3       72      ch.qos.logback.core.joran.action.PropertyAction
1301:           1       72      org.eclipse.jdt.internal.compiler.lookup.ReferenceBinding$1
1302:           3       72      org.apache.tomcat.util.http.parser.SkipResult
1303:           1       72      java.util.logging.LogManager$RootLogger
1304:           3       72      org.apache.tomcat.util.log.UserDataHelper$Mode
1305:           1       72      org.springframework.web.servlet.mvc.method.annotation.ExceptionHandlerExceptionResolver
1306:           3       72      com.sun.org.apache.xerces.internal.impl.XMLDocumentScannerImpl$ContentDriver
1307:           1       72      org.apache.catalina.core.StandardService
1308:           1       72      ch.qos.logback.core.ConsoleAppender
1309:           3       72      java.util.Base64$Encoder
1310:           3       72      org.springframework.util.AntPathMatcher
1311:           3       72      org.springframework.web.accept.ContentNegotiationManager
1312:           1       72      sun.util.locale.provider.JRELocaleProviderAdapter
1313:           3       72      java.net.InetSocketAddress[]
1314:           3       72      sun.security.provider.PolicyFile$PolicyEntry
1315:           3       72      org.apache.http.impl.cookie.RFC6265CookieSpecProvider$CompatibilityLevel
1316:           3       72      ch.qos.logback.core.joran.action.ActionUtil$Scope
1317:           3       72      java.security.CodeSigner
1318:           3       72      ch.qos.logback.core.spi.FilterReply
1319:           1       72      org.springframework.web.servlet.handler.BeanNameUrlHandlerMapping
1320:           1       72      java.awt.geom.AffineTransform
1321:           1       72      org.eclipse.jdt.internal.compiler.flow.UnconditionalFlowInfo
1322:           3       72      java.util.concurrent.atomic.AtomicMarkableReference$Pair
1323:           3       72      ch.qos.logback.core.joran.action.NOPAction
1324:           3       72      org.apache.coyote.http11.AbstractNioInputBuffer$HeaderParseStatus
1325:           1       72      org.eclipse.jdt.internal.compiler.lookup.TypeBinding$1
1326:           3       72      ch.qos.logback.core.rolling.helper.CompressionMode
1327:           1       72      java.util.ResourceBundle$RBClassLoader
1328:           1       72      java.lang.invoke.LambdaFormEditor$Transform$Kind[]
1329:           3       72      org.jsoup.nodes.Document$QuirksMode
1330:           3       72      org.springframework.web.method.support.HandlerMethodArgumentResolverComposite
1331:           2       72      sun.security.jca.ProviderConfig[]
1332:           3       72      org.apache.http.HttpVersion
1333:           3       72      com.sun.org.apache.xerces.internal.parsers.AbstractSAXParser$LocatorProxy
1334:           3       72      com.sun.org.apache.xerces.internal.impl.validation.ValidationManager
1335:           3       72      com.sun.org.apache.xerces.internal.utils.XMLSecurityPropertyManager
1336:           3       72      java.net.Proxy$Type
1337:           3       72      java.net.InetAddress$CacheEntry
1338:           3       72      org.apache.tomcat.util.net.NioEndpoint$NioBufferHandler
1339:           3       72      org.apache.tomcat.util.descriptor.LocalResolver
1340:           3       72      org.apache.tomcat.util.net.NioEndpoint$SocketProcessor
1341:           3       72      java.io.ExpiringCache$Entry
1342:           3       72      org.apache.tomcat.util.net.AbstractEndpoint$BindState
1343:           3       72      java.util.Currency
1344:           1       72      org.apache.catalina.valves.AbstractAccessLogValve$AccessLogElement[]
1345:           1       72      org.apache.catalina.LifecycleState[]
1346:           1       72      javax.management.openmbean.SimpleType[]
1347:           3       72      sun.security.provider.certpath.X509CertPath
1348:           3       72      java.time.Instant
1349:           1       72      org.apache.coyote.ajp.AjpNioProtocol
1350:           3       72      org.apache.http.conn.util.DomainType
1351:           3       72      org.apache.catalina.core.StandardWrapperFacade
1352:           3       72      java.security.SecurityPermission
1353:           3       72      sun.util.resources.ParallelListResourceBundle$KeySet
1354:           2       64      ch.qos.logback.classic.joran.action.LevelAction
1355:           2       64      com.sun.jmx.mbeanserver.DefaultMXBeanMappingFactory$CollectionMapping
1356:           2       64      com.alibaba.druid.sql.ast.expr.SQLMethodInvokeExpr
1357:           4       64      java.net.Socket$2
1358:           2       64      java.util.AbstractList$Itr
1359:           2       64      java.util.logging.LogManager$LogNode
1360:           2       64      java.util.LinkedHashMap$LinkedKeyIterator
1361:           1       64      com.sun.org.apache.xerces.internal.impl.xs.SchemaGrammar$XSAnyType
1362:           2       64      java.util.Formatter
1363:           2       64      org.apache.tomcat.util.threads.TaskThreadFactory
1364:           2       64      com.jinba.pojo.AnalysisType[]
1365:           2       64      com.jinba.pojo.TargetEntity
1366:           2       64      sun.nio.ch.ServerSocketAdaptor
1367:           2       64      org.apache.tomcat.util.http.HttpMessages
1368:           2       64      java.lang.ClassValue$Entry
1369:           2       64      org.apache.http.message.BasicTokenIterator
1370:           1       64      org.apache.catalina.realm.LockOutRealm$1
1371:           2       64      org.springframework.context.annotation.ScopedProxyMode[]
1372:           2       64      com.alibaba.druid.sql.ast.statement.SQLExprTableSource
1373:           4       64      sun.security.ssl.TrustManagerFactoryImpl$1
1374:           2       64      java.lang.annotation.RetentionPolicy[]
1375:           2       64      com.sun.org.apache.xerces.internal.utils.XMLSecurityPropertyManager$Property
1376:           2       64      org.springframework.context.event.AbstractApplicationEventMulticaster$ListenerRetriever
1377:           1       64      org.apache.catalina.mapper.Mapper$ContextVersion
1378:           2       64      java.io.CharArrayWriter
1379:           2       64      org.apache.jasper.compiler.TldCache$TaglibXmlCacheEntry
1380:           2       64      javax.servlet.SessionTrackingMode[]
1381:           4       64      java.net.Socket$3
1382:           1       64      org.springframework.web.servlet.view.AbstractCachingViewResolver$2
1383:           4       64      java.net.InetAddressContainer
1384:           1       64      org.apache.juli.OneLineFormatter$1$1
1385:           2       64      org.apache.coyote.http11.filters.BufferedInputFilter
1386:           2       64      java.io.DataInputStream
1387:           4       64      com.google.common.collect.AbstractMultiset$EntrySet
1388:           2       64      org.apache.coyote.http11.AbstractNioInputBuffer$HeaderParseData
1389:           2       64      org.apache.tomcat.util.http.ServerCookie[]
1390:           2       64      com.sun.org.apache.xalan.internal.utils.XMLSecurityPropertyManager$Property
1391:           3       64      org.apache.catalina.mapper.Mapper$MappedWrapper[]
1392:           4       64      com.sun.proxy.$Proxy1
1393:           2       64      org.apache.coyote.http11.filters.IdentityOutputFilter
1394:           4       64      org.springframework.core.convert.support.CollectionToStringConverter
1395:           1       64      org.springframework.core.type.classreading.CachingMetadataReaderFactory$1
1396:           2       64      com.jinba.spider.core.HttpResponseConfig
1397:           2       64      sun.security.x509.PolicyMappingsExtension
1398:           2       64      org.springframework.http.converter.support.AllEncompassingFormHttpMessageConverter
1399:           2       64      org.apache.tomcat.util.threads.LimitLatch
1400:           1       64      org.apache.juli.ClassLoaderLogManager
1401:           1       64      org.apache.catalina.servlets.DefaultServlet
1402:           2       64      sun.security.x509.SubjectAlternativeNameExtension
1403:           1       64      org.springframework.context.annotation.ConfigurationClassPostProcessor
1404:           2       64      ch.qos.logback.core.joran.spi.ConsoleTarget
1405:           2       64      java.lang.ThreadGroup[]
1406:           1       64      org.apache.tomcat.util.net.jsse.openssl.Authentication[]
1407:           4       64      sun.security.ssl.SSLSessionContextImpl$1
1408:           2       64      com.alibaba.druid.support.profile.ProfileEntry
1409:           2       64      java.lang.ref.ReferenceQueue$Null
1410:           1       64      org.apache.catalina.loader.WebappLoader
1411:           2       64      org.apache.tomcat.util.threads.LimitLatch$Sync
1412:           1       64      org.apache.catalina.webresources.DirResourceSet
1413:           1       64      org.apache.catalina.core.ApplicationContext
1414:           2       64      sun.misc.FloatingDecimal$ASCIIToBinaryBuffer
1415:           2       64      java.lang.reflect.WeakCache$CacheKey
1416:           2       64      org.springframework.util.ConcurrentReferenceHashMap$TaskOption[]
1417:           4       64      org.springframework.core.convert.support.CollectionToArrayConverter
1418:           2       64      java.lang.VirtualMachineError
1419:           2       64      sun.security.x509.PrivateKeyUsageExtension
1420:           2       64      org.apache.catalina.util.ContextName
1421:           2       64      com.sun.jndi.ldap.pool.Pool
1422:           2       64      java.security.KeyStore
1423:           2       64      com.alibaba.druid.sql.dialect.mysql.parser.MySqlExprParser
1424:           2       64      org.apache.tomcat.util.http.LegacyCookieProcessor
1425:           1       56      com.sun.org.apache.xerces.internal.impl.dv.XSSimpleType[]
1426:           1       56      org.apache.commons.logging.impl.WeakHashtable
1427:           1       56      java.util.Locale[]
1428:           1       56      org.apache.catalina.mbeans.MemoryUserDatabaseMBean
1429:           1       56      java.util.logging.ConsoleHandler
1430:           1       56      java.lang.Runnable[]
1431:           1       56      org.apache.coyote.AsyncStateMachine$AsyncState[]
1432:           1       56      org.eclipse.jdt.internal.compiler.ast.IntLiteral
1433:           1       56      org.springframework.core.env.PropertySourcesPropertyResolver
1434:           1       56      org.eclipse.jdt.internal.compiler.lookup.TypeConstants$CloseMethodRecord[]
1435:           1       56      org.apache.catalina.core.DefaultInstanceManager
1436:           1       56      org.apache.catalina.core.ApplicationFilterConfig[]
1437:           1       56      sun.util.logging.PlatformLogger$Level[]
1438:           1       56      org.apache.tomcat.util.descriptor.web.ContextResource
1439:           1       56      org.apache.catalina.startup.ContextConfig
1440:           1       56      org.apache.catalina.valves.ErrorReportValve
1441:           1       56      org.springframework.expression.spel.support.StandardEvaluationContext
1442:           1       56      java.text.Format[]
1443:           1       56      org.apache.tomcat.util.net.SocketStatus[]
1444:           1       56      org.apache.jasper.compiler.JspConfig$JspProperty
1445:           1       56      java.lang.invoke.LambdaFormEditor$Transform
1446:           1       56      org.apache.tomcat.util.scan.StandardJarScanFilter
1447:           1       56      com.sun.org.apache.xerces.internal.impl.xs.util.XInt[]
1448:           1       56      org.apache.catalina.webresources.Cache
1449:           1       56      com.alibaba.druid.pool.PreparedStatementPool$MethodType[]
1450:           1       56      org.springframework.context.annotation.CommonAnnotationBeanPostProcessor
1451:           2       48      org.apache.tomcat.util.descriptor.web.ServletDefCreateRule
1452:           3       48      org.springframework.web.accept.HeaderContentNegotiationStrategy
1453:           3       48      sun.security.x509.RFC822Name
1454:           2       48      java.nio.charset.CoderResult
1455:           2       48      java.io.File$PathStatus
1456:           2       48      org.eclipse.jdt.internal.compiler.impl.LongConstant
1457:           3       48      com.sun.proxy.$Proxy11
1458:           3       48      org.apache.catalina.realm.RealmBase$AllRolesMode
1459:           2       48      org.springframework.core.convert.support.ArrayToArrayConverter
1460:           1       48      java.beans.WeakIdentityMap$Entry[]
1461:           3       48      sun.text.normalizer.NormalizerBase$QuickCheckResult
1462:           2       48      javax.net.ssl.SSLContext
1463:           2       48      org.apache.catalina.session.ManagerBase$SessionTiming
1464:           2       48      org.apache.http.impl.cookie.DefaultCookieSpecProvider$CompatibilityLevel
1465:           2       48      org.springframework.core.convert.converter.ConvertingComparator
1466:           2       48      java.util.zip.GZIPInputStream$1
1467:           2       48      javax.net.ssl.TrustManager[]
1468:           1       48      org.apache.catalina.users.MemoryUserDatabase
1469:           3       48      org.springframework.web.servlet.mvc.method.annotation.ServletRequestMethodArgumentResolv
er
1470:           1       48      com.alibaba.druid.filter.stat.StatFilter
1471:           2       48      java.net.StandardProtocolFamily
1472:           2       48      sun.nio.cs.ext.EUC_KR
1473:           2       48      org.apache.tomcat.util.descriptor.web.NameRule
1474:           2       48      org.springframework.util.comparator.InvertibleComparator
1475:           2       48      org.apache.tomcat.util.descriptor.web.SetOverrideRule
1476:           1       48      com.sun.beans.util.Cache$CacheEntry[]
1477:           3       48      java.nio.charset.CodingErrorAction
1478:           2       48      org.apache.coyote.AsyncStateMachine
1479:           2       48      org.springframework.web.servlet.mvc.method.annotation.MatrixVariableMethodArgumentResolv
er
1480:           3       48      com.sun.org.apache.xerces.internal.parsers.AbstractSAXParser$AttributesProxy
1481:           1       48      org.apache.tomcat.util.descriptor.web.FilterDef
1482:           3       48      sun.text.normalizer.CharTrie$FriendAgent
1483:           2       48      ch.qos.logback.core.subst.Node$Type
1484:           2       48      org.apache.http.conn.routing.RouteInfo$LayerType
1485:           1       48      org.apache.jasper.compiler.JDTCompiler
1486:           2       48      java.util.logging.Logger$LoggerBundle
1487:           2       48      java.time.LocalDate
1488:           2       48      sun.nio.cs.ext.JIS_X_0212_MS5022X
1489:           1       48      sun.text.normalizer.IntTrie
1490:           2       48      org.apache.tomcat.util.http.ServerCookies
1491:           3       48      java.util.Base64$Decoder
1492:           3       48      org.springframework.web.servlet.mvc.method.annotation.ServletResponseMethodArgumentResol
ver
1493:           2       48      org.apache.tomcat.util.net.AbstractEndpoint$Acceptor[]
1494:           2       48      org.springframework.util.ConcurrentReferenceHashMap$Restructure
1495:           2       48      sun.misc.URLClassPath$FileLoader
1496:           1       48      org.apache.catalina.core.StandardContextValve
1497:           1       48      com.sun.org.apache.xerces.internal.util.URI
1498:           3       48      java.lang.Boolean
1499:           2       48      org.apache.tomcat.util.descriptor.web.IgnoreAnnotationsRule
1500:           3       48      java.util.Hashtable$EntrySet
1501:           1       48      org.apache.tomcat.util.net.jsse.openssl.MessageDigest[]
1502:           1       48      org.springframework.beans.factory.annotation.AutowiredAnnotationBeanPostProcessor
1503:           2       48      org.apache.tomcat.util.descriptor.web.AbsoluteOrderingRule
1504:           3       48      com.sun.org.apache.xerces.internal.impl.dv.dtd.ListDatatypeValidator
1505:           2       48      org.apache.tomcat.util.descriptor.web.ServiceQnameRule
1506:           1       48      sun.text.resources.FormatData
1507:           1       48      org.eclipse.jdt.internal.compiler.lookup.FieldBinding
1508:           3       48      sun.text.normalizer.VersionInfo
1509:           1       48      ch.qos.logback.core.joran.spi.InterpretationContext
1510:           2       48      org.apache.tomcat.util.net.NioEndpoint$Acceptor
1511:           1       48      org.apache.log4j.Hierarchy
1512:           2       48      org.apache.tomcat.util.net.NioBlockingSelector
1513:           3       48      org.apache.catalina.InstanceListener[]
1514:           2       48      com.sun.jmx.mbeanserver.WeakIdentityHashMap
1515:           2       48      java.time.OffsetTime
1516:           2       48      com.alibaba.druid.sql.ast.SQLOrderingSpecification
1517:           2       48      javax.el.ExpressionFactory$CacheValue
1518:           2       48      java.sql.DriverInfo
1519:           2       48      org.apache.tomcat.util.descriptor.web.VersionRule
1520:           2       48      org.apache.tomcat.util.descriptor.web.RelativeOrderingRule
1521:           2       48      org.jsoup.nodes.Document$OutputSettings$Syntax
1522:           3       48      java.util.concurrent.atomic.AtomicMarkableReference
1523:           3       48      org.eclipse.jdt.internal.compiler.lookup.VariableBinding[]
1524:           2       48      org.apache.jasper.compiler.Node$Nodes
1525:           3       48      com.sun.org.apache.xerces.internal.util.EntityResolver2Wrapper
1526:           2       48      org.springframework.expression.TypedValue
1527:           1       48      org.apache.catalina.core.StandardEngineValve
1528:           2       48      org.springframework.util.ConcurrentReferenceHashMap$ReferenceType
1529:           1       48      org.apache.catalina.mbeans.RoleMBean
1530:           2       48      sun.security.jca.ProviderList
1531:           2       48      org.apache.tomcat.util.buf.UEncoder$SafeCharsSet
1532:           3       48      org.jsoup.select.StructuralEvaluator$ImmediateParent
1533:           1       48      com.sun.jmx.mbeanserver.DefaultMXBeanMappingFactory$Mappings
1534:           2       48      sun.management.ManagementFactoryHelper$1
1535:           2       48      java.net.InetAddress$Cache
1536:           1       48      org.apache.tomcat.util.net.AbstractEndpoint$Handler$SocketState[]
1537:           2       48      javax.annotation.Resource$AuthenticationType
1538:           2       48      org.springframework.web.servlet.mvc.method.annotation.ServletModelAttributeMethodProcess
or
1539:           2       48      org.springframework.core.NamedThreadLocal
1540:           2       48      org.apache.coyote.http11.filters.GzipOutputFilter
1541:           2       48      sun.security.ssl.SSLAlgorithmConstraints
1542:           3       48      org.eclipse.jdt.internal.compiler.lookup.FieldBinding[]
1543:           1       48      org.apache.jasper.runtime.JspWriterImpl
1544:           1       48      org.apache.catalina.core.StandardHostValve
1545:           1       48      org.apache.tomcat.util.descriptor.web.SessionConfig
1546:           3       48      com.sun.proxy.$Proxy9
1547:           3       48      org.jsoup.select.Evaluator$Class
1548:           2       48      com.alibaba.druid.support.profile.ProfileEntryKey
1549:           2       48      sun.net.www.protocol.jar.JarURLConnection$JarURLInputStream
1550:           2       48      sun.security.util.DisabledAlgorithmConstraints$KeySizeConstraint
1551:           3       48      com.sun.org.apache.xerces.internal.impl.dv.dtd.DTDDVFactoryImpl
1552:           2       48      java.lang.reflect.ReflectPermission
1553:           1       48      java.util.concurrent.TimeUnit[]
1554:           2       48      java.net.InetAddress$Cache$Type
1555:           2       48      sun.security.jca.ProviderList$3
1556:           2       48      sun.misc.Signal
1557:           3       48      org.springframework.web.method.annotation.ModelMethodProcessor
1558:           2       48      org.springframework.core.convert.support.GenericConversionService$Converters
1559:           2       48      java.net.InetAddress
1560:           3       48      java.net.SocksSocketImpl$3
1561:           2       48      org.apache.commons.lang3.time.StopWatch$SplitState
1562:           1       48      java.util.concurrent.ConcurrentSkipListMap
1563:           2       48      javax.annotation.Resource$AuthenticationType[]
1564:           1       48      com.sun.management.VMOption$Origin[]
1565:           1       48      org.springframework.core.type.classreading.MethodMetadataReadingVisitor
1566:           1       48      org.apache.catalina.mbeans.UserMBean
1567:           2       48      org.apache.tomcat.util.descriptor.web.SetSessionConfig
1568:           1       48      com.alibaba.druid.sql.dialect.mysql.ast.statement.MySqlInsertStatement
1569:           2       48      sun.security.ssl.TrustManagerFactoryImpl$PKIXFactory
1570:           1       48      sun.text.resources.en.FormatData_en
1571:           3       48      ch.qos.logback.core.spi.LogbackLock
1572:           2       48      org.apache.tomcat.util.descriptor.web.SoapHeaderRule
1573:           3       48      com.sun.org.apache.xerces.internal.util.ErrorHandlerWrapper
1574:           1       48      org.springframework.core.task.SimpleAsyncTaskExecutor
1575:           2       48      org.apache.tomcat.util.descriptor.tld.TldResourcePath
1576:           2       48      org.apache.coyote.http11.filters.GzipOutputFilter$FakeOutputStream
1577:           1       48      java.sql.SQLException
1578:           2       48      org.springframework.web.servlet.mvc.method.annotation.PathVariableMethodArgumentResolver

1579:           1       48      ch.qos.logback.core.joran.action.DefinePropertyAction
1580:           1       48      sun.security.x509.NetscapeCertTypeExtension$MapEntry[]
1581:           2       48      org.springframework.core.Constants
1582:           1       48      org.eclipse.jdt.internal.compiler.flow.FlowContext
1583:           1       48      org.apache.tomcat.util.net.jsse.openssl.EncryptionLevel[]
1584:           2       48      org.apache.http.protocol.HttpProcessorBuilder
1585:           2       48      sun.misc.NativeSignalHandler
1586:           3       48      org.springframework.web.method.annotation.MapMethodProcessor
1587:           1       48      java.util.concurrent.locks.ReentrantReadWriteLock$FairSync
1588:           2       48      org.springframework.jndi.JndiTemplate
1589:           1       48      com.sun.org.apache.xerces.internal.utils.XMLSecurityManager$Limit[]
1590:           2       48      java.security.cert.CertificateFactory
1591:           1       48      org.springframework.scheduling.config.ContextLifecycleScheduledTaskRegistrar
1592:           3       48      com.sun.proxy.$Proxy10
1593:           1       48      java.math.RoundingMode[]
1594:           2       48      sun.security.x509.CertificatePolicyMap
1595:           1       48      java.lang.ProcessEnvironment
1596:           2       48      java.time.LocalDateTime
1597:           1       48      org.apache.catalina.startup.HostConfig
1598:           2       48      org.apache.tomcat.util.descriptor.web.SetLoginConfig
1599:           2       48      sun.net.www.MessageHeader
1600:           1       48      java.util.regex.Pattern$GroupCurly
1601:           2       48      org.apache.tomcat.util.descriptor.web.SetDistributableRule
1602:           2       48      sun.security.util.DisabledAlgorithmConstraints
1603:           1       48      sun.text.resources.en.FormatData_en_US
1604:           1       48      java.lang.invoke.MethodHandleImpl$Intrinsic[]
1605:           2       48      sun.nio.cs.ext.JIS_X_0208_MS5022X
1606:           2       48      org.springframework.core.io.UrlResource
1607:           2       48      org.apache.tomcat.util.descriptor.web.SetAuthConstraintRule
1608:           1       48      org.eclipse.jdt.internal.compiler.lookup.ProblemPackageBinding
1609:           1       48      javax.servlet.jsp.PageContext[]
1610:           1       48      java.lang.invoke.BoundMethodHandle$Species_L4
1611:           2       48      com.alibaba.druid.sql.ast.expr.SQLNumberExpr
1612:           2       48      java.time.OffsetDateTime
1613:           2       48      org.apache.http.conn.routing.RouteInfo$TunnelType
1614:           2       48      java.util.Vector$1
1615:           3       48      java.text.AttributedCharacterIterator$Attribute
1616:           2       48      org.springframework.web.method.support.HandlerMethodReturnValueHandlerComposite
1617:           2       48      org.springframework.web.method.annotation.ExpressionValueMethodArgumentResolver
1618:           2       48      org.apache.coyote.http11.filters.ChunkedOutputFilter
1619:           2       48      java.io.SequenceInputStream
1620:           1       48      org.apache.catalina.mapper.MapperListener
1621:           1       48      com.jinba.spider.core.Params[]
1622:           2       48      org.apache.tomcat.util.net.NioEndpoint$Poller[]
1623:           2       48      java.lang.invoke.MethodHandles$Lookup
1624:           2       48      org.apache.tomcat.util.descriptor.web.SetPublicIdRule
1625:           1       48      org.apache.commons.logging.impl.LogFactoryImpl
1626:           2       48      org.apache.tomcat.util.descriptor.web.SetJspConfig
1627:           1       48      ch.qos.logback.core.joran.spi.Interpreter
1628:           1       48      com.sun.org.apache.xalan.internal.utils.XMLSecurityManager$Limit[]
1629:           2       48      com.sun.jmx.mbeanserver.ClassLoaderRepositorySupport$LoaderEntry
1630:           1       40      org.apache.tomcat.util.modeler.Registry
1631:           1       40      com.jinba.scheduled.DianPing_JD_ZRFG_Task
1632:           1       40      org.springframework.aop.aspectj.annotation.AnnotationAwareAspectJAutoProxyCreator$BeanFa
ctoryAspectJAdvisorsBuilderAdapter
1633:           1       40      ch.qos.logback.core.util.AggregationType[]
1634:           2       40      com.mysql.jdbc.Field[]
1635:           1       40      org.apache.coyote.http11.AbstractNioInputBuffer$HeaderParsePosition[]
1636:           1       40      org.apache.http.impl.conn.ManagedHttpClientConnectionFactory
1637:           1       40      com.jinba.scheduled.DianPing_SHFW_XQ_SWL_Task
1638:           1       40      com.sun.jmx.interceptor.DefaultMBeanServerInterceptor
1639:           2       40      com.sun.jmx.mbeanserver.ClassLoaderRepositorySupport$LoaderEntry[]
1640:           1       40      com.jinba.scheduled.DianPing_GW_ZHSC_Task
1641:           1       40      sun.util.locale.provider.LocaleProviderAdapter$Type[]
1642:           1       40      org.springframework.web.accept.ContentNegotiationManagerFactoryBean
1643:           1       40      sun.nio.cs.StandardCharsets$Aliases
1644:           1       40      sun.net.idn.StringPrep
1645:           1       40      java.lang.Thread$State[]
1646:           1       40      com.jinba.scheduled.DianPing_JIUD_3XJJD_Task
1647:           1       40      com.sun.org.apache.xerces.internal.impl.xs.XSParticleDecl
1648:           1       40      org.springframework.jndi.support.SimpleJndiBeanFactory
1649:           1       40      com.alibaba.druid.sql.ast.statement.SQLSelect
1650:           1       40      org.apache.http.config.ConnectionConfig
1651:           1       40      com.sun.beans.finder.MethodFinder$1
1652:           1       40      com.jinba.scheduled.DianPing_SHFW_YY_Task
1653:           1       40      sun.awt.resources.awt
1654:           1       40      sun.nio.cs.ext.ExtendedCharsets
1655:           1       40      com.jinba.scheduled.DianPing_JD_CSGG_Task
1656:           1       40      com.jinba.scheduled.DianPing_JIUD_DJC_Task
1657:           1       40      ch.qos.logback.core.joran.spi.ConfigurationWatchList
1658:           1       40      com.alibaba.druid.pool.DruidPooledResultSet
1659:           1       40      org.springframework.context.expression.StandardBeanExpressionResolver
1660:           1       40      org.springframework.format.support.FormattingConversionServiceFactoryBean
1661:           1       40      org.apache.catalina.mbeans.ContextResourceMBean
1662:           1       40      sun.awt.resources.awt_zh_CN
1663:           1       40      com.jinba.scheduled.DianPing_JD_DZWY_Task
1664:           1       40      sun.nio.cs.StandardCharsets$Classes
1665:           1       40      org.apache.http.auth.AuthProtocolState[]
1666:           1       40      org.apache.catalina.valves.AbstractAccessLogValve$FormatType[]
1667:           1       40      ch.qos.logback.core.BasicStatusManager
1668:           1       40      java.util.ResourceBundle$1
1669:           1       40      com.sun.org.apache.xml.internal.serialize.EncodingInfo
1670:           1       40      com.jinba.scheduled.DianPing_JIUD_JJXJD_Task
1671:           1       40      com.sun.org.apache.xerces.internal.dom.CoreDOMImplementationImpl
1672:           1       40      org.apache.catalina.startup.HostConfig$DeployedApplication
1673:           1       40      sun.security.util.DisabledAlgorithmConstraints$KeySizeConstraint$Operator[]
1674:           1       40      com.sun.jmx.mbeanserver.MBeanServerDelegateImpl
1675:           1       40      org.apache.catalina.mbeans.ContextMBean
1676:           1       40      com.jinba.scheduled.DianPing_JD_GZ_Task
1677:           1       40      com.jinba.core.BaseClawer$ActionRes[]
1678:           1       40      org.apache.log4j.spi.RootLogger
1679:           1       40      org.apache.catalina.users.MemoryUser
1680:           1       40      com.sun.org.apache.xerces.internal.util.Status[]
1681:           1       40      java.text.MessageFormat
1682:           1       40      com.jinba.scheduled.DianPing_JIUD_SXJJD_Task
1683:           1       40      org.eclipse.jdt.internal.compiler.lookup.NullTypeBinding
1684:           1       40      org.jsoup.parser.Token$TokenType[]
1685:           1       40      sun.nio.cs.StandardCharsets$Cache
1686:           1       40      org.springframework.web.servlet.mvc.annotation.ResponseStatusExceptionResolver
1687:           1       40      org.apache.jasper.servlet.JspServlet
1688:           1       40      com.sun.org.apache.xerces.internal.dom.DOMImplementationImpl
1689:           1       40      com.jinba.scheduled.DianPing_JD_MSGJ_Task
1690:           1       40      org.springframework.web.bind.support.ConfigurableWebBindingInitializer
1691:           1       40      sun.management.DiagnosticCommandImpl
1692:           1       40      ch.qos.logback.core.subst.Token$Type[]
1693:           1       40      org.apache.tomcat.util.buf.Utf8Decoder
1694:           1       40      sun.security.util.AuthResources
1695:           1       40      org.apache.http.config.SocketConfig
1696:           1       40      com.jinba.scheduled.DianPing_JIUD_WXJJD_Task
1697:           1       40      sun.nio.fs.WindowsPathType[]
1698:           1       40      org.eclipse.jdt.internal.compiler.codegen.ExceptionLabel[]
1699:           1       40      com.alibaba.druid.stat.JdbcStatManager
1700:           1       40      org.springframework.web.servlet.mvc.support.DefaultHandlerExceptionResolver
1701:           1       40      sun.security.provider.DSAPublicKeyImpl
1702:           1       40      com.jinba.scheduled.DianPing_JD_YLY_Task
1703:           1       40      java.lang.management.MemoryPoolMXBean[]
1704:           1       40      sun.security.util.AuthResources_zh_CN
1705:           1       40      com.sun.jmx.mbeanserver.JmxMBeanServer
1706:           1       40      com.jinba.scheduled.DianPing_JYPX_JYYX_Task
1707:           1       40      org.springframework.context.annotation.ConfigurationClassBeanDefinitionReader
1708:           1       40      org.eclipse.jdt.internal.compiler.codegen.BranchLabel[]
1709:           1       40      java.lang.invoke.LambdaForm$Name[][]
1710:           1       40      com.jinba.scheduled.DianPingTask
1711:           1       40      ch.qos.logback.core.pattern.parser.TokenStream$TokenizerState[]
1712:           1       40      org.springframework.beans.factory.annotation.AutowiredAnnotationBeanPostProcessor$Autowi
redMethodElement
1713:           1       40      com.jinba.scheduled.DianPing_JD_ZGZL_Task
1714:           1       40      java.beans.WeakIdentityMap$Entry
1715:           1       40      java.util.regex.Pattern$LazyLoop
1716:           1       40      org.apache.jasper.compiler.JspConfig
1717:           1       40      org.eclipse.jdt.internal.compiler.lookup.VoidTypeBinding
1718:           1       40      com.jinba.scheduled.DianPing_SHFW_SWL_Task
1719:           1       40      org.apache.catalina.mbeans.ServiceMBean
1720:           1       40      sun.security.jca.ServiceId[]
1721:           1       40      org.apache.catalina.core.ApplicationSessionCookieConfig
1722:           2       32      org.springframework.web.servlet.mvc.method.annotation.PathVariableMapMethodArgumentResol
ver
1723:           2       32      org.springframework.core.convert.support.StringToEnumConverterFactory
1724:           2       32      org.springframework.core.convert.support.ObjectToArrayConverter
1725:           1       32      java.text.Normalizer$Form[]
1726:           1       32      org.apache.catalina.core.ApplicationFilterConfig
1727:           1       32      org.apache.coyote.ErrorState[]
1728:           1       32      org.apache.catalina.startup.Catalina
1729:           2       32      org.eclipse.jdt.internal.compiler.impl.BooleanConstant
1730:           2       32      org.springframework.web.servlet.mvc.method.annotation.ViewNameMethodReturnValueHandler
1731:           1       32      org.apache.catalina.startup.Bootstrap
1732:           1       32      java.io.WinNTFileSystem
1733:           2       32      org.apache.catalina.connector.CoyoteAdapter
1734:           2       32      java.lang.Shutdown$Lock
1735:           2       32      org.springframework.format.datetime.DateFormatterRegistrar$DateToCalendarConverter
1736:           1       32      com.alibaba.druid.sql.ast.statement.SQLSelectStatement
1737:           1       32      ch.qos.logback.core.joran.action.ParamAction
1738:           1       32      org.apache.tomcat.util.net.AbstractEndpoint$BindState[]
1739:           2       32      org.apache.catalina.realm.X509SubjectDnRetriever
1740:           2       32      com.sun.org.apache.xerces.internal.impl.dv.xs.QNameDV
1741:           1       32      com.sun.org.apache.xerces.internal.impl.XMLEntityScanner$1
1742:           2       32      java.nio.ByteOrder
1743:           2       32      org.eclipse.jdt.internal.compiler.ast.Argument[]
1744:           1       32      org.apache.commons.httpclient.protocol.Protocol
1745:           1       32      org.apache.catalina.core.StandardEngine$AccessLogListener
1746:           2       32      org.apache.catalina.connector.CoyoteOutputStream
1747:           1       32      org.springframework.core.env.MapPropertySource
1748:           1       32      org.apache.http.conn.util.DomainType[]
1749:           1       32      com.alibaba.druid.proxy.DruidDriver
1750:           2       32      org.apache.coyote.http11.filters.VoidInputFilter
1751:           1       32      com.sun.jndi.ldap.pool.Pool[]
1752:           2       32      java.security.KeyStore$1
1753:           1       32      org.springframework.context.event.SimpleApplicationEventMulticaster
1754:           1       32      org.springframework.web.context.support.ServletContextPropertySource
1755:           1       32      ch.qos.logback.classic.joran.action.EvaluatorAction
1756:           2       32      sun.security.ssl.SSLAlgorithmDecomposer
1757:           1       32      ch.qos.logback.core.joran.action.ConversionRuleAction
1758:           1       32      org.apache.catalina.valves.AbstractAccessLogValve$DateAndTimeElement
1759:           1       32      java.lang.reflect.WeakCache
1760:           1       32      ch.qos.logback.core.joran.action.NestedBasicPropertyIA
1761:           2       32      org.springframework.core.convert.support.EnumToStringConverter
1762:           1       32      ch.qos.logback.classic.spi.LoggerContextVO
1763:           2       32      org.springframework.core.convert.support.StringToCollectionConverter
1764:           1       32      sun.security.x509.AuthorityInfoAccessExtension
1765:           1       32      org.apache.jasper.compiler.TldCache
1766:           1       32      java.lang.RuntimeException
1767:           2       32      org.apache.coyote.http11.InternalNioInputBuffer$SocketInputBuffer
1768:           1       32      org.springframework.core.task.SimpleAsyncTaskExecutor$ConcurrencyThrottleAdapter
1769:           1       32      ch.qos.logback.core.subst.Tokenizer$TokenizerState[]
1770:           2       32      sun.net.www.protocol.file.Handler
1771:           1       32      java.lang.NullPointerException
1772:           2       32      org.springframework.core.convert.support.CollectionToCollectionConverter
1773:           1       32      ch.qos.logback.classic.joran.action.ConfigurationAction
1774:           1       32      ch.qos.logback.classic.joran.action.RootLoggerAction
1775:           2       32      sun.nio.ch.SocketDispatcher
1776:           1       32      com.jinba.pojo.AreaType[]
1777:           1       32      ch.qos.logback.core.rolling.helper.CompressionMode[]
1778:           1       32      org.springframework.core.env.SystemEnvironmentPropertySource
1779:           2       32      org.springframework.core.convert.support.StringToNumberConverterFactory
1780:           2       32      org.springframework.core.LocalVariableTableParameterNameDiscoverer
1781:           2       32      org.apache.coyote.http11.filters.VoidOutputFilter
1782:           1       32      sun.security.provider.AuthPolicyFile
1783:           1       32      com.alibaba.fastjson.serializer.SerializeConfig
1784:           1       32      java.time.temporal.TemporalUnit[]
1785:           2       32      org.springframework.core.convert.support.StringToLocaleConverter
1786:           2       32      org.apache.catalina.connector.CoyoteInputStream
1787:           2       32      sun.security.util.DisabledAlgorithmConstraints$KeySizeConstraints
1788:           1       32      org.apache.tomcat.util.descriptor.web.FilterMap
1789:           2       32      com.sun.proxy.$Proxy8
1790:           1       32      sun.nio.fs.WindowsFileSystem
1791:           2       32      org.springframework.core.convert.support.CollectionToObjectConverter
1792:           1       32      org.apache.catalina.core.JreMemoryLeakPreventionListener
1793:           2       32      org.springframework.web.servlet.mvc.method.annotation.MatrixVariableMapMethodArgumentRes
olver
1794:           2       32      org.apache.coyote.http11.InternalNioOutputBuffer$SocketOutputBuffer
1795:           1       32      org.apache.tomcat.util.descriptor.web.WebXmlParser
1796:           1       32      sun.management.MemoryImpl
1797:           1       32      sun.misc.GC$LatencyRequest
1798:           1       32      com.alibaba.druid.sql.dialect.mysql.parser.MySqlSelectParser
1799:           1       32      com.sun.beans.finder.BeanInfoFinder
1800:           1       32      org.jsoup.nodes.Entities$EscapeMode[]
1801:           2       32      javax.net.ssl.TrustManagerFactory$1
1802:           1       32      ch.qos.logback.core.joran.action.StatusListenerAction
1803:           1       32      org.apache.commons.logging.impl.WeakHashtable$WeakKey
1804:           2       32      org.springframework.core.convert.support.MapToMapConverter
1805:           2       32      sun.security.provider.KeyStoreDelegator$1
1806:           2       32      java.lang.InheritableThreadLocal
1807:           1       32      java.lang.ArithmeticException
1808:           1       32      org.apache.tomcat.JarScanType[]
1809:           2       32      org.springframework.web.servlet.mvc.method.annotation.ModelAndViewMethodReturnValueHandl
er
1810:           1       32      sun.nio.cs.StandardCharsets
1811:           1       32      org.apache.commons.httpclient.auth.AuthScope
1812:           2       32      org.springframework.context.support.ApplicationContextAwareProcessor$EmbeddedValueResolv
er
1813:           1       32      org.apache.tomcat.websocket.server.WsWriteTimeout
1814:           1       32      ch.qos.logback.core.joran.conditional.IfAction
1815:           1       32      org.apache.tomcat.util.log.UserDataHelper$Config[]
1816:           1       32      sun.security.provider.PolicyFile
1817:           1       32      org.apache.tomcat.util.http.parser.SkipResult[]
1818:           1       32      java.util.concurrent.ConcurrentSkipListMap$HeadIndex
1819:           2       32      com.sun.proxy.$Proxy3
1820:           1       32      com.alibaba.druid.proxy.jdbc.StatementExecuteType[]
1821:           1       32      com.alibaba.fastjson.parser.ParserConfig
1822:           1       32      org.apache.catalina.startup.ContextConfig$DefaultWebXmlCacheEntry
1823:           1       32      ch.qos.logback.classic.sift.SiftAction
1824:           1       32      ch.qos.logback.core.joran.action.TimestampAction
1825:           2       32      org.springframework.core.convert.support.PropertiesToStringConverter
1826:           2       32      com.sun.org.apache.xerces.internal.impl.dv.dtd.ENTITYDatatypeValidator
1827:           2       32      java.security.AllPermission
1828:           1       32      com.alibaba.fastjson.JSONException
1829:           2       32      org.springframework.core.convert.support.ObjectToCollectionConverter
1830:           1       32      ch.qos.logback.core.joran.action.IncludeAction
1831:           1       32      org.apache.coyote.ajp.AjpNioProtocol$AjpConnectionHandler
1832:           1       32      org.apache.tomcat.util.log.UserDataHelper$Mode[]
1833:           1       32      org.springframework.context.support.DefaultLifecycleProcessor
1834:           2       32      sun.security.provider.X509Factory
1835:           2       32      org.apache.http.message.BasicLineParser
1836:           2       32      org.springframework.web.servlet.mvc.method.annotation.ViewMethodReturnValueHandler
1837:           2       32      org.springframework.core.convert.support.ArrayToStringConverter
1838:           1       32      org.eclipse.jdt.internal.compiler.ast.ExpressionContext[]
1839:           1       32      org.eclipse.jdt.internal.compiler.classfmt.TypeAnnotationWalker$1
1840:           2       32      com.sun.beans.WeakCache
1841:           1       32      ch.qos.logback.core.joran.action.AppenderAction
1842:           1       32      org.springframework.beans.factory.annotation.RequiredAnnotationBeanPostProcessor
1843:           2       32      org.eclipse.jdt.internal.compiler.lookup.TypeBinding[]
1844:           2       32      org.springframework.core.convert.support.NumberToNumberConverterFactory
1845:           2       32      com.sun.org.apache.xerces.internal.impl.xpath.regex.Token
1846:           1       32      java.beans.ThreadGroupContext
1847:           1       32      com.sun.org.apache.xalan.internal.utils.XMLSecurityManager$NameMap[]
1848:           2       32      org.apache.tomcat.util.threads.ThreadPoolExecutor$RejectHandler
1849:           2       32      org.springframework.core.convert.support.StringToPropertiesConverter
1850:           1       32      com.alibaba.fastjson.parser.SymbolTable
1851:           1       32      org.apache.tomcat.util.net.jsse.openssl.Protocol[]
1852:           1       32      org.apache.tomcat.util.buf.B2CConverter
1853:           2       32      org.springframework.core.convert.support.GenericConversionService$NoOpConverter
1854:           1       32      org.apache.commons.lang3.time.StopWatch$State[]
1855:           1       32      ch.qos.logback.classic.joran.action.LoggerContextListenerAction
1856:           2       32      org.springframework.core.convert.support.ObjectToObjectConverter
1857:           1       32      ch.qos.logback.core.helpers.CyclicBuffer
1858:           1       32      java.util.concurrent.SynchronousQueue
1859:           1       32      org.apache.tomcat.util.net.AbstractEndpoint$Acceptor$AcceptorState[]
1860:           1       32      org.apache.http.impl.cookie.RFC6265CookieSpecProvider$CompatibilityLevel[]
1861:           1       32      com.sun.org.apache.xerces.internal.impl.xs.XSModelGroupImpl
1862:           1       32      ch.qos.logback.core.joran.action.ShutdownHookAction
1863:           2       32      org.springframework.web.method.annotation.RequestParamMapMethodArgumentResolver
1864:           1       32      org.apache.catalina.mapper.Mapper$MappedHost
1865:           1       32      java.lang.ClassCastException
1866:           1       32      ch.qos.logback.core.joran.action.ActionUtil$Scope[]
1867:           2       32      org.springframework.core.convert.support.StringToCharacterConverter
1868:           2       32      com.alibaba.druid.sql.parser.Keywords
1869:           2       32      org.springframework.core.convert.support.StringToUUIDConverter
1870:           1       32      org.apache.catalina.startup.ClassLoaderFactory$RepositoryType[]
1871:           1       32      org.springframework.web.context.support.StandardServletEnvironment
1872:           1       32      com.sun.jmx.mbeanserver.Repository
1873:           1       32      org.springframework.context.support.DelegatingMessageSource
1874:           2       32      java.util.concurrent.ThreadPoolExecutor$AbortPolicy
1875:           1       32      org.springframework.web.accept.ServletPathExtensionContentNegotiationStrategy
1876:           1       32      com.sun.org.apache.xerces.internal.utils.XMLSecurityManager$NameMap[]
1877:           2       32      org.springframework.core.convert.support.IdToEntityConverter
1878:           1       32      sun.security.provider.PolicyFile$PolicyInfo
1879:           2       32      org.springframework.web.context.request.SessionScope
1880:           1       32      ch.qos.logback.core.joran.spi.SimpleRuleStore
1881:           1       32      org.apache.coyote.http11.Http11NioProtocol$Http11ConnectionHandler
1882:           1       32      org.apache.naming.TransactionRef
1883:           1       32      java.util.concurrent.ScheduledThreadPoolExecutor$DelayedWorkQueue
1884:           1       32      com.sun.org.apache.xalan.internal.utils.FeatureManager$Feature
1885:           1       32      org.eclipse.jdt.internal.compiler.util.HashtableOfInt
1886:           1       32      org.springframework.context.annotation.ConfigurationClassParser$ImportStack
1887:           2       32      org.springframework.core.convert.support.StringToArrayConverter
1888:           1       32      org.apache.coyote.http11.AbstractNioInputBuffer$HeaderParseStatus[]
1889:           2       32      org.springframework.core.convert.support.NumberToCharacterConverter
1890:           2       32      org.apache.http.message.BasicHeaderValueParser
1891:           1       32      com.alibaba.druid.sql.ast.statement.SQLSelectItem
1892:           1       32      ch.qos.logback.core.joran.conditional.ThenAction
1893:           1       32      org.springframework.ui.context.support.ResourceBundleThemeSource
1894:           2       32      org.apache.commons.httpclient.Wire
1895:           1       32      java.text.DontCareFieldPosition
1896:           2       32      org.springframework.core.convert.support.ArrayToCollectionConverter
1897:           1       32      java.beans.ThreadGroupContext$1
1898:           1       32      ch.qos.logback.classic.joran.action.LoggerAction
1899:           1       32      ch.qos.logback.classic.joran.action.ReceiverAction
1900:           1       32      org.springframework.web.servlet.mvc.method.annotation.ServletCookieValueMethodArgumentRe
solver
1901:           2       32      sun.security.ssl.TrustManagerFactoryImpl$2
1902:           2       32      org.apache.tomcat.util.net.NioBlockingSelector$KeyReference
1903:           1       32      org.jsoup.nodes.Document$QuirksMode[]
1904:           2       32      org.springframework.core.convert.support.FallbackObjectToStringConverter
1905:           1       32      org.apache.tomcat.util.descriptor.web.LoginConfig
1906:           1       32      org.jsoup.parser.ParseErrorList
1907:           1       32      ch.qos.logback.core.joran.action.NewRuleAction
1908:           1       32      org.jsoup.parser.Token$Doctype
1909:           1       32      java.lang.OutOfMemoryError[]
1910:           1       32      java.lang.management.MemoryManagerMXBean[]
1911:           1       32      org.apache.jasper.runtime.JspApplicationContextImpl
1912:           2       32      org.springframework.core.convert.support.ArrayToObjectConverter
1913:           2       32      com.sun.proxy.$Proxy2
1914:           2       32      org.springframework.core.convert.support.CharacterToNumberFactory
1915:           1       32      org.springframework.format.support.DefaultFormattingConversionService
1916:           2       32      org.eclipse.jdt.internal.compiler.lookup.MethodBinding[]
1917:           1       32      com.mysql.jdbc.RowDataStatic
1918:           1       32      com.sun.beans.util.Cache$Kind[]
1919:           2       32      org.apache.http.message.BasicLineFormatter
1920:           2       32      org.springframework.core.convert.support.StringToBooleanConverter
1921:           2       32      org.springframework.util.CustomizableThreadCreator$SerializableMonitor
1922:           2       32      com.mysql.jdbc.Driver
1923:           1       32      org.apache.catalina.core.ApplicationFilterChain
1924:           1       32      org.jsoup.parser.CharacterReader
1925:           1       32      ch.qos.logback.core.joran.conditional.ElseAction
1926:           1       32      java.util.logging.LogManager$SystemLoggerContext
1927:           1       32      sun.security.x509.IssuerAlternativeNameExtension
1928:           1       32      java.net.Proxy$Type[]
1929:           1       32      ch.qos.logback.core.spi.FilterReply[]
1930:           1       32      ch.qos.logback.core.joran.action.NestedComplexPropertyIA
1931:           1       32      org.apache.catalina.WebResourceRoot$ResourceSetType[]
1932:           2       32      org.apache.tomcat.util.buf.UDecoder
1933:           1       32      org.apache.tomcat.util.buf.C2BConverter
1934:           1       32      ch.qos.logback.classic.joran.JoranConfigurator
1935:           2       32      sun.security.provider.JavaKeyStore$JKS
1936:           1       32      com.sun.org.apache.xerces.internal.impl.dv.xs.AbstractDateTimeDV$DateTimeData[]
1937:           2       32      java.util.Collections$UnmodifiableCollection
1938:           1       24      sun.nio.cs.ext.IBM300
1939:           1       24      sun.nio.cs.ext.IBM278
1940:           1       24      sun.nio.cs.ext.IBM950
1941:           1       24      sun.nio.cs.MS1251
1942:           1       24      sun.nio.cs.ext.IBM1006
1943:           1       24      sun.nio.cs.ext.IBM1142
1944:           1       24      org.jsoup.parser.TokeniserState$28
1945:           1       24      org.apache.catalina.mapper.Mapper$MappedContext[]
1946:           1       24      java.lang.invoke.MethodHandleImpl$4
1947:           1       24      sun.nio.cs.ext.ISO2022_JP
1948:           1       24      sun.nio.cs.ISO_8859_15
1949:           1       24      sun.nio.cs.ext.MacSymbol
1950:           1       24      org.apache.jsp.index_jsp
1951:           1       24      org.apache.http.conn.routing.RouteInfo$TunnelType[]
1952:           1       24      org.jsoup.parser.TokeniserState$64
1953:           1       24      com.mysql.jdbc.SingleByteCharsetConverter
1954:           1       24      org.jsoup.parser.HtmlTreeBuilderState$21
1955:           1       24      com.google.common.base.Joiner$MapJoiner
1956:           1       24      org.springframework.web.context.support.ServletContextAwareProcessor
1957:           1       24      org.jsoup.parser.TokeniserState$42
1958:           1       24      org.springframework.core.env.MutablePropertySources
1959:           1       24      org.apache.catalina.users.MemoryRole
1960:           1       24      sun.net.www.protocol.http.Handler
1961:           1       24      sun.nio.cs.ext.IBM922
1962:           1       24      sun.nio.cs.ext.MS936
1963:           1       24      org.eclipse.jdt.internal.compiler.ast.ExpressionContext$2
1964:           1       24      org.jsoup.parser.TokeniserState$21
1965:           1       24      sun.nio.cs.KOI8_R
1966:           1       24      org.apache.catalina.core.StandardContext$ContextFilterMaps
1967:           1       24      sun.nio.cs.ext.IBM1149
1968:           1       24      sun.nio.cs.ISO_8859_2
1969:           1       24      sun.nio.cs.ext.IBM424
1970:           1       24      sun.nio.cs.ext.JIS_X_0208
1971:           1       24      sun.nio.cs.ext.IBM1123
1972:           1       24      sun.nio.cs.ext.JIS_X_0201
1973:           1       24      com.sun.jmx.remote.util.ClassLogger
1974:           1       24      org.apache.jasper.compiler.TagPluginManager
1975:           1       24      org.jsoup.parser.TokeniserState$14
1976:           1       24      java.lang.invoke.MethodType$ConcurrentWeakInternSet
1977:           1       24      org.springframework.web.context.support.ServletContextResourcePatternResolver
1978:           1       24      org.jsoup.parser.TokeniserState$57
1979:           1       24      org.jsoup.parser.HtmlTreeBuilderState$14
1980:           1       24      org.springframework.core.env.PropertySource$StubPropertySource
1981:           1       24      org.apache.catalina.webresources.TomcatURLStreamHandlerFactory
1982:           1       24      sun.nio.cs.ext.IBM942C
1983:           1       24      org.jsoup.parser.TokeniserState$36
1984:           1       24      sun.nio.cs.ext.MSISO2022JP
1985:           1       24      com.sun.org.apache.xerces.internal.impl.xs.util.ShortListImpl
1986:           1       24      sun.nio.cs.ext.MS932
1987:           1       24      org.apache.commons.lang3.time.StopWatch$State$2
1988:           1       24      java.security.Policy$PolicyInfo
1989:           1       24      com.alibaba.fastjson.util.IdentityHashMap
1990:           1       24      sun.nio.cs.ext.IBM868
1991:           1       24      sun.nio.cs.IBM850
1992:           1       24      org.springframework.beans.factory.config.BeanDefinitionHolder
1993:           1       24      sun.nio.cs.ext.MacDingbat
1994:           1       24      org.apache.tomcat.util.collections.ConcurrentCache
1995:           1       24      org.springframework.http.MediaType[]
1996:           1       24      ch.qos.logback.classic.util.ContextSelectorStaticBinder
1997:           1       24      org.jsoup.parser.TokeniserState$7
1998:           1       24      sun.nio.cs.US_ASCII
1999:           1       24      org.apache.tomcat.util.IntrospectionUtils$PropertySource[]
2000:           1       24      org.springframework.expression.spel.SpelParserConfiguration
2001:           1       24      ch.qos.logback.core.joran.spi.CAI_WithLocatorSupport
2002:           1       24      org.jsoup.parser.TokeniserState$50
2003:           1       24      org.jsoup.parser.HtmlTreeBuilderState$7
2004:           1       24      java.util.ResourceBundle$Control$CandidateListCache
2005:           1       24      sun.net.www.MimeTable
2006:           1       24      java.net.Inet6AddressImpl
2007:           1       24      java.net.SocketPermissionCollection
2008:           1       24      sun.util.locale.provider.CurrencyNameProviderImpl
2009:           1       24      org.springframework.core.io.Resource[]
2010:           1       24      org.jsoup.parser.TokeniserState$29
2011:           1       24      org.jsoup.parser.TokeniserState$43
2012:           1       24      sun.nio.cs.ext.IBM1025
2013:           1       24      sun.nio.cs.ext.ISO2022_JP_2
2014:           1       24      org.eclipse.jdt.internal.compiler.ast.ExpressionContext$3
2015:           1       24      sun.nio.cs.IBM858
2016:           1       24      sun.nio.cs.ext.MacThai
2017:           1       24      sun.util.locale.provider.CalendarNameProviderImpl
2018:           1       24      sun.nio.cs.ext.IBM1143
2019:           1       24      sun.nio.cs.MS1250
2020:           1       24      sun.nio.cs.ext.IBM33722
2021:           1       24      sun.nio.cs.ext.IBM280
2022:           1       24      sun.nio.cs.ext.IBM964
2023:           1       24      ch.qos.logback.core.joran.spi.ConsoleTarget[]
2024:           1       24      sun.nio.cs.IBM866
2025:           1       24      org.jsoup.parser.TokeniserState$22
2026:           1       24      org.jsoup.parser.TokeniserState$65
2027:           1       24      java.util.concurrent.TimeUnit$6
2028:           1       24      org.jsoup.parser.HtmlTreeBuilderState$22
2029:           1       24      sun.nio.cs.ext.GBK
2030:           1       24      org.apache.http.impl.conn.DefaultHttpResponseParserFactory
2031:           1       24      sun.nio.cs.ext.IBM500
2032:           1       24      sun.nio.cs.ext.JISAutoDetect
2033:           1       24      sun.nio.cs.ISO_8859_4
2034:           1       24      sun.nio.cs.ext.IBM1124
2035:           1       24      sun.nio.cs.ext.JIS_X_0212
2036:           1       24      sun.nio.cs.ext.IBM037
2037:           1       24      java.util.logging.LoggingPermission
2038:           1       24      sun.nio.cs.ext.IBM930
2039:           1       24      sun.nio.cs.ext.PCK
2040:           1       24      org.springframework.web.servlet.mvc.method.annotation.RequestPartMethodArgumentResolver
2041:           1       24      org.apache.http.impl.cookie.DefaultCookieSpecProvider$CompatibilityLevel[]
2042:           1       24      org.springframework.format.number.NumberFormatAnnotationFormatterFactory
2043:           1       24      com.alibaba.druid.stat.DruidStatManagerFacade
2044:           1       24      com.alibaba.druid.sql.ast.statement.SQLInsertStatement$ValuesClause
2045:           1       24      org.springframework.core.convert.support.DefaultConversionService
2046:           1       24      org.jsoup.parser.TokeniserState$15
2047:           1       24      ch.qos.logback.classic.joran.action.JMXConfiguratorAction
2048:           1       24      java.util.concurrent.TimeUnit$3
2049:           1       24      sun.nio.cs.KOI8_U
2050:           1       24      sun.misc.JavaSecurityProtectionDomainAccess$ProtectionDomainCache[]
2051:           1       24      com.sun.jmx.mbeanserver.MXBeanLookup
2052:           1       24      org.jsoup.parser.TokeniserState$58
2053:           1       24      org.jsoup.parser.HtmlTreeBuilderState$15
2054:           1       24      org.apache.catalina.AccessLog[]
2055:           1       24      sun.net.ProgressMonitor
2056:           1       24      org.eclipse.jdt.internal.compiler.impl.DoubleConstant
2057:           1       24      org.apache.catalina.connector.Connector[]
2058:           1       24      org.jsoup.parser.TokeniserState$37
2059:           1       24      org.jsoup.parser.TokeniserState$51
2060:           1       24      org.apache.commons.lang3.time.StopWatch$State$3
2061:           1       24      sun.nio.cs.ext.IBM943
2062:           1       24      org.jsoup.parser.HtmlTreeBuilderState$8
2063:           1       24      org.springframework.context.support.AbstractApplicationContext$ApplicationListenerDetect
or
2064:           1       24      org.apache.catalina.Service[]
2065:           1       24      java.math.MutableBigInteger
2066:           1       24      org.apache.naming.StringManager
2067:           1       24      org.jsoup.parser.TokeniserState$30
2068:           1       24      sun.nio.cs.ext.GB18030
2069:           1       24      org.jsoup.parser.TokeniserState$8
2070:           1       24      sun.nio.cs.ext.IBM869
2071:           1       24      sun.nio.cs.IBM852
2072:           1       24      sun.nio.cs.ext.MacGreek
2073:           1       24      java.security.AllPermissionCollection
2074:           1       24      sun.nio.cs.ext.Big5_HKSCS_2001
2075:           1       24      sun.nio.cs.ISO_8859_1
2076:           1       24      java.util.concurrent.ConcurrentSkipListMap$Node
2077:           1       24      java.util.PropertyPermissionCollection
2078:           1       24      sun.util.locale.BaseLocale$Cache
2079:           1       24      ch.qos.logback.core.subst.Node$Type[]
2080:           1       24      sun.nio.cs.ext.IBM833
2081:           1       24      sun.nio.cs.ext.IBM284
2082:           1       24      sun.nio.cs.ext.IBM970
2083:           1       24      org.jsoup.parser.TokeniserState$44
2084:           1       24      org.jsoup.parser.HtmlTreeBuilderState$1
2085:           1       24      sun.nio.cs.MS1253
2086:           1       24      java.lang.ClassValue$Entry[]
2087:           1       24      org.slf4j.impl.StaticLoggerBinder
2088:           1       24      org.apache.http.conn.routing.RouteInfo$LayerType[]
2089:           1       24      org.jsoup.parser.TokeniserState$23
2090:           1       24      sun.nio.cs.ext.IBM1046
2091:           1       24      sun.nio.cs.UTF_32
2092:           1       24      sun.nio.cs.ext.IBM1144
2093:           1       24      sun.nio.cs.IBM857
2094:           1       24      sun.nio.cs.ext.MacTurkish
2095:           1       24      org.jsoup.parser.TokeniserState$1
2096:           1       24      org.jsoup.parser.TokeniserState$66
2097:           1       24      sun.security.x509.AccessDescription
2098:           1       24      org.jsoup.parser.HtmlTreeBuilderState$23
2099:           1       24      org.eclipse.jdt.internal.compiler.ast.ExpressionContext$4
2100:           1       24      org.apache.tomcat.util.descriptor.tld.TldRuleSet$ScriptVariableRule
2101:           1       24      java.security.ProtectionDomain$2$1
2102:           1       24      com.jinba.scheduled.ProxyCheckTask
2103:           1       24      java.util.concurrent.TimeUnit$7
2104:           1       24      org.apache.http.conn.util.PublicSuffixMatcher
2105:           1       24      org.springframework.web.method.annotation.RequestHeaderMethodArgumentResolver
2106:           1       24      org.jsoup.parser.TokeniserState$59
2107:           1       24      org.jsoup.parser.HtmlTreeBuilderState$16
2108:           1       24      sun.nio.cs.ext.IBM933
2109:           1       24      sun.nio.cs.ext.SJIS_0213
2110:           1       24      org.jsoup.parser.TokeniserState$38
2111:           1       24      sun.nio.cs.ext.IBM1166
2112:           1       24      sun.nio.cs.ext.SJIS
2113:           1       24      org.apache.catalina.mapper.Mapper
2114:           1       24      sun.nio.cs.UTF_32LE
2115:           1       24      java.net.StandardProtocolFamily[]
2116:           1       24      org.jsoup.parser.TokeniserState$16
2117:           1       24      sun.management.OperatingSystemImpl
2118:           1       24      sun.nio.cs.ext.IBM1026
2119:           1       24      sun.nio.cs.ISO_8859_5
2120:           1       24      sun.nio.cs.ext.IBM860
2121:           1       24      sun.nio.cs.ext.Johab
2122:           1       24      java.util.concurrent.TimeUnit$4
2123:           1       24      sun.management.ThreadImpl
2124:           1       24      sun.management.VMManagementImpl
2125:           1       24      ch.qos.logback.classic.joran.action.ContextNameAction
2126:           1       24      org.springframework.util.ConcurrentReferenceHashMap$Restructure[]
2127:           1       24      org.apache.commons.lang3.time.StopWatch$State$4
2128:           1       24      com.sun.org.apache.xerces.internal.utils.XMLSecurityPropertyManager$Property[]
2129:           1       24      org.jsoup.parser.TokeniserState$52
2130:           1       24      org.jsoup.parser.HtmlTreeBuilderState$9
2131:           1       24      org.apache.tomcat.util.descriptor.web.FilterMap[]
2132:           1       24      sun.nio.cs.ext.IBM870
2133:           1       24      sun.nio.cs.IBM775
2134:           1       24      sun.nio.cs.ext.MacHebrew
2135:           1       24      org.jsoup.parser.TokeniserState$31
2136:           1       24      sun.nio.cs.ext.IBM943C
2137:           1       24      sun.nio.cs.ext.Big5_Solaris
2138:           1       24      org.jsoup.parser.TokeniserState$9
2139:           1       24      sun.nio.cs.ext.EUC_CN
2140:           1       24      sun.util.locale.provider.TimeZoneNameProviderImpl
2141:           1       24      java.util.Locale$Cache
2142:           1       24      sun.util.locale.provider.NumberFormatProviderImpl
2143:           1       24      sun.nio.cs.UTF_16BE
2144:           1       24      org.jsoup.parser.TokeniserState$2
2145:           1       24      org.jsoup.parser.TokeniserState$67
2146:           1       24      org.jsoup.parser.TokeniserState$45
2147:           1       24      org.jsoup.parser.HtmlTreeBuilderState$2
2148:           1       24      sun.nio.cs.ext.IBM1145
2149:           1       24      sun.nio.cs.MS1252
2150:           1       24      sun.nio.cs.ext.IBM834
2151:           1       24      sun.nio.cs.ext.IBM285
2152:           1       24      sun.nio.cs.ext.ISCII91
2153:           1       24      sun.nio.cs.ext.IBM1097
2154:           1       24      sun.nio.cs.ext.ISO2022_KR
2155:           1       24      org.jsoup.parser.TokeniserState$24
2156:           1       24      org.springframework.core.type.classreading.CachingMetadataReaderFactory
2157:           1       24      sun.nio.cs.UTF_32LE_BOM
2158:           1       24      sun.nio.cs.ext.MacUkraine
2159:           1       24      org.apache.tomcat.websocket.WsExtension
2160:           1       24      org.apache.jasper.runtime.JspFactoryImpl$PageContextPool
2161:           1       24      com.alibaba.druid.sql.ast.SQLOrderingSpecification[]
2162:           1       24      org.jsoup.parser.TokeniserState$60
2163:           1       24      org.jsoup.parser.HtmlTreeBuilderState$17
2164:           1       24      com.sun.beans.util.Cache$Kind$1
2165:           1       24      sun.nio.cs.ext.MS50221
2166:           1       24      org.springframework.beans.factory.config.PropertyPlaceholderConfigurer$PlaceholderResolv
ingStringValueResolver
2167:           1       24      sun.nio.cs.ext.IBM861
2168:           1       24      sun.nio.cs.ext.MacArabic
2169:           1       24      org.jsoup.parser.TokeniserState$39
2170:           1       24      sun.nio.cs.IBM874
2171:           1       24      org.apache.tomcat.util.scan.StandardJarScanner
2172:           1       24      sun.util.locale.provider.CalendarDataProviderImpl
2173:           1       24      org.apache.catalina.core.ApplicationContextFacade
2174:           1       24      sun.nio.cs.ext.IBM935
2175:           1       24      org.jsoup.parser.TokeniserState$17
2176:           1       24      org.apache.http.impl.client.TargetAuthenticationStrategy
2177:           1       24      org.springframework.beans.support.ResourceEditorRegistrar
2178:           1       24      com.alibaba.druid.pool.vendor.MySqlValidConnectionChecker
2179:           1       24      sun.nio.cs.ext.IBM1364
2180:           1       24      sun.nio.cs.ext.TIS_620
2181:           1       24      sun.nio.cs.ext.IBM1047
2182:           1       24      javax.el.ExpressionFactory$CacheKey
2183:           1       24      org.jsoup.parser.TokeniserState$10
2184:           1       24      org.springframework.jndi.JndiLocatorDelegate
2185:           1       24      org.jsoup.parser.TokeniserState$53
2186:           1       24      org.jsoup.parser.HtmlTreeBuilderState$10
2187:           1       24      java.lang.ClassValue$Version
2188:           1       24      org.apache.tomcat.util.descriptor.web.SetDenyUncoveredHttpMethodsRule
2189:           1       24      sun.nio.cs.ext.IBM838
2190:           1       24      sun.nio.cs.ext.IBM948
2191:           1       24      org.jsoup.parser.TokeniserState$32
2192:           1       24      org.springframework.web.context.support.ServletContextResource
2193:           1       24      ch.qos.logback.classic.util.LogbackMDCAdapter
2194:           1       24      org.springframework.beans.ExtendedBeanInfo
2195:           1       24      sun.nio.cs.ext.EUC_JP_LINUX
2196:           1       24      sun.nio.cs.ext.IBM871
2197:           1       24      sun.nio.cs.ISO_8859_13
2198:           1       24      sun.nio.cs.ext.MacIceland
2199:           1       24      org.jsoup.nodes.Document$OutputSettings$Syntax[]
2200:           1       24      sun.nio.cs.UTF_16LE
2201:           1       24      org.jsoup.parser.TokeniserState$3
2202:           1       24      org.apache.tomcat.util.net.NioEndpoint$PollerEvent
2203:           1       24      org.apache.tomcat.websocket.server.WsServerContainer$WsThreadFactory
2204:           1       24      org.jsoup.parser.TokeniserState$46
2205:           1       24      org.springframework.util.ConcurrentReferenceHashMap$ReferenceType[]
2206:           1       24      org.jsoup.parser.HtmlTreeBuilderState$3
2207:           1       24      sun.nio.cs.ext.IBM856
2208:           1       24      org.springframework.aop.aspectj.annotation.ReflectiveAspectJAdvisorFactory
2209:           1       24      org.jsoup.parser.TokeniserState$25
2210:           1       24      sun.nio.cs.UTF_16LE_BOM
2211:           1       24      sun.nio.cs.ext.MS932_0213
2212:           1       24      com.sun.org.apache.xalan.internal.utils.XMLSecurityPropertyManager$Property[]
2213:           1       24      org.springframework.context.event.AbstractApplicationEventMulticaster$ListenerCacheKey
2214:           1       24      com.sun.beans.util.Cache$Kind$2
2215:           1       24      sun.nio.cs.ext.IBM290
2216:           1       24      sun.nio.cs.ext.ISO2022_CN_CNS
2217:           1       24      org.apache.tomcat.util.buf.UEncoder$SafeCharsSet[]
2218:           1       24      sun.nio.cs.UTF_32BE
2219:           1       24      sun.nio.cs.ext.IBM1098
2220:           1       24      sun.nio.cs.ext.ISO_8859_3
2221:           1       24      ch.qos.logback.classic.joran.action.ConsolePluginAction
2222:           1       24      sun.nio.cs.ext.IBM1146
2223:           1       24      org.jsoup.parser.TokeniserState$18
2224:           1       24      com.sun.org.apache.xerces.internal.impl.xs.util.XSObjectListImpl
2225:           1       24      org.jsoup.parser.TokeniserState$61
2226:           1       24      org.jsoup.parser.HtmlTreeBuilderState$18
2227:           1       24      com.sun.org.apache.xerces.internal.impl.Constants$ArrayEnumeration
2228:           1       24      org.apache.http.impl.client.ProxyAuthenticationStrategy
2229:           1       24      sun.nio.cs.ext.MS874
2230:           1       24      org.springframework.beans.factory.config.PropertyPlaceholderConfigurer$PropertyPlacehold
erConfigurerResolver
2231:           1       24      org.apache.catalina.mapper.Mapper$ContextVersion[]
2232:           1       24      ch.qos.logback.core.joran.spi.EventPlayer
2233:           1       24      sun.nio.cs.ext.IBM273
2234:           1       24      sun.nio.cs.ext.Big5
2235:           1       24      sun.nio.cs.ISO_8859_7
2236:           1       24      sun.nio.cs.ext.IBM863
2237:           1       24      sun.nio.cs.ext.MacCentralEurope
2238:           1       24      sun.nio.cs.ext.IBM1381
2239:           1       24      sun.nio.cs.ext.MS1255
2240:           1       24      sun.nio.cs.ext.IBM937
2241:           1       24      org.apache.commons.httpclient.DefaultHttpMethodRetryHandler
2242:           1       24      org.springframework.core.io.ClassPathResource
2243:           1       24      org.jsoup.parser.TokeniserState$11
2244:           1       24      org.springframework.jndi.JndiPropertySource
2245:           1       24      sun.management.RuntimeImpl
2246:           1       24      org.jsoup.parser.TokeniserState$54
2247:           1       24      org.jsoup.parser.HtmlTreeBuilderState$11
2248:           1       24      java.net.Proxy
2249:           1       24      java.util.Collections$SynchronizedList
2250:           1       24      sun.nio.cs.ext.MS50220
2251:           1       24      org.jsoup.parser.TokeniserState$33
2252:           1       24      sun.nio.cs.ext.EUC_TW
2253:           1       24      org.jsoup.parser.TokeniserState$47
2254:           1       24      sun.nio.cs.ext.IBM1140
2255:           1       24      org.jsoup.parser.HtmlTreeBuilderState$4
2256:           1       24      sun.nio.cs.ext.IBM918
2257:           1       24      sun.nio.cs.IBM855
2258:           1       24      sun.nio.cs.ext.MacRoman
2259:           1       24      org.springframework.web.servlet.handler.MappedInterceptor
2260:           1       24      sun.nio.cs.ext.IBM949
2261:           1       24      org.jsoup.parser.Token$Character
2262:           1       24      org.jsoup.parser.TokeniserState$26
2263:           1       24      org.jsoup.parser.TokeniserState$4
2264:           1       24      sun.nio.cs.UTF_16
2265:           1       24      javax.websocket.CloseReason
2266:           1       24      ch.qos.logback.classic.joran.action.InsertFromJNDIAction
2267:           1       24      com.sun.beans.util.Cache$Kind$3
2268:           1       24      sun.nio.cs.ext.IBM1147
2269:           1       24      org.apache.http.config.MessageConstraints
2270:           1       24      org.jsoup.parser.TokeniserState$40
2271:           1       24      sun.nio.cs.MS1254
2272:           1       24      sun.nio.cs.ext.IBM297
2273:           1       24      sun.nio.cs.ext.MS950_HKSCS
2274:           1       24      sun.nio.cs.ext.ISO2022_CN_GB
2275:           1       24      sun.util.locale.provider.DecimalFormatSymbolsProviderImpl
2276:           1       24      org.springframework.web.context.ContextLoaderListener
2277:           1       24      sun.nio.cs.ext.IBM875
2278:           1       24      org.jsoup.parser.TokeniserState$19
2279:           1       24      java.io.File$PathStatus[]
2280:           1       24      com.jinba.spider.core.HttpResponseConfig[]
2281:           1       24      sun.nio.cs.ext.IBM1112
2282:           1       24      sun.nio.cs.ext.ISO_8859_6
2283:           1       24      java.util.Collections$EmptyMap
2284:           1       24      org.apache.catalina.security.SecurityConfig
2285:           1       24      org.jsoup.parser.TokeniserState$62
2286:           1       24      sun.nio.cs.CESU_8
2287:           1       24      java.lang.Double
2288:           1       24      org.jsoup.parser.HtmlTreeBuilderState$19
2289:           1       24      java.time.Period
2290:           1       24      org.apache.commons.lang3.time.StopWatch$SplitState[]
2291:           1       24      sun.nio.cs.ext.MS949
2292:           1       24      sun.util.locale.provider.CalendarProviderImpl
2293:           1       24      java.util.concurrent.TimeUnit$1
2294:           1       24      org.apache.catalina.mapper.Mapper$ContextList
2295:           1       24      java.net.InetAddress$Cache$Type[]
2296:           1       24      java.util.logging.LogManager$LoggerContext
2297:           1       24      sun.nio.cs.ext.IBM939
2298:           1       24      org.jsoup.parser.TokeniserState$55
2299:           1       24      org.jsoup.parser.HtmlTreeBuilderState$12
2300:           1       24      java.util.Collections$SynchronizedRandomAccessList
2301:           1       24      org.springframework.expression.spel.support.StandardTypeLocator
2302:           1       24      org.jsoup.parser.TokeniserState$34
2303:           1       24      sun.nio.cs.ext.IBM864
2304:           1       24      sun.nio.cs.ext.MacCroatian
2305:           1       24      org.jsoup.parser.TokeniserState$12
2306:           1       24      ch.qos.logback.classic.spi.TurboFilterList
2307:           1       24      sun.nio.cs.ISO_8859_9
2308:           1       24      sun.nio.cs.ext.IBM1383
2309:           1       24      sun.nio.cs.ext.MS1256
2310:           1       24      sun.nio.cs.ext.IBM277
2311:           1       24      sun.nio.cs.ext.Big5_HKSCS
2312:           1       24      com.sun.jmx.mbeanserver.ClassLoaderRepositorySupport
2313:           1       24      org.springframework.expression.spel.support.ReflectivePropertyAccessor
2314:           1       24      org.apache.catalina.mapper.Mapper$MappedHost[]
2315:           1       24      org.apache.http.impl.client.DefaultHttpRequestRetryHandler
2316:           1       24      org.springframework.beans.factory.annotation.QualifierAnnotationAutowireCandidateResolve
r
2317:           1       24      org.jsoup.parser.TokeniserState$48
2318:           1       24      org.jsoup.parser.HtmlTreeBuilderState$5
2319:           1       24      com.sun.org.apache.xalan.internal.utils.FeatureManager$Feature[]
2320:           1       24      org.springframework.web.context.support.ServletContextScope
2321:           1       24      sun.nio.cs.ThreadLocalCoders$1
2322:           1       24      org.apache.commons.httpclient.auth.BasicScheme
2323:           1       24      sun.nio.cs.ext.ISO2022_CN
2324:           1       24      sun.nio.cs.IBM437
2325:           1       24      sun.nio.cs.ext.MacRomania
2326:           1       24      org.jsoup.parser.TokeniserState$27
2327:           1       24      sun.nio.cs.ext.IBM1141
2328:           1       24      com.alibaba.fastjson.serializer.ASMSerializerFactory
2329:           1       24      sun.nio.cs.ext.IBM949C
2330:           1       24      org.jsoup.parser.TokeniserState$5
2331:           1       24      sun.nio.cs.ext.EUC_JP_Open
2332:           1       24      sun.management.CompilationImpl
2333:           1       24      java.util.concurrent.TimeUnit$5
2334:           1       24      org.eclipse.jdt.internal.compiler.ast.ExpressionContext$1
2335:           1       24      org.apache.tomcat.util.descriptor.tld.TldRuleSet$1
2336:           1       24      org.jsoup.parser.TokeniserState$63
2337:           1       24      org.jsoup.parser.HtmlTreeBuilderState$20
2338:           1       24      org.apache.catalina.mapper.Mapper$MappedContext
2339:           1       24      com.google.common.base.Joiner$1
2340:           1       24      sun.nio.cs.ext.IBM921
2341:           1       24      org.apache.tomcat.util.descriptor.tld.TldRuleSet$TagAttributeRule
2342:           1       24      org.jsoup.parser.TokeniserState$41
2343:           1       24      com.alibaba.fastjson.parser.deserializer.ASMDeserializerFactory
2344:           1       24      org.springframework.aop.framework.autoproxy.AbstractAdvisorAutoProxyCreator$BeanFactoryA
dvisorRetrievalHelperAdapter
2345:           1       24      sun.nio.cs.IBM862
2346:           1       24      sun.nio.cs.ext.IBM1122
2347:           1       24      sun.nio.cs.ext.ISO_8859_8
2348:           1       24      sun.nio.cs.ext.IBM1148
2349:           1       24      sun.nio.cs.UTF_32BE_BOM
2350:           1       24      org.jsoup.parser.TokeniserState$20
2351:           1       24      sun.nio.cs.ext.IBM420
2352:           1       24      sun.nio.cs.ext.MS950_HKSCS_XP
2353:           1       24      sun.nio.cs.ext.ISO_8859_11
2354:           1       24      sun.nio.cs.MS1257
2355:           1       24      sun.nio.cs.UTF_8
2356:           1       24      org.springframework.context.support.AbstractApplicationContext$BeanPostProcessorChecker
2357:           1       24      org.jsoup.parser.TokeniserState$56
2358:           1       24      org.jsoup.parser.HtmlTreeBuilderState$13
2359:           1       24      java.util.concurrent.TimeUnit$2
2360:           1       24      sun.nio.cs.ext.MS950
2361:           1       24      ch.qos.logback.core.joran.action.ContextPropertyAction
2362:           1       24      sun.nio.cs.ext.EUC_JP
2363:           1       24      org.jsoup.parser.TokeniserState$35
2364:           1       24      sun.nio.cs.IBM737
2365:           1       24      sun.nio.cs.ext.IBM865
2366:           1       24      sun.nio.cs.ext.MacCyrillic
2367:           1       24      org.jsoup.parser.Token$Comment
2368:           1       24      org.jsoup.parser.TokeniserState$13
2369:           1       24      sun.nio.cs.ext.IBM942
2370:           1       24      java.security.Policy$UnsupportedEmptyCollection
2371:           1       24      org.apache.commons.lang3.time.StopWatch$State$1
2372:           1       24      java.net.ServerSocket
2373:           1       24      sun.security.provider.DSAParameters
2374:           1       24      java.util.Locale$Category[]
2375:           1       24      sun.nio.cs.ext.MS1258
2376:           1       24      sun.nio.cs.ThreadLocalCoders$2
2377:           1       24      org.jsoup.parser.TokeniserState$6
2378:           1       24      org.jsoup.parser.TokeniserState$49
2379:           1       24      org.jsoup.parser.HtmlTreeBuilderState$6
2380:           1       24      sun.util.locale.provider.DateFormatSymbolsProviderImpl
2381:           1       16      sun.nio.cs.CharsetMapping$3
2382:           1       16      java.util.concurrent.CopyOnWriteArraySet
2383:           1       16      org.springframework.expression.common.TemplateAwareExpressionParser$1
2384:           1       16      org.apache.commons.httpclient.params.DefaultHttpParamsFactory
2385:           1       16      sun.reflect.GeneratedMethodAccessor30
2386:           1       16      sun.reflect.GeneratedConstructorAccessor28
2387:           1       16      sun.reflect.GeneratedConstructorAccessor24
2388:           1       16      sun.reflect.GeneratedConstructorAccessor31
2389:           1       16      sun.reflect.GeneratedMethodAccessor33
2390:           1       16      sun.reflect.GeneratedMethodAccessor40
2391:           1       16      org.apache.catalina.connector.Request$6
2392:           1       16      sun.reflect.GeneratedMethodAccessor31
2393:           1       16      sun.reflect.GeneratedConstructorAccessor14
2394:           1       16      java.lang.management.PlatformComponent$2
2395:           1       16      ch.qos.logback.core.joran.spi.ConsoleTarget$2
2396:           1       16      org.apache.catalina.core.AprLifecycleListener
2397:           1       16      java.util.concurrent.SynchronousQueue$TransferStack
2398:           1       16      sun.reflect.GeneratedMethodAccessor7
2399:           1       16      sun.reflect.GeneratedMethodAccessor1
2400:           1       16      sun.reflect.GeneratedMethodAccessor17
2401:           1       16      sun.reflect.GeneratedMethodAccessor13
2402:           1       16      sun.reflect.GeneratedConstructorAccessor4
2403:           1       16      sun.reflect.GeneratedMethodAccessor4
2404:           1       16      org.springframework.context.expression.BeanFactoryAccessor
2405:           1       16      com.sun.org.apache.xerces.internal.impl.xs.util.XSObjectListImpl$1
2406:           1       16      sun.util.locale.provider.CalendarDataUtility$CalendarWeekParameterGetter
2407:           1       16      com.alibaba.fastjson.serializer.ClassSerializer
2408:           1       16      sun.reflect.GeneratedMethodAccessor20
2409:           1       16      sun.reflect.GeneratedMethodAccessor23
2410:           1       16      sun.reflect.GeneratedMethodAccessor27
2411:           1       16      com.sun.org.apache.xerces.internal.impl.dv.xs.UnionDV
2412:           1       16      com.sun.org.apache.xerces.internal.impl.dv.dtd.IDDatatypeValidator
2413:           1       16      com.alibaba.fastjson.serializer.PointCodec
2414:           1       16      com.alibaba.fastjson.serializer.LongCodec
2415:           1       16      org.apache.log4j.or.DefaultRenderer
2416:           1       16      java.lang.management.PlatformComponent$10
2417:           1       16      java.util.regex.Pattern$LastNode
2418:           1       16      java.text.DontCareFieldPosition$1
2419:           1       16      org.apache.naming.NameParserImpl
2420:           1       16      sun.text.normalizer.NormalizerImpl$AuxTrieImpl
2421:           1       16      org.springframework.aop.framework.adapter.MethodBeforeAdviceAdapter
2422:           1       16      org.eclipse.jdt.internal.compiler.lookup.TypeBound[]
2423:           1       16      com.alibaba.fastjson.parser.deserializer.JSONObjectDeserializer
2424:           1       16      sun.security.ssl.DummyX509KeyManager
2425:           1       16      com.sun.jmx.mbeanserver.DescriptorCache
2426:           1       16      org.slf4j.helpers.NOPLoggerFactory
2427:           1       16      org.apache.catalina.util.CharsetMapper
2428:           1       16      org.springframework.expression.spel.support.StandardTypeComparator
2429:           1       16      org.apache.tomcat.util.descriptor.tld.TldParser
2430:           1       16      com.sun.org.apache.xerces.internal.impl.dv.xs.MonthDayDV
2431:           1       16      java.lang.ProcessEnvironment$NameComparator
2432:           1       16      org.apache.catalina.valves.AbstractAccessLogValve$2
2433:           1       16      com.alibaba.fastjson.serializer.AtomicIntegerSerializer
2434:           1       16      java.beans.EventSetDescriptor[]
2435:           1       16      org.springframework.web.method.annotation.SessionStatusMethodArgumentResolver
2436:           1       16      com.alibaba.fastjson.parser.deserializer.NumberDeserializer
2437:           1       16      org.springframework.util.DefaultPropertiesPersister
2438:           1       16      org.springframework.http.MediaType$2
2439:           1       16      sun.security.provider.NativeSeedGenerator
2440:           1       16      com.sun.org.apache.xerces.internal.dom.CharacterDataImpl$1
2441:           1       16      com.alibaba.druid.support.spring.stat.SpringStatManager
2442:           1       16      java.util.Collections$EmptyEnumeration
2443:           1       16      com.sun.org.apache.xerces.internal.impl.dv.xs.BooleanDV
2444:           1       16      org.apache.catalina.core.AccessLogAdapter
2445:           1       16      com.alibaba.fastjson.serializer.FileCodec
2446:           1       16      java.lang.ref.Reference$Lock
2447:           1       16      java.lang.CharacterDataLatin1
2448:           1       16      org.apache.http.impl.client.DefaultConnectionKeepAliveStrategy
2449:           1       16      sun.net.www.protocol.jar.JarFileFactory
2450:           1       16      sun.management.HotSpotDiagnostic
2451:           1       16      com.sun.org.apache.xerces.internal.impl.dv.xs.DateTimeDV
2452:           1       16      com.alibaba.fastjson.serializer.IntArraySerializer
2453:           1       16      org.springframework.beans.factory.parsing.PassThroughSourceExtractor
2454:           1       16      org.apache.catalina.connector.Request$7
2455:           1       16      org.springframework.scheduling.support.TaskUtils$LoggingErrorHandler
2456:           1       16      java.lang.management.PlatformComponent$3
2457:           1       16      com.alibaba.fastjson.serializer.EnumSerializer
2458:           1       16      com.alibaba.fastjson.serializer.DateFormatSerializer
2459:           1       16      org.apache.juli.logging.LogFactory
2460:           1       16      org.springframework.web.context.support.WebApplicationContextUtils$SessionObjectFactory
2461:           1       16      org.apache.tomcat.websocket.server.WsSci
2462:           1       16      com.sun.org.apache.xerces.internal.impl.dv.xs.YearMonthDurationDV
2463:           1       16      com.sun.org.apache.xerces.internal.impl.dv.dtd.IDREFDatatypeValidator
2464:           1       16      java.lang.management.PlatformComponent$11
2465:           1       16      java.util.concurrent.ConcurrentSkipListSet
2466:           1       16      org.springframework.beans.factory.parsing.FailFastProblemReporter
2467:           1       16      org.springframework.context.expression.MapAccessor
2468:           1       16      com.alibaba.fastjson.serializer.RectangleCodec
2469:           1       16      com.alibaba.fastjson.serializer.FloatCodec
2470:           1       16      org.springframework.util.ReflectionUtils$5
2471:           1       16      java.lang.ProcessEnvironment$CheckedKeySet
2472:           1       16      javax.xml.parsers.SecuritySupport
2473:           1       16      sun.nio.cs.CharsetMapping$4
2474:           1       16      com.sun.org.apache.xerces.internal.utils.SecuritySupport
2475:           1       16      sun.nio.ch.WindowsSelectorProvider
2476:           1       16      org.springframework.beans.PropertyDescriptorComparator
2477:           1       16      org.springframework.format.datetime.DateFormatterRegistrar$CalendarToDateConverter
2478:           1       16      org.springframework.context.annotation.ConfigurationClassPostProcessor$ImportAwareBeanPo
stProcessor
2479:           1       16      sun.misc.GC$LatencyLock
2480:           1       16      java.io.FileDescriptor$1
2481:           1       16      org.apache.catalina.core.ThreadLocalLeakPreventionListener
2482:           1       16      org.apache.jasper.runtime.BodyContentImpl[]
2483:           1       16      sun.management.ManagementFactoryHelper$PlatformLoggingImpl
2484:           1       16      org.springframework.aop.framework.adapter.AfterReturningAdviceAdapter
2485:           1       16      org.apache.catalina.connector.ResponseFacade
2486:           1       16      org.apache.http.client.utils.DateUtils$DateFormatHolder$1
2487:           1       16      org.apache.catalina.core.StandardContext$NoPluggabilityServletContext
2488:           1       16      ch.qos.logback.core.joran.util.ConfigurationWatchListUtil
2489:           1       16      com.alibaba.fastjson.serializer.AtomicLongSerializer
2490:           1       16      org.springframework.web.servlet.mvc.method.annotation.UriComponentsBuilderMethodArgument
Resolver
2491:           1       16      java.util.WeakHashMap$KeySet
2492:           1       16      com.alibaba.fastjson.parser.deserializer.ClassDerializer
2493:           1       16      com.sun.org.apache.xerces.internal.impl.dv.xs.PrecisionDecimalDV
2494:           1       16      java.lang.management.LockInfo[]
2495:           1       16      com.sun.jmx.interceptor.DefaultMBeanServerInterceptor$ResourceContext$1
2496:           1       16      org.apache.http.impl.io.EmptyInputStream
2497:           1       16      com.alibaba.druid.pool.DruidDataSource$DestroyTask
2498:           1       16      com.alibaba.fastjson.parser.deserializer.DateFormatDeserializer
2499:           1       16      org.eclipse.jdt.internal.compiler.ast.CompilationUnitDeclaration$1
2500:           1       16      com.sun.org.apache.xerces.internal.impl.dv.xs.DecimalDV
2501:           1       16      org.springframework.util.comparator.InstanceComparator
2502:           1       16      java.lang.ProcessEnvironment$EntryComparator
2503:           1       16      org.apache.http.impl.EnglishReasonPhraseCatalog
2504:           1       16      com.sun.jmx.mbeanserver.MBeanInstantiator
2505:           1       16      org.apache.http.impl.cookie.NetscapeDraftHeaderParser
2506:           1       16      java.util.Collections$EmptySet
2507:           1       16      org.springframework.context.annotation.ConfigurationClassPostProcessor$1
2508:           1       16      com.alibaba.fastjson.serializer.URICodec
2509:           1       16      com.alibaba.fastjson.serializer.LongArraySerializer
2510:           1       16      org.apache.tomcat.util.digester.Digester$SystemPropertySource
2511:           1       16      org.springframework.scheduling.support.TaskUtils$PropagatingErrorHandler
2512:           1       16      sun.reflect.GeneratedConstructorAccessor8
2513:           1       16      com.alibaba.druid.pool.vendor.MySqlExceptionSorter
2514:           1       16      com.alibaba.fastjson.serializer.LocaleCodec
2515:           1       16      org.apache.catalina.util.URLEncoder
2516:           1       16      java.awt.GraphicsEnvironment$$Lambda$3
2517:           1       16      sun.reflect.GeneratedConstructorAccessor25
2518:           1       16      sun.reflect.GeneratedConstructorAccessor32
2519:           1       16      sun.reflect.GeneratedMethodAccessor34
2520:           1       16      sun.reflect.GeneratedMethodAccessor38
2521:           1       16      sun.reflect.GeneratedConstructorAccessor39
2522:           1       16      sun.reflect.GeneratedConstructorAccessor11
2523:           1       16      org.springframework.web.servlet.view.AbstractCachingViewResolver$1
2524:           1       16      sun.reflect.GeneratedMethodAccessor10
2525:           1       16      sun.reflect.GeneratedConstructorAccessor3
2526:           1       16      sun.reflect.GeneratedMethodAccessor14
2527:           1       16      sun.reflect.GeneratedMethodAccessor2
2528:           1       16      sun.reflect.GeneratedConstructorAccessor2
2529:           1       16      java.lang.management.PlatformComponent$4
2530:           1       16      sun.reflect.GeneratedConstructorAccessor5
2531:           1       16      sun.reflect.GeneratedMethodAccessor21
2532:           1       16      sun.reflect.GeneratedMethodAccessor24
2533:           1       16      sun.reflect.GeneratedMethodAccessor28
2534:           1       16      com.sun.org.apache.xerces.internal.impl.dv.xs.DayDV
2535:           1       16      org.apache.log4j.DefaultCategoryFactory
2536:           1       16      org.springframework.context.expression.StandardBeanExpressionResolver$1
2537:           1       16      java.lang.management.PlatformComponent$12
2538:           1       16      org.apache.catalina.connector.Request$8
2539:           1       16      java.nio.charset.CoderResult$1
2540:           1       16      org.springframework.util.ReflectionUtils$6
2541:           1       16      org.springframework.context.expression.EnvironmentAccessor
2542:           1       16      org.springframework.format.datetime.DateFormatterRegistrar$CalendarToLongConverter
2543:           1       16      sun.misc.Launcher
2544:           1       16      java.util.Currency$CurrencyNameGetter
2545:           1       16      org.apache.catalina.startup.EngineConfig
2546:           1       16      com.sun.org.apache.xerces.internal.xs.XSObject[]
2547:           1       16      org.springframework.aop.aspectj.annotation.ReflectiveAspectJAdvisorFactory$2
2548:           1       16      com.alibaba.fastjson.parser.deserializer.Jdk8DateCodec
2549:           1       16      com.sun.org.apache.xerces.internal.impl.dv.xs.TimeDV
2550:           1       16      com.alibaba.fastjson.serializer.DoubleSerializer
2551:           1       16      java.nio.Bits$1
2552:           1       16      sun.misc.Launcher$Factory
2553:           1       16      sun.util.resources.LocaleData
2554:           1       16      org.springframework.aop.framework.adapter.ThrowsAdviceAdapter
2555:           1       16      org.slf4j.impl.StaticMDCBinder
2556:           1       16      org.springframework.expression.spel.support.StandardOperatorOverloader
2557:           1       16      com.sun.org.apache.xerces.internal.jaxp.datatype.DatatypeFactoryImpl
2558:           1       16      com.alibaba.fastjson.serializer.ReferenceCodec
2559:           1       16      java.lang.management.MonitorInfo[]
2560:           1       16      org.apache.commons.httpclient.protocol.DefaultProtocolSocketFactory
2561:           1       16      javax.servlet.jsp.tagext.VariableInfo[]
2562:           1       16      org.eclipse.jdt.internal.compiler.env.IBinaryAnnotation[]
2563:           1       16      com.sun.org.apache.xerces.internal.impl.dv.xs.IDDV
2564:           1       16      sun.util.locale.provider.CalendarDataUtility$CalendarFieldValueNamesMapGetter
2565:           1       16      org.apache.catalina.connector.Request$1
2566:           1       16      com.sun.org.apache.xerces.internal.impl.dv.xs.DayTimeDurationDV
2567:           1       16      com.sun.naming.internal.VersionHelper12
2568:           1       16      com.alibaba.druid.stat.DruidDataSourceStatManager
2569:           1       16      com.alibaba.fastjson.parser.deserializer.CharArrayDeserializer
2570:           1       16      java.util.Collections$UnmodifiableMap$UnmodifiableEntrySet
2571:           1       16      org.apache.http.conn.ssl.AllowAllHostnameVerifier
2572:           1       16      org.apache.http.client.protocol.ResponseContentEncoding$1
2573:           1       16      com.alibaba.fastjson.parser.deserializer.TimestampDeserializer
2574:           1       16      sun.text.normalizer.NormalizerBase$Mode
2575:           1       16      ch.qos.logback.classic.spi.ThrowableProxy[]
2576:           1       16      com.alibaba.fastjson.serializer.FloatArraySerializer
2577:           1       16      org.eclipse.jdt.internal.compiler.ast.MemberValuePair[]
2578:           1       16      java.lang.reflect.Proxy$KeyFactory
2579:           1       16      org.springframework.aop.aspectj.autoproxy.AspectJPrecedenceComparator
2580:           1       16      com.sun.org.apache.xerces.internal.impl.dv.xs.FloatDV
2581:           1       16      org.apache.tomcat.util.buf.StringCache
2582:           1       16      java.math.BigDecimal$1
2583:           1       16      org.jsoup.select.StructuralEvaluator$Has
2584:           1       16      java.nio.file.attribute.FileAttribute[]
2585:           1       16      org.apache.catalina.core.StandardHost$MemoryLeakTrackingListener
2586:           1       16      com.alibaba.fastjson.serializer.URLCodec
2587:           1       16      java.nio.Bits$1$1
2588:           1       16      java.lang.management.PlatformComponent$5
2589:           1       16      com.sun.jmx.mbeanserver.SecureClassLoaderRepository
2590:           1       16      com.sun.jmx.mbeanserver.DefaultMXBeanMappingFactory
2591:           1       16      com.alibaba.fastjson.serializer.CurrencyCodec
2592:           1       16      java.util.Collections$SingletonSet
2593:           1       16      java.lang.management.PlatformComponent$13
2594:           1       16      org.apache.catalina.connector.Request$9
2595:           1       16      java.awt.Font$FontAccessImpl
2596:           1       16      sun.text.normalizer.NormalizerImpl
2597:           1       16      org.springframework.web.servlet.handler.ConversionServiceExposingInterceptor
2598:           1       16      java.nio.charset.CoderResult$2
2599:           1       16      com.alibaba.druid.support.spring.stat.DruidStatInterceptor$SpringMethodContextListener
2600:           1       16      org.springframework.format.datetime.DateFormatterRegistrar$LongToDateConverter
2601:           1       16      org.springframework.web.context.request.async.CallableProcessingInterceptor[]
2602:           1       16      java.net.InetAddress$2
2603:           1       16      org.springframework.util.comparator.ComparableComparator
2604:           1       16      java.lang.ClassValue$Identity
2605:           1       16      sun.misc.FloatingDecimal$1
2606:           1       16      org.springframework.beans.ExtendedBeanInfoFactory
2607:           1       16      sun.reflect.generics.tree.ArrayTypeSignature
2608:           1       16      org.apache.catalina.connector.CoyoteAdapter$1
2609:           1       16      sun.reflect.generics.tree.IntSignature
2610:           1       16      java.text.FieldPosition[]
2611:           1       16      sun.util.locale.provider.CalendarNameProviderImpl$LengthBasedComparator
2612:           1       16      com.sun.org.apache.xerces.internal.impl.dv.xs.MonthDV
2613:           1       16      com.alibaba.fastjson.serializer.BigDecimalCodec
2614:           1       16      org.apache.catalina.mbeans.GlobalResourcesLifecycleListener
2615:           1       16      com.alibaba.fastjson.serializer.AtomicIntegerArrayCodec
2616:           1       16      com.mysql.jdbc.log.NullLogger
2617:           1       16      org.apache.catalina.connector.Request$2
2618:           1       16      com.alibaba.fastjson.parser.deserializer.StackTraceElementDeserializer
2619:           1       16      java.lang.String$CaseInsensitiveComparator
2620:           1       16      com.sun.org.apache.xerces.internal.impl.dv.xs.IDREFDV
2621:           1       16      javax.servlet.http.NetscapeValidator
2622:           1       16      java.util.zip.ZipFile$1
2623:           1       16      com.alibaba.fastjson.parser.deserializer.SqlDateDeserializer
2624:           1       16      org.apache.http.client.protocol.ResponseContentEncoding$2
2625:           1       16      java.util.Collections$EmptyList
2626:           1       16      java.lang.Runtime
2627:           1       16      org.apache.http.impl.entity.LaxContentLengthStrategy
2628:           1       16      com.alibaba.druid.filter.stat.StatFilterContext
2629:           1       16      java.lang.invoke.MethodHandleImpl$2
2630:           1       16      org.springframework.web.servlet.mvc.method.annotation.RequestMappingHandlerAdapter$1
2631:           1       16      org.apache.tomcat.util.http.LegacyCookieProcessor$1
2632:           1       16      org.apache.http.impl.client.DefaultRedirectStrategy
2633:           1       16      org.apache.http.conn.ssl.BrowserCompatHostnameVerifier
2634:           1       16      com.alibaba.fastjson.serializer.DoubleArraySerializer
2635:           1       16      org.springframework.web.context.support.WebApplicationContextUtils$WebRequestObjectFacto
ry
2636:           1       16      java.lang.Throwable[]
2637:           1       16      sun.net.DefaultProgressMeteringPolicy
2638:           1       16      org.jsoup.select.Evaluator$ContainsText
2639:           1       16      com.sun.org.apache.xerces.internal.impl.dv.xs.DoubleDV
2640:           1       16      java.lang.reflect.Proxy$ProxyClassFactory
2641:           1       16      com.sun.org.apache.xerces.internal.impl.dv.xs.DateDV
2642:           1       16      org.eclipse.jdt.internal.compiler.lookup.TypeVariableBinding[]
2643:           1       16      sun.reflect.GeneratedConstructorAccessor26
2644:           1       16      sun.reflect.GeneratedConstructorAccessor22
2645:           1       16      sun.reflect.GeneratedConstructorAccessor29
2646:           1       16      org.springframework.web.servlet.mvc.method.annotation.RedirectAttributesMethodArgumentRe
solver
2647:           1       16      org.apache.tomcat.websocket.server.WsWriteTimeout$EndpointComparator
2648:           1       16      sun.reflect.GeneratedConstructorAccessor33
2649:           1       16      sun.reflect.GeneratedConstructorAccessor35
2650:           1       16      sun.reflect.GeneratedMethodAccessor39
2651:           1       16      sun.reflect.GeneratedConstructorAccessor40
2652:           1       16      sun.security.rsa.RSAKeyFactory
2653:           1       16      sun.text.normalizer.NormalizerBase$NFDMode
2654:           1       16      org.apache.catalina.valves.AbstractAccessLogValve$RequestElement
2655:           1       16      org.springframework.web.method.annotation.RequestHeaderMapMethodArgumentResolver
2656:           1       16      org.eclipse.jdt.internal.compiler.env.IBinaryMethod[]
2657:           1       16      sun.reflect.GeneratedConstructorAccessor1
2658:           1       16      sun.reflect.GeneratedMethodAccessor11
2659:           1       16      org.apache.log4j.spi.DefaultRepositorySelector
2660:           1       16      sun.reflect.GeneratedMethodAccessor8
2661:           1       16      sun.reflect.GeneratedMethodAccessor15
2662:           1       16      sun.reflect.GeneratedMethodAccessor5
2663:           1       16      org.apache.http.conn.socket.PlainConnectionSocketFactory
2664:           1       16      sun.reflect.GeneratedMethodAccessor18
2665:           1       16      sun.reflect.GeneratedMethodAccessor22
2666:           1       16      sun.reflect.GeneratedMethodAccessor25
2667:           1       16      sun.reflect.GeneratedConstructorAccessor7
2668:           1       16      java.lang.management.PlatformComponent$6
2669:           1       16      sun.net.ExtendedOptionsImpl$$Lambda$1
2670:           1       16      com.alibaba.fastjson.parser.deserializer.JSONArrayDeserializer
2671:           1       16      com.alibaba.fastjson.serializer.AppendableSerializer
2672:           1       16      ch.qos.logback.core.joran.spi.DefaultNestedComponentRegistry
2673:           1       16      java.lang.Terminator$1
2674:           1       16      com.sun.org.apache.xerces.internal.impl.dv.dtd.NOTATIONDatatypeValidator
2675:           1       16      java.lang.management.PlatformComponent$14
2676:           1       16      com.sun.org.apache.xerces.internal.impl.dv.xs.AnyAtomicDV
2677:           1       16      java.security.Provider[]
2678:           1       16      com.alibaba.fastjson.serializer.TimeZoneCodec
2679:           1       16      java.lang.reflect.ReflectAccess
2680:           1       16      sun.util.locale.provider.TimeZoneNameUtility$TimeZoneNameGetter
2681:           1       16      com.sun.org.apache.xerces.internal.impl.xs.models.XSEmptyCM
2682:           1       16      java.net.URLClassLoader$7
2683:           1       16      java.security.ProtectionDomain$JavaSecurityAccessImpl
2684:           1       16      org.springframework.context.annotation.AnnotationBeanNameGenerator
2685:           1       16      org.springframework.format.datetime.DateFormatterRegistrar$LongToCalendarConverter
2686:           1       16      org.springframework.context.expression.BeanFactoryResolver
2687:           1       16      org.springframework.core.PrioritizedParameterNameDiscoverer
2688:           1       16      javax.management.MBeanServerBuilder
2689:           1       16      java.util.ResourceBundle$Control
2690:           1       16      org.eclipse.jdt.internal.compiler.CompilationResult$1
2691:           1       16      org.apache.tomcat.websocket.server.WsContextListener
2692:           1       16      com.alibaba.druid.support.spring.stat.DruidStatInterceptor
2693:           1       16      java.util.Collections$EmptyIterator
2694:           1       16      java.awt.Toolkit$4
2695:           1       16      org.eclipse.jdt.internal.compiler.lookup.InferenceVariable[]
2696:           1       16      sun.nio.ch.ExtendedSocketOption$1
2697:           1       16      sun.nio.ch.Net$1
2698:           1       16      com.alibaba.fastjson.serializer.BigIntegerCodec
2699:           1       16      com.alibaba.fastjson.serializer.AtomicLongArrayCodec
2700:           1       16      com.sun.org.apache.xerces.internal.impl.dv.xs.EntityDV
2701:           1       16      org.springframework.web.servlet.mvc.method.annotation.RequestMappingHandlerAdapter$2
2702:           1       16      com.alibaba.fastjson.serializer.BooleanCodec
2703:           1       16      org.apache.http.impl.entity.StrictContentLengthStrategy
2704:           1       16      org.springframework.web.servlet.mvc.method.annotation.CallableMethodReturnValueHandler
2705:           1       16      org.apache.catalina.connector.Request$3
2706:           1       16      org.apache.juli.OneLineFormatter$1
2707:           1       16      sun.reflect.generics.tree.BooleanSignature
2708:           1       16      java.lang.CharacterData00
2709:           1       16      com.sun.org.apache.xerces.internal.impl.xs.util.XIntPool
2710:           1       16      java.lang.System$2
2711:           1       16      java.lang.invoke.MethodHandleImpl$3
2712:           1       16      com.alibaba.fastjson.parser.deserializer.TimeDeserializer
2713:           1       16      org.eclipse.jdt.internal.compiler.lookup.Scope$Substitutor
2714:           1       16      org.apache.jasper.servlet.JasperInitializer
2715:           1       16      com.jinba.spider.proxy.ProxyQueue
2716:           1       16      org.apache.http.conn.ssl.StrictHostnameVerifier
2717:           1       16      java.lang.management.PlatformComponent$7
2718:           1       16      com.alibaba.fastjson.serializer.BooleanArraySerializer
2719:           1       16      org.apache.catalina.valves.AbstractAccessLogValve$HttpStatusCodeElement
2720:           1       16      sun.text.normalizer.NormalizerBase$NFKDMode
2721:           1       16      org.apache.catalina.core.ContainerBase$ContainerBackgroundProcessor
2722:           1       16      com.sun.org.apache.xerces.internal.impl.dv.xs.HexBinaryDV
2723:           1       16      org.apache.http.impl.conn.DefaultSchemePortResolver
2724:           1       16      java.lang.management.PlatformComponent$15
2725:           1       16      java.lang.Enum[]
2726:           1       16      org.apache.el.ExpressionFactoryImpl
2727:           1       16      com.sun.org.apache.xerces.internal.impl.dv.dtd.NMTOKENDatatypeValidator
2728:           1       16      org.apache.http.impl.io.DefaultHttpRequestWriterFactory
2729:           1       16      org.springframework.context.support.ApplicationContextAwareProcessor
2730:           1       16      org.apache.tomcat.util.buf.MessageBytes$MessageBytesFactory
2731:           1       16      org.springframework.web.context.request.async.DeferredResultProcessingInterceptor[]
2732:           1       16      com.alibaba.fastjson.parser.deserializer.MapDeserializer
2733:           1       16      com.alibaba.fastjson.serializer.PatternCodec
2734:           1       16      com.sun.jmx.mbeanserver.StandardMBeanIntrospector
2735:           1       16      java.lang.invoke.MemberName$Factory
2736:           1       16      org.apache.catalina.core.StandardContext$1
2737:           1       16      com.alibaba.fastjson.serializer.UUIDCodec
2738:           1       16      com.sun.org.apache.xerces.internal.impl.dv.xs.XSSimpleTypeDecl$1
2739:           1       16      org.springframework.format.datetime.DateTimeFormatAnnotationFormatterFactory
2740:           1       16      com.mysql.jdbc.Util
2741:           1       16      com.sun.org.apache.xerces.internal.impl.dv.xs.YearMonthDV
2742:           1       16      org.eclipse.jdt.internal.compiler.lookup.ReferenceBinding$2
2743:           1       16      sun.reflect.generics.tree.BottomSignature
2744:           1       16      org.eclipse.jdt.internal.compiler.ast.TypeReference[]
2745:           1       16      org.springframework.context.expression.BeanExpressionContextAccessor
2746:           1       16      ch.qos.logback.classic.selector.DefaultContextSelector
2747:           1       16      sun.util.resources.LocaleData$LocaleDataResourceBundleControl
2748:           1       16      com.jinba.dao.MysqlDao
2749:           1       16      org.apache.tomcat.util.net.jsse.JSSEImplementation
2750:           1       16      sun.reflect.generics.tree.VoidDescriptor
2751:           1       16      org.springframework.web.servlet.mvc.method.annotation.DeferredResultMethodReturnValueHan
dler
2752:           1       16      org.apache.jasper.compiler.ELInterpreterFactory$DefaultELInterpreter
2753:           1       16      org.apache.catalina.connector.Request$4
2754:           1       16      sun.management.ClassLoadingImpl
2755:           1       16      com.sun.jmx.mbeanserver.MBeanAnalyzer$MethodOrder
2756:           1       16      sun.util.locale.provider.SPILocaleProviderAdapter
2757:           1       16      org.apache.catalina.valves.AbstractAccessLogValve$HostElement
2758:           1       16      com.google.common.collect.Multisets$5
2759:           1       16      com.alibaba.fastjson.serializer.StringCodec
2760:           1       16      com.alibaba.fastjson.serializer.ColorCodec
2761:           1       16      sun.nio.ch.FileChannelImpl$1
2762:           1       16      com.alibaba.fastjson.serializer.CharacterCodec
2763:           1       16      com.sun.org.apache.xerces.internal.impl.xs.XSConstraints$1
2764:           1       16      org.springframework.web.servlet.mvc.SimpleControllerHandlerAdapter
2765:           1       16      sun.reflect.generics.tree.ByteSignature
2766:           1       16      com.sun.org.apache.xerces.internal.impl.dv.xs.IntegerDV
2767:           1       16      org.eclipse.jdt.internal.compiler.env.IBinaryTypeAnnotation[]
2768:           1       16      ch.qos.logback.classic.spi.StackTraceElementProxy[]
2769:           1       16      org.eclipse.jdt.internal.compiler.lookup.AnnotationBinding[]
2770:           1       16      org.springframework.expression.spel.standard.SpelExpressionParser
2771:           1       16      sun.reflect.GeneratedMethodAccessor29
2772:           1       16      sun.reflect.GeneratedConstructorAccessor27
2773:           1       16      sun.reflect.GeneratedConstructorAccessor23
2774:           1       16      sun.security.util.ByteArrayLexOrder
2775:           1       16      com.alibaba.fastjson.parser.deserializer.DateDeserializer
2776:           1       16      sun.reflect.GeneratedConstructorAccessor30
2777:           1       16      sun.reflect.GeneratedMethodAccessor36
2778:           1       16      sun.reflect.GeneratedConstructorAccessor34
2779:           1       16      sun.reflect.GeneratedConstructorAccessor38
2780:           1       16      sun.reflect.GeneratedConstructorAccessor41
2781:           1       16      sun.reflect.GeneratedConstructorAccessor13
2782:           1       16      sun.reflect.GeneratedMethodAccessor6
2783:           1       16      sun.reflect.GeneratedMethodAccessor9
2784:           1       16      sun.reflect.GeneratedMethodAccessor12
2785:           1       16      sun.reflect.GeneratedMethodAccessor16
2786:           1       16      sun.reflect.GeneratedMethodAccessor3
2787:           1       16      java.lang.management.PlatformComponent$1
2788:           1       16      org.apache.log4j.or.RendererMap
2789:           1       16      org.apache.tomcat.util.descriptor.web.SecurityConstraint[]
2790:           1       16      org.springframework.web.SpringServletContainerInitializer
2791:           1       16      com.alibaba.druid.stat.DruidStatService
2792:           1       16      sun.reflect.GeneratedMethodAccessor19
2793:           1       16      sun.reflect.GeneratedConstructorAccessor6
2794:           1       16      sun.reflect.GeneratedMethodAccessor26
2795:           1       16      org.apache.tomcat.util.descriptor.tld.TldRuleSet
2796:           1       16      org.springframework.aop.aspectj.annotation.AbstractAspectJAdvisorFactory$AspectJAnnotati
onParameterNameDiscoverer
2797:           1       16      com.alibaba.fastjson.serializer.MapSerializer
2798:           1       16      com.alibaba.fastjson.serializer.CharArraySerializer
2799:           1       16      org.apache.catalina.valves.AbstractAccessLogValve$ByteSentElement
2800:           1       16      org.springframework.web.bind.support.DefaultSessionAttributeStore
2801:           1       16      java.lang.management.PlatformComponent$8
2802:           1       16      java.util.regex.Pattern$Node
2803:           1       16      sun.net.idn.StringPrep$StringPrepTrieImpl
2804:           1       16      sun.nio.cs.CharsetMapping$2
2805:           1       16      java.lang.ApplicationShutdownHooks$1
2806:           1       16      com.sun.org.apache.xerces.internal.impl.dv.xs.Base64BinaryDV
2807:           1       16      org.apache.catalina.connector.RequestFacade
2808:           1       16      sun.misc.ASCIICaseInsensitiveComparator
2809:           1       16      sun.text.normalizer.NormalizerBase$NFCMode
2810:           1       16      com.google.common.base.Joiner
2811:           1       16      sun.text.normalizer.NormalizerImpl$FCDTrieImpl
2812:           1       16      org.apache.tomcat.websocket.server.WsFilter
2813:           1       16      org.jsoup.parser.Token$EOF
2814:           1       16      org.springframework.aop.framework.adapter.DefaultAdvisorAdapterRegistry
2815:           1       16      org.apache.catalina.core.DefaultInstanceManager$AnnotationCacheEntry[]
2816:           1       16      java.util.logging.Handler[]
2817:           1       16      java.security.ProtectionDomain$2
2818:           1       16      com.alibaba.fastjson.parser.deserializer.CollectionDeserializer
2819:           1       16      com.alibaba.fastjson.serializer.CharsetCodec
2820:           1       16      org.eclipse.jdt.internal.compiler.lookup.ReferenceBinding$3
2821:           1       16      com.alibaba.fastjson.serializer.InetAddressCodec
2822:           1       16      com.sun.org.apache.xerces.internal.impl.dv.xs.AnySimpleDV
2823:           1       16      com.sun.org.apache.xerces.internal.impl.dv.xs.XSSimpleTypeDecl$4
2824:           1       16      org.apache.commons.httpclient.cookie.CookiePathComparator
2825:           1       16      org.apache.tomcat.websocket.server.WsSessionListener
2826:           1       16      javax.net.DefaultSocketFactory
2827:           1       16      org.apache.http.impl.DefaultConnectionReuseStrategy
2828:           1       16      org.apache.catalina.connector.Request$5
2829:           1       16      java.util.jar.JavaUtilJarAccessImpl
2830:           1       16      java.nio.file.Files$AcceptAllFilter
2831:           1       16      org.apache.catalina.valves.AbstractAccessLogValve$LogicalUserNameElement
2832:           1       16      com.sun.org.apache.xerces.internal.impl.dv.xs.ListDV
2833:           1       16      com.alibaba.fastjson.serializer.ByteArraySerializer
2834:           1       16      org.apache.catalina.startup.VersionLoggerListener
2835:           1       16      org.springframework.web.servlet.mvc.method.annotation.AsyncTaskMethodReturnValueHandler
2836:           1       16      ch.qos.logback.core.joran.spi.ConsoleTarget$1
2837:           1       16      com.alibaba.fastjson.serializer.FontCodec
2838:           1       16      com.alibaba.fastjson.serializer.IntegerCodec
2839:           1       16      org.apache.http.message.TokenParser
2840:           1       16      org.apache.jasper.runtime.JspFactoryImpl
2841:           1       16      com.sun.org.apache.xerces.internal.impl.dv.xs.YearDV
2842:           1       16      org.springframework.util.comparator.CompoundComparator
2843:           1       16      com.alibaba.fastjson.serializer.ObjectArraySerializer
2844:           1       16      com.sun.org.apache.xerces.internal.impl.dv.dtd.StringDatatypeValidator
2845:           1       16      sun.misc.Perf
2846:           1       16      sun.util.locale.provider.AuxLocaleProviderAdapter$NullProvider
2847:           1       16      com.sun.org.apache.xerces.internal.impl.xs.SubstitutionGroupHandler$OneSubGroup[]
2848:           1       16      org.springframework.web.servlet.mvc.HttpRequestHandlerAdapter
2849:           1       16      sun.nio.ch.Util$1
2850:           1       16      java.lang.management.PlatformComponent$9
2851:           1       16      java.util.regex.Pattern$4
2852:           1       16      org.apache.http.impl.conn.SystemDefaultDnsResolver
2853:           1       16      com.alibaba.fastjson.serializer.CalendarCodec
2854:           1       16      org.springframework.format.datetime.DateFormatterRegistrar$DateToLongConverter
2855:           1       16      sun.security.util.ByteArrayTagOrder
2856:           1       16      sun.net.spi.DefaultProxySelector
2857:           1       16      sun.text.normalizer.NormalizerImpl$NormTrieImpl
2858:           1       16      sun.misc.Unsafe
2859:           1       16      javax.xml.transform.SecuritySupport
2860:           1       16      org.slf4j.helpers.SubstituteLoggerFactory
2861:           1       16      sun.text.normalizer.NormalizerBase$NFKCMode
2862:           1       16      com.sun.jmx.mbeanserver.MXBeanIntrospector
2863:           1       16      com.sun.org.apache.xerces.internal.impl.dv.xs.AnyURIDV
2864:           1       16      org.springframework.http.MediaType$1
2865:           1       16      org.springframework.util.ReflectionUtils$4
2866:           1       16      org.apache.catalina.valves.AbstractAccessLogValve$1
2867:           1       16      sun.nio.fs.WindowsFileSystemProvider
2868:           1       16      org.springframework.web.method.annotation.ErrorsMethodArgumentResolver
2869:           1       16      javax.management.JMX
2870:           1       16      com.alibaba.fastjson.parser.deserializer.JavaObjectDeserializer
2871:           1       16      org.apache.catalina.mbeans.MBeanFactory
2872:           1       16      org.apache.http.impl.client.DefaultUserTokenHandler
2873:           1       16      sun.util.calendar.Gregorian
2874:           1       16      com.alibaba.druid.pool.DruidDataSourceStatLoggerImpl
2875:           1       16      javax.management.NotificationBroadcasterSupport$1
2876:           1       16      sun.reflect.ReflectionFactory
2877:           1       16      com.sun.org.apache.xerces.internal.impl.dv.xs.StringDV
2878:           1       16      com.sun.org.apache.xerces.internal.impl.dv.xs.DurationDV
2879:           1       16      org.eclipse.jdt.internal.compiler.ast.LocalDeclaration[]
2880:           1       16      org.apache.tomcat.util.descriptor.web.ApplicationParameter[]
2881:           1       16      com.alibaba.fastjson.serializer.AtomicBooleanSerializer
2882:           1       16      com.sun.org.apache.xalan.internal.utils.SecuritySupport
2883:           1       16      com.alibaba.fastjson.serializer.InetSocketAddressCodec
2884:           1       16      sun.util.CoreResourceBundleControl
2885:           1       16      com.sun.proxy.$Proxy7
2886:           1       16      org.springframework.core.io.DefaultResourceLoader
2887:           1       16      org.springframework.beans.factory.support.CglibSubclassingInstantiationStrategy
2888:           1       16      com.alibaba.druid.support.spring.stat.SpringStat
2889:           1       16      com.jinba.scheduled.DianPingWorker
2890:           1       16      org.apache.http.impl.DefaultHttpResponseFactory
2891:           1       16      org.apache.catalina.valves.AbstractAccessLogValve$UserElement
2892:           1       16      java.text.MessageFormat$Field
2893:           1       16      org.springframework.web.context.support.WebApplicationContextUtils$RequestObjectFactory
2894:           1       16      org.springframework.core.OrderComparator
2895:           1       16      java.util.logging.LoggingProxyImpl
2896:           1       16      com.alibaba.fastjson.serializer.ShortArraySerializer
2897:           1       16      org.eclipse.jdt.internal.compiler.lookup.ElementValuePair[]
2898:           1       16      org.apache.juli.OneLineFormatter$2
2899:           1       16      org.springframework.aop.aspectj.annotation.ReflectiveAspectJAdvisorFactory$1
2900:           1       16      org.apache.tomcat.util.http.parser.MediaTypeCache
Total :         27326576        -1842144720
Heap traversal took 1135.862 seconds.
PS C:\Users\Administrator>